C:[03/11/2016 10:43:38.24][172.16.4.40][1641] SELECT pre_cod_asig1,pre_cod_asig2,pre_cod_asig3,pre_cod_asig4,pre_cod_asig5,pre_cod_asig6,pre_cod_asig7 FROM tblaca009 WHERE pensum='5' AND c_uni_ca='2' AND c_asigna='300228' [1][0] OK
C:[03/11/2016 10:43:38.24][172.16.4.40][1654] SELECT c_asigna FROM dace004 WHERE exp_e='13-23638953' AND c_asigna='300101' AND status IN ('0','3','B') [1][0] OK
C:[03/11/2016 10:43:38.24][172.16.4.40][1641] SELECT pre_cod_asig1,pre_cod_asig2,pre_cod_asig3,pre_cod_asig4,pre_cod_asig5,pre_cod_asig6,pre_cod_asig7 FROM tblaca009 WHERE pensum='5' AND c_uni_ca='2' AND c_asigna='300317' [1][0] OK
C:[03/11/2016 10:43:38.24][172.16.4.40][1654] SELECT c_asigna FROM dace004 WHERE exp_e='13-23638953' AND c_asigna='300207' AND status IN ('0','3','B') [1][0] OK
C:[03/11/2016 10:43:38.24][172.16.4.40][1654] SELECT c_asigna FROM dace004 WHERE exp_e='13-23638953' AND c_asigna='300209' AND status IN ('0','3','B') [1][0] OK
C:[03/11/2016 10:43:39.87][172.16.4.40][1685] SELECT par_cod_asig1,par_cod_asig2,par_cod_asig3 FROM tblaca009 WHERE pensum='5' AND c_uni_ca='2' AND c_asigna='300228' [1][0] OK
C:[03/11/2016 10:43:39.87][172.16.4.40][1685] SELECT par_cod_asig1,par_cod_asig2,par_cod_asig3 FROM tblaca009 WHERE pensum='5' AND c_uni_ca='2' AND c_asigna='300317' [1][0] OK
C:[03/11/2016 10:43:39.14][172.16.4.40][1815] SELECT horas_lab FROM tblaca008 WHERE c_asigna='300228' AND horas_teoricas > 0 [1][0] OK
C:[03/11/2016 10:43:39.14][172.16.4.40][1815] SELECT horas_lab FROM tblaca008 WHERE c_asigna='300317' AND horas_teoricas > 0 [1][0] OK
C:[03/11/2016 10:48:17.20][172.16.4.40][1445] SELECT pre_cod_asig1,pre_cod_asig2,pre_cod_asig3,pre_cod_asig4,pre_cod_asig5,pre_cod_asig6,pre_cod_asig7 FROM tblaca009 WHERE pensum='5' AND c_uni_ca='2' AND c_asigna='300228' [1][0] OK
C:[03/11/2016 10:48:17.20][172.16.4.40][1458] SELECT c_asigna FROM dace004 WHERE exp_e='13-23638953' AND c_asigna='300101' AND status IN ('0','3','B') [1][0] OK
C:[03/11/2016 10:48:17.20][172.16.4.40][1445] SELECT pre_cod_asig1,pre_cod_asig2,pre_cod_asig3,pre_cod_asig4,pre_cod_asig5,pre_cod_asig6,pre_cod_asig7 FROM tblaca009 WHERE pensum='5' AND c_uni_ca='2' AND c_asigna='300317' [1][0] OK
C:[03/11/2016 10:48:17.20][172.16.4.40][1458] SELECT c_asigna FROM dace004 WHERE exp_e='13-23638953' AND c_asigna='300207' AND status IN ('0','3','B') [1][0] OK
C:[03/11/2016 10:48:17.20][172.16.4.40][1458] SELECT c_asigna FROM dace004 WHERE exp_e='13-23638953' AND c_asigna='300209' AND status IN ('0','3','B') [1][0] OK
C:[03/11/2016 10:48:17.83][172.16.4.40][1489] SELECT par_cod_asig1,par_cod_asig2,par_cod_asig3 FROM tblaca009 WHERE pensum='5' AND c_uni_ca='2' AND c_asigna='300228' [1][0] OK
C:[03/11/2016 10:48:17.83][172.16.4.40][1489] SELECT par_cod_asig1,par_cod_asig2,par_cod_asig3 FROM tblaca009 WHERE pensum='5' AND c_uni_ca='2' AND c_asigna='300317' [1][0] OK
C:[03/11/2016 10:48:17.10][172.16.4.40][1619] SELECT horas_lab FROM tblaca008 WHERE c_asigna='300228' AND horas_teoricas > 0 [1][0] OK
C:[03/11/2016 10:48:17.10][172.16.4.40][1619] SELECT horas_lab FROM tblaca008 WHERE c_asigna='300317' AND horas_teoricas > 0 [1][0] OK
C:[03/11/2016 10:50:07.16][172.16.4.40][1445] SELECT pre_cod_asig1,pre_cod_asig2,pre_cod_asig3,pre_cod_asig4,pre_cod_asig5,pre_cod_asig6,pre_cod_asig7 FROM tblaca009 WHERE pensum='5' AND c_uni_ca='2' AND c_asigna='300228' [1][0] OK
C:[03/11/2016 10:50:07.16][172.16.4.40][1458] SELECT c_asigna FROM dace004 WHERE exp_e='13-23638953' AND c_asigna='300101' AND status IN ('0','3','B') [1][0] OK
C:[03/11/2016 10:50:07.16][172.16.4.40][1445] SELECT pre_cod_asig1,pre_cod_asig2,pre_cod_asig3,pre_cod_asig4,pre_cod_asig5,pre_cod_asig6,pre_cod_asig7 FROM tblaca009 WHERE pensum='5' AND c_uni_ca='2' AND c_asigna='300317' [1][0] OK
C:[03/11/2016 10:50:07.16][172.16.4.40][1458] SELECT c_asigna FROM dace004 WHERE exp_e='13-23638953' AND c_asigna='300207' AND status IN ('0','3','B') [1][0] OK
C:[03/11/2016 10:50:07.16][172.16.4.40][1458] SELECT c_asigna FROM dace004 WHERE exp_e='13-23638953' AND c_asigna='300209' AND status IN ('0','3','B') [1][0] OK
C:[03/11/2016 10:50:07.79][172.16.4.40][1489] SELECT par_cod_asig1,par_cod_asig2,par_cod_asig3 FROM tblaca009 WHERE pensum='5' AND c_uni_ca='2' AND c_asigna='300228' [1][0] OK
C:[03/11/2016 10:50:07.79][172.16.4.40][1489] SELECT par_cod_asig1,par_cod_asig2,par_cod_asig3 FROM tblaca009 WHERE pensum='5' AND c_uni_ca='2' AND c_asigna='300317' [1][0] OK
C:[03/11/2016 10:50:07.05][172.16.4.40][1619] SELECT horas_lab FROM tblaca008 WHERE c_asigna='300228' AND horas_teoricas > 0 [1][0] OK
C:[03/11/2016 10:50:07.05][172.16.4.40][1619] SELECT horas_lab FROM tblaca008 WHERE c_asigna='300317' AND horas_teoricas > 0 [1][0] OK
C:[03/11/2016 10:54:54.74][172.16.4.40][1446] SELECT pre_cod_asig1,pre_cod_asig2,pre_cod_asig3,pre_cod_asig4,pre_cod_asig5,pre_cod_asig6,pre_cod_asig7 FROM tblaca009 WHERE pensum='5' AND c_uni_ca='2' AND c_asigna='300228' [1][0] OK
C:[03/11/2016 10:54:54.74][172.16.4.40][1459] SELECT c_asigna FROM dace004 WHERE exp_e='13-23638953' AND c_asigna='300101' AND status IN ('0','3','B') [1][0] OK
C:[03/11/2016 10:54:54.74][172.16.4.40][1446] SELECT pre_cod_asig1,pre_cod_asig2,pre_cod_asig3,pre_cod_asig4,pre_cod_asig5,pre_cod_asig6,pre_cod_asig7 FROM tblaca009 WHERE pensum='5' AND c_uni_ca='2' AND c_asigna='300317' [1][0] OK
C:[03/11/2016 10:54:54.74][172.16.4.40][1459] SELECT c_asigna FROM dace004 WHERE exp_e='13-23638953' AND c_asigna='300207' AND status IN ('0','3','B') [1][0] OK
C:[03/11/2016 10:54:54.74][172.16.4.40][1459] SELECT c_asigna FROM dace004 WHERE exp_e='13-23638953' AND c_asigna='300209' AND status IN ('0','3','B') [1][0] OK
C:[03/11/2016 10:54:54.37][172.16.4.40][1490] SELECT par_cod_asig1,par_cod_asig2,par_cod_asig3 FROM tblaca009 WHERE pensum='5' AND c_uni_ca='2' AND c_asigna='300228' [1][0] OK
C:[03/11/2016 10:54:54.37][172.16.4.40][1490] SELECT par_cod_asig1,par_cod_asig2,par_cod_asig3 FROM tblaca009 WHERE pensum='5' AND c_uni_ca='2' AND c_asigna='300317' [1][0] OK
C:[03/11/2016 10:54:54.64][172.16.4.40][1620] SELECT horas_lab FROM tblaca008 WHERE c_asigna='300228' AND horas_teoricas > 0 [1][0] OK
C:[03/11/2016 10:54:54.64][172.16.4.40][1620] SELECT horas_lab FROM tblaca008 WHERE c_asigna='300317' AND horas_teoricas > 0 [1][0] OK
C:[03/11/2016 11:10:34.42][172.16.4.40][1357] SELECT pre_cod_asig1,pre_cod_asig2,pre_cod_asig3,pre_cod_asig4,pre_cod_asig5,pre_cod_asig6,pre_cod_asig7 FROM tblaca009 WHERE pensum='5' AND c_uni_ca='2' AND c_asigna='300228' [1][0] OK
C:[03/11/2016 11:10:34.42][172.16.4.40][1370] SELECT c_asigna FROM dace004 WHERE exp_e='13-23638953' AND c_asigna='300101' AND status IN ('0','3','B') [1][0] OK
C:[03/11/2016 11:10:34.42][172.16.4.40][1357] SELECT pre_cod_asig1,pre_cod_asig2,pre_cod_asig3,pre_cod_asig4,pre_cod_asig5,pre_cod_asig6,pre_cod_asig7 FROM tblaca009 WHERE pensum='5' AND c_uni_ca='2' AND c_asigna='300317' [1][0] OK
C:[03/11/2016 11:10:34.42][172.16.4.40][1370] SELECT c_asigna FROM dace004 WHERE exp_e='13-23638953' AND c_asigna='300207' AND status IN ('0','3','B') [1][0] OK
C:[03/11/2016 11:10:34.42][172.16.4.40][1370] SELECT c_asigna FROM dace004 WHERE exp_e='13-23638953' AND c_asigna='300209' AND status IN ('0','3','B') [1][0] OK
C:[03/11/2016 11:10:34.61][172.16.4.40][1401] SELECT par_cod_asig1,par_cod_asig2,par_cod_asig3 FROM tblaca009 WHERE pensum='5' AND c_uni_ca='2' AND c_asigna='300228' [1][0] OK
C:[03/11/2016 11:10:34.61][172.16.4.40][1401] SELECT par_cod_asig1,par_cod_asig2,par_cod_asig3 FROM tblaca009 WHERE pensum='5' AND c_uni_ca='2' AND c_asigna='300317' [1][0] OK
C:[03/11/2016 11:10:34.89][172.16.4.40][1531] SELECT horas_lab FROM tblaca008 WHERE c_asigna='300228' AND horas_teoricas > 0 [1][0] OK
C:[03/11/2016 11:10:34.89][172.16.4.40][1531] SELECT horas_lab FROM tblaca008 WHERE c_asigna='300317' AND horas_teoricas > 0 [1][0] OK
C:[03/11/2016 11:14:10.91][172.16.4.40][1358] SELECT pre_cod_asig1,pre_cod_asig2,pre_cod_asig3,pre_cod_asig4,pre_cod_asig5,pre_cod_asig6,pre_cod_asig7 FROM tblaca009 WHERE pensum='5' AND c_uni_ca='2' AND c_asigna='300228' [1][0] OK
C:[03/11/2016 11:14:10.91][172.16.4.40][1371] SELECT c_asigna FROM dace004 WHERE exp_e='13-23638953' AND c_asigna='300101' AND status IN ('0','3','B') [1][0] OK
C:[03/11/2016 11:14:10.91][172.16.4.40][1358] SELECT pre_cod_asig1,pre_cod_asig2,pre_cod_asig3,pre_cod_asig4,pre_cod_asig5,pre_cod_asig6,pre_cod_asig7 FROM tblaca009 WHERE pensum='5' AND c_uni_ca='2' AND c_asigna='300317' [1][0] OK
C:[03/11/2016 11:14:10.91][172.16.4.40][1371] SELECT c_asigna FROM dace004 WHERE exp_e='13-23638953' AND c_asigna='300207' AND status IN ('0','3','B') [1][0] OK
C:[03/11/2016 11:14:10.91][172.16.4.40][1371] SELECT c_asigna FROM dace004 WHERE exp_e='13-23638953' AND c_asigna='300209' AND status IN ('0','3','B') [1][0] OK
C:[03/11/2016 11:14:10.53][172.16.4.40][1402] SELECT par_cod_asig1,par_cod_asig2,par_cod_asig3 FROM tblaca009 WHERE pensum='5' AND c_uni_ca='2' AND c_asigna='300228' [1][0] OK
C:[03/11/2016 11:14:10.53][172.16.4.40][1402] SELECT par_cod_asig1,par_cod_asig2,par_cod_asig3 FROM tblaca009 WHERE pensum='5' AND c_uni_ca='2' AND c_asigna='300317' [1][0] OK
C:[03/11/2016 11:14:10.81][172.16.4.40][1532] SELECT horas_lab FROM tblaca008 WHERE c_asigna='300228' AND horas_teoricas > 0 [1][0] OK
C:[03/11/2016 11:14:10.81][172.16.4.40][1532] SELECT horas_lab FROM tblaca008 WHERE c_asigna='300317' AND horas_teoricas > 0 [1][0] OK
C:[03/11/2016 11:17:02.92][172.16.4.40][1357] SELECT pre_cod_asig1,pre_cod_asig2,pre_cod_asig3,pre_cod_asig4,pre_cod_asig5,pre_cod_asig6,pre_cod_asig7 FROM tblaca009 WHERE pensum='5' AND c_uni_ca='2' AND c_asigna='300228' [1][0] OK
C:[03/11/2016 11:17:02.92][172.16.4.40][1370] SELECT c_asigna FROM dace004 WHERE exp_e='13-23638953' AND c_asigna='300101' AND status IN ('0','3','B') [1][0] OK
C:[03/11/2016 11:17:02.92][172.16.4.40][1357] SELECT pre_cod_asig1,pre_cod_asig2,pre_cod_asig3,pre_cod_asig4,pre_cod_asig5,pre_cod_asig6,pre_cod_asig7 FROM tblaca009 WHERE pensum='5' AND c_uni_ca='2' AND c_asigna='300317' [1][0] OK
C:[03/11/2016 11:17:02.92][172.16.4.40][1370] SELECT c_asigna FROM dace004 WHERE exp_e='13-23638953' AND c_asigna='300207' AND status IN ('0','3','B') [1][0] OK
C:[03/11/2016 11:17:02.92][172.16.4.40][1370] SELECT c_asigna FROM dace004 WHERE exp_e='13-23638953' AND c_asigna='300209' AND status IN ('0','3','B') [1][0] OK
C:[03/11/2016 11:17:02.54][172.16.4.40][1401] SELECT par_cod_asig1,par_cod_asig2,par_cod_asig3 FROM tblaca009 WHERE pensum='5' AND c_uni_ca='2' AND c_asigna='300228' [1][0] OK
C:[03/11/2016 11:17:02.54][172.16.4.40][1401] SELECT par_cod_asig1,par_cod_asig2,par_cod_asig3 FROM tblaca009 WHERE pensum='5' AND c_uni_ca='2' AND c_asigna='300317' [1][0] OK
C:[03/11/2016 11:17:02.81][172.16.4.40][1531] SELECT horas_lab FROM tblaca008 WHERE c_asigna='300228' AND horas_teoricas > 0 [1][0] OK
C:[03/11/2016 11:17:02.81][172.16.4.40][1531] SELECT horas_lab FROM tblaca008 WHERE c_asigna='300317' AND horas_teoricas > 0 [1][0] OK
C:[03/11/2016 11:35:42.08][172.16.4.40][1363] SELECT pre_cod_asig1,pre_cod_asig2,pre_cod_asig3,pre_cod_asig4,pre_cod_asig5,pre_cod_asig6,pre_cod_asig7 FROM tblaca009 WHERE pensum='5' AND c_uni_ca='2' AND c_asigna='300228' [1][0] OK
C:[03/11/2016 11:35:42.08][172.16.4.40][1376] SELECT c_asigna FROM dace004 WHERE exp_e='13-23638953' AND c_asigna='300101' AND status IN ('0','3','B') [1][0] OK
C:[03/11/2016 11:35:42.08][172.16.4.40][1363] SELECT pre_cod_asig1,pre_cod_asig2,pre_cod_asig3,pre_cod_asig4,pre_cod_asig5,pre_cod_asig6,pre_cod_asig7 FROM tblaca009 WHERE pensum='5' AND c_uni_ca='2' AND c_asigna='300317' [1][0] OK
C:[03/11/2016 11:35:42.08][172.16.4.40][1376] SELECT c_asigna FROM dace004 WHERE exp_e='13-23638953' AND c_asigna='300207' AND status IN ('0','3','B') [1][0] OK
C:[03/11/2016 11:35:42.08][172.16.4.40][1376] SELECT c_asigna FROM dace004 WHERE exp_e='13-23638953' AND c_asigna='300209' AND status IN ('0','3','B') [1][0] OK
C:[03/11/2016 11:35:42.70][172.16.4.40][1407] SELECT par_cod_asig1,par_cod_asig2,par_cod_asig3 FROM tblaca009 WHERE pensum='5' AND c_uni_ca='2' AND c_asigna='300228' [1][0] OK
C:[03/11/2016 11:35:42.70][172.16.4.40][1407] SELECT par_cod_asig1,par_cod_asig2,par_cod_asig3 FROM tblaca009 WHERE pensum='5' AND c_uni_ca='2' AND c_asigna='300317' [1][0] OK
C:[03/11/2016 11:35:42.99][172.16.4.40][1537] SELECT horas_lab FROM tblaca008 WHERE c_asigna='300228' AND horas_teoricas > 0 [1][0] OK
C:[03/11/2016 11:35:42.99][172.16.4.40][1537] SELECT horas_lab FROM tblaca008 WHERE c_asigna='300317' AND horas_teoricas > 0 [1][0] OK
C:[03/11/2016 11:36:05.76][172.16.4.40][1363] SELECT pre_cod_asig1,pre_cod_asig2,pre_cod_asig3,pre_cod_asig4,pre_cod_asig5,pre_cod_asig6,pre_cod_asig7 FROM tblaca009 WHERE pensum='5' AND c_uni_ca='2' AND c_asigna='300228' [1][0] OK
C:[03/11/2016 11:36:05.76][172.16.4.40][1376] SELECT c_asigna FROM dace004 WHERE exp_e='13-23638953' AND c_asigna='300101' AND status IN ('0','3','B') [1][0] OK
C:[03/11/2016 11:36:05.76][172.16.4.40][1363] SELECT pre_cod_asig1,pre_cod_asig2,pre_cod_asig3,pre_cod_asig4,pre_cod_asig5,pre_cod_asig6,pre_cod_asig7 FROM tblaca009 WHERE pensum='5' AND c_uni_ca='2' AND c_asigna='300317' [1][0] OK
C:[03/11/2016 11:36:05.76][172.16.4.40][1376] SELECT c_asigna FROM dace004 WHERE exp_e='13-23638953' AND c_asigna='300207' AND status IN ('0','3','B') [1][0] OK
C:[03/11/2016 11:36:05.76][172.16.4.40][1376] SELECT c_asigna FROM dace004 WHERE exp_e='13-23638953' AND c_asigna='300209' AND status IN ('0','3','B') [1][0] OK
C:[03/11/2016 11:36:05.38][172.16.4.40][1407] SELECT par_cod_asig1,par_cod_asig2,par_cod_asig3 FROM tblaca009 WHERE pensum='5' AND c_uni_ca='2' AND c_asigna='300228' [1][0] OK
C:[03/11/2016 11:36:05.38][172.16.4.40][1407] SELECT par_cod_asig1,par_cod_asig2,par_cod_asig3 FROM tblaca009 WHERE pensum='5' AND c_uni_ca='2' AND c_asigna='300317' [1][0] OK
C:[03/11/2016 11:36:05.64][172.16.4.40][1537] SELECT horas_lab FROM tblaca008 WHERE c_asigna='300228' AND horas_teoricas > 0 [1][0] OK
C:[03/11/2016 11:36:05.64][172.16.4.40][1537] SELECT horas_lab FROM tblaca008 WHERE c_asigna='300317' AND horas_teoricas > 0 [1][0] OK
C:[03/11/2016 11:36:51.75][172.16.4.40][1365] SELECT pre_cod_asig1,pre_cod_asig2,pre_cod_asig3,pre_cod_asig4,pre_cod_asig5,pre_cod_asig6,pre_cod_asig7 FROM tblaca009 WHERE pensum='5' AND c_uni_ca='2' AND c_asigna='300228' [1][0] OK
C:[03/11/2016 11:36:51.75][172.16.4.40][1378] SELECT c_asigna FROM dace004 WHERE exp_e='13-23638953' AND c_asigna='300101' AND status IN ('0','3','B') [1][0] OK
C:[03/11/2016 11:36:51.75][172.16.4.40][1365] SELECT pre_cod_asig1,pre_cod_asig2,pre_cod_asig3,pre_cod_asig4,pre_cod_asig5,pre_cod_asig6,pre_cod_asig7 FROM tblaca009 WHERE pensum='5' AND c_uni_ca='2' AND c_asigna='300317' [1][0] OK
C:[03/11/2016 11:36:51.75][172.16.4.40][1378] SELECT c_asigna FROM dace004 WHERE exp_e='13-23638953' AND c_asigna='300207' AND status IN ('0','3','B') [1][0] OK
C:[03/11/2016 11:36:51.75][172.16.4.40][1378] SELECT c_asigna FROM dace004 WHERE exp_e='13-23638953' AND c_asigna='300209' AND status IN ('0','3','B') [1][0] OK
C:[03/11/2016 11:36:52.44][172.16.4.40][1409] SELECT par_cod_asig1,par_cod_asig2,par_cod_asig3 FROM tblaca009 WHERE pensum='5' AND c_uni_ca='2' AND c_asigna='300228' [1][0] OK
C:[03/11/2016 11:36:52.44][172.16.4.40][1409] SELECT par_cod_asig1,par_cod_asig2,par_cod_asig3 FROM tblaca009 WHERE pensum='5' AND c_uni_ca='2' AND c_asigna='300317' [1][0] OK
C:[03/11/2016 11:36:52.26][172.16.4.40][1539] SELECT horas_lab FROM tblaca008 WHERE c_asigna='300228' AND horas_teoricas > 0 [1][0] OK
C:[03/11/2016 11:36:52.26][172.16.4.40][1539] SELECT horas_lab FROM tblaca008 WHERE c_asigna='300317' AND horas_teoricas > 0 [1][0] OK
C:[03/11/2016 11:38:31.39][172.16.4.40][1365] SELECT pre_cod_asig1,pre_cod_asig2,pre_cod_asig3,pre_cod_asig4,pre_cod_asig5,pre_cod_asig6,pre_cod_asig7 FROM tblaca009 WHERE pensum='5' AND c_uni_ca='2' AND c_asigna='300228' [1][0] OK
C:[03/11/2016 11:38:31.39][172.16.4.40][1378] SELECT c_asigna FROM dace004 WHERE exp_e='13-23638953' AND c_asigna='300101' AND status IN ('0','3','B') [1][0] OK
C:[03/11/2016 11:38:31.39][172.16.4.40][1365] SELECT pre_cod_asig1,pre_cod_asig2,pre_cod_asig3,pre_cod_asig4,pre_cod_asig5,pre_cod_asig6,pre_cod_asig7 FROM tblaca009 WHERE pensum='5' AND c_uni_ca='2' AND c_asigna='300317' [1][0] OK
C:[03/11/2016 11:38:31.39][172.16.4.40][1378] SELECT c_asigna FROM dace004 WHERE exp_e='13-23638953' AND c_asigna='300207' AND status IN ('0','3','B') [1][0] OK
C:[03/11/2016 11:38:31.39][172.16.4.40][1378] SELECT c_asigna FROM dace004 WHERE exp_e='13-23638953' AND c_asigna='300209' AND status IN ('0','3','B') [1][0] OK
C:[03/11/2016 11:38:31.01][172.16.4.40][1409] SELECT par_cod_asig1,par_cod_asig2,par_cod_asig3 FROM tblaca009 WHERE pensum='5' AND c_uni_ca='2' AND c_asigna='300228' [1][0] OK
C:[03/11/2016 11:38:31.01][172.16.4.40][1409] SELECT par_cod_asig1,par_cod_asig2,par_cod_asig3 FROM tblaca009 WHERE pensum='5' AND c_uni_ca='2' AND c_asigna='300317' [1][0] OK
C:[03/11/2016 11:38:31.27][172.16.4.40][1539] SELECT horas_lab FROM tblaca008 WHERE c_asigna='300228' AND horas_teoricas > 0 [1][0] OK
C:[03/11/2016 11:38:31.27][172.16.4.40][1539] SELECT horas_lab FROM tblaca008 WHERE c_asigna='300317' AND horas_teoricas > 0 [1][0] OK
C:[03/11/2016 11:38:56.55][172.16.4.40][1365] SELECT pre_cod_asig1,pre_cod_asig2,pre_cod_asig3,pre_cod_asig4,pre_cod_asig5,pre_cod_asig6,pre_cod_asig7 FROM tblaca009 WHERE pensum='5' AND c_uni_ca='2' AND c_asigna='300228' [1][0] OK
C:[03/11/2016 11:38:56.55][172.16.4.40][1378] SELECT c_asigna FROM dace004 WHERE exp_e='13-23638953' AND c_asigna='300101' AND status IN ('0','3','B') [1][0] OK
C:[03/11/2016 11:38:56.55][172.16.4.40][1365] SELECT pre_cod_asig1,pre_cod_asig2,pre_cod_asig3,pre_cod_asig4,pre_cod_asig5,pre_cod_asig6,pre_cod_asig7 FROM tblaca009 WHERE pensum='5' AND c_uni_ca='2' AND c_asigna='300317' [1][0] OK
C:[03/11/2016 11:38:56.55][172.16.4.40][1378] SELECT c_asigna FROM dace004 WHERE exp_e='13-23638953' AND c_asigna='300207' AND status IN ('0','3','B') [1][0] OK
C:[03/11/2016 11:38:56.55][172.16.4.40][1378] SELECT c_asigna FROM dace004 WHERE exp_e='13-23638953' AND c_asigna='300209' AND status IN ('0','3','B') [1][0] OK
C:[03/11/2016 11:38:56.16][172.16.4.40][1409] SELECT par_cod_asig1,par_cod_asig2,par_cod_asig3 FROM tblaca009 WHERE pensum='5' AND c_uni_ca='2' AND c_asigna='300228' [1][0] OK
C:[03/11/2016 11:38:56.16][172.16.4.40][1409] SELECT par_cod_asig1,par_cod_asig2,par_cod_asig3 FROM tblaca009 WHERE pensum='5' AND c_uni_ca='2' AND c_asigna='300317' [1][0] OK
C:[03/11/2016 11:38:56.44][172.16.4.40][1539] SELECT horas_lab FROM tblaca008 WHERE c_asigna='300228' AND horas_teoricas > 0 [1][0] OK
C:[03/11/2016 11:38:56.44][172.16.4.40][1539] SELECT horas_lab FROM tblaca008 WHERE c_asigna='300317' AND horas_teoricas > 0 [1][0] OK
C:[03/11/2016 11:40:21.83][172.16.4.40][1365] SELECT pre_cod_asig1,pre_cod_asig2,pre_cod_asig3,pre_cod_asig4,pre_cod_asig5,pre_cod_asig6,pre_cod_asig7 FROM tblaca009 WHERE pensum='5' AND c_uni_ca='2' AND c_asigna='300228' [1][0] OK
C:[03/11/2016 11:40:21.83][172.16.4.40][1378] SELECT c_asigna FROM dace004 WHERE exp_e='13-23638953' AND c_asigna='300101' AND status IN ('0','3','B') [1][0] OK
C:[03/11/2016 11:40:21.83][172.16.4.40][1365] SELECT pre_cod_asig1,pre_cod_asig2,pre_cod_asig3,pre_cod_asig4,pre_cod_asig5,pre_cod_asig6,pre_cod_asig7 FROM tblaca009 WHERE pensum='5' AND c_uni_ca='2' AND c_asigna='300317' [1][0] OK
C:[03/11/2016 11:40:21.83][172.16.4.40][1378] SELECT c_asigna FROM dace004 WHERE exp_e='13-23638953' AND c_asigna='300207' AND status IN ('0','3','B') [1][0] OK
C:[03/11/2016 11:40:21.83][172.16.4.40][1378] SELECT c_asigna FROM dace004 WHERE exp_e='13-23638953' AND c_asigna='300209' AND status IN ('0','3','B') [1][0] OK
C:[03/11/2016 11:40:22.46][172.16.4.40][1409] SELECT par_cod_asig1,par_cod_asig2,par_cod_asig3 FROM tblaca009 WHERE pensum='5' AND c_uni_ca='2' AND c_asigna='300228' [1][0] OK
C:[03/11/2016 11:40:22.46][172.16.4.40][1409] SELECT par_cod_asig1,par_cod_asig2,par_cod_asig3 FROM tblaca009 WHERE pensum='5' AND c_uni_ca='2' AND c_asigna='300317' [1][0] OK
C:[03/11/2016 11:40:22.73][172.16.4.40][1539] SELECT horas_lab FROM tblaca008 WHERE c_asigna='300228' AND horas_teoricas > 0 [1][0] OK
C:[03/11/2016 11:40:22.73][172.16.4.40][1539] SELECT horas_lab FROM tblaca008 WHERE c_asigna='300317' AND horas_teoricas > 0 [1][0] OK
C:[03/11/2016 11:44:31.91][172.16.4.40][1365] SELECT pre_cod_asig1,pre_cod_asig2,pre_cod_asig3,pre_cod_asig4,pre_cod_asig5,pre_cod_asig6,pre_cod_asig7 FROM tblaca009 WHERE pensum='5' AND c_uni_ca='4' AND c_asigna='300112' [1][0] OK
C:[03/11/2016 11:44:31.91][172.16.4.40][1365] SELECT pre_cod_asig1,pre_cod_asig2,pre_cod_asig3,pre_cod_asig4,pre_cod_asig5,pre_cod_asig6,pre_cod_asig7 FROM tblaca009 WHERE pensum='5' AND c_uni_ca='4' AND c_asigna='300113' [1][0] OK
C:[03/11/2016 11:44:31.91][172.16.4.40][1365] SELECT pre_cod_asig1,pre_cod_asig2,pre_cod_asig3,pre_cod_asig4,pre_cod_asig5,pre_cod_asig6,pre_cod_asig7 FROM tblaca009 WHERE pensum='5' AND c_uni_ca='4' AND c_asigna='300116' [1][0] OK
C:[03/11/2016 11:44:31.91][172.16.4.40][1365] SELECT pre_cod_asig1,pre_cod_asig2,pre_cod_asig3,pre_cod_asig4,pre_cod_asig5,pre_cod_asig6,pre_cod_asig7 FROM tblaca009 WHERE pensum='5' AND c_uni_ca='4' AND c_asigna='300207' [1][0] OK
C:[03/11/2016 11:44:31.91][172.16.4.40][1378] SELECT c_asigna FROM dace004 WHERE exp_e='15-26060397' AND c_asigna='300101' AND status IN ('0','3','B') [1][0] OK
C:[03/11/2016 11:44:31.91][172.16.4.40][1365] SELECT pre_cod_asig1,pre_cod_asig2,pre_cod_asig3,pre_cod_asig4,pre_cod_asig5,pre_cod_asig6,pre_cod_asig7 FROM tblaca009 WHERE pensum='5' AND c_uni_ca='4' AND c_asigna='300209' [1][0] OK
C:[03/11/2016 11:44:31.91][172.16.4.40][1378] SELECT c_asigna FROM dace004 WHERE exp_e='15-26060397' AND c_asigna='300101' AND status IN ('0','3','B') [1][0] OK
C:[03/11/2016 11:44:31.78][172.16.4.40][1409] SELECT par_cod_asig1,par_cod_asig2,par_cod_asig3 FROM tblaca009 WHERE pensum='5' AND c_uni_ca='4' AND c_asigna='300112' [1][0] OK
C:[03/11/2016 11:44:31.78][172.16.4.40][1409] SELECT par_cod_asig1,par_cod_asig2,par_cod_asig3 FROM tblaca009 WHERE pensum='5' AND c_uni_ca='4' AND c_asigna='300113' [1][0] OK
C:[03/11/2016 11:44:31.78][172.16.4.40][1423] SELECT c_asigna FROM dace004 WHERE exp_e='15-26060397' AND c_asigna='300013' AND status IN ('0','3','B','C') [1][0] OK
C:[03/11/2016 11:44:31.78][172.16.4.40][1409] SELECT par_cod_asig1,par_cod_asig2,par_cod_asig3 FROM tblaca009 WHERE pensum='5' AND c_uni_ca='4' AND c_asigna='300116' [1][0] OK
C:[03/11/2016 11:44:31.78][172.16.4.40][1409] SELECT par_cod_asig1,par_cod_asig2,par_cod_asig3 FROM tblaca009 WHERE pensum='5' AND c_uni_ca='4' AND c_asigna='300207' [1][0] OK
C:[03/11/2016 11:44:31.78][172.16.4.40][1409] SELECT par_cod_asig1,par_cod_asig2,par_cod_asig3 FROM tblaca009 WHERE pensum='5' AND c_uni_ca='4' AND c_asigna='300209' [1][0] OK
C:[03/11/2016 11:44:31.55][172.16.4.40][1539] SELECT horas_lab FROM tblaca008 WHERE c_asigna='300112' AND horas_teoricas > 0 [1][0] OK
C:[03/11/2016 11:44:31.55][172.16.4.40][1539] SELECT horas_lab FROM tblaca008 WHERE c_asigna='300113' AND horas_teoricas > 0 [0][0] OK
C:[03/11/2016 11:44:31.55][172.16.4.40][1539] SELECT horas_lab FROM tblaca008 WHERE c_asigna='300116' AND horas_teoricas > 0 [1][0] OK
C:[03/11/2016 11:44:31.55][172.16.4.40][1539] SELECT horas_lab FROM tblaca008 WHERE c_asigna='300207' AND horas_teoricas > 0 [1][0] OK
C:[03/11/2016 11:44:31.55][172.16.4.40][1539] SELECT horas_lab FROM tblaca008 WHERE c_asigna='300209' AND horas_teoricas > 0 [1][0] OK
C:[03/11/2016 11:47:14.43][172.16.4.40][1365] SELECT pre_cod_asig1,pre_cod_asig2,pre_cod_asig3,pre_cod_asig4,pre_cod_asig5,pre_cod_asig6,pre_cod_asig7 FROM tblaca009 WHERE pensum='5' AND c_uni_ca='4' AND c_asigna='300112' [1][0] OK
C:[03/11/2016 11:47:14.43][172.16.4.40][1365] SELECT pre_cod_asig1,pre_cod_asig2,pre_cod_asig3,pre_cod_asig4,pre_cod_asig5,pre_cod_asig6,pre_cod_asig7 FROM tblaca009 WHERE pensum='5' AND c_uni_ca='4' AND c_asigna='300113' [1][0] OK
C:[03/11/2016 11:47:14.43][172.16.4.40][1365] SELECT pre_cod_asig1,pre_cod_asig2,pre_cod_asig3,pre_cod_asig4,pre_cod_asig5,pre_cod_asig6,pre_cod_asig7 FROM tblaca009 WHERE pensum='5' AND c_uni_ca='4' AND c_asigna='300116' [1][0] OK
C:[03/11/2016 11:47:14.43][172.16.4.40][1365] SELECT pre_cod_asig1,pre_cod_asig2,pre_cod_asig3,pre_cod_asig4,pre_cod_asig5,pre_cod_asig6,pre_cod_asig7 FROM tblaca009 WHERE pensum='5' AND c_uni_ca='4' AND c_asigna='300207' [1][0] OK
C:[03/11/2016 11:47:14.43][172.16.4.40][1378] SELECT c_asigna FROM dace004 WHERE exp_e='15-26060397' AND c_asigna='300101' AND status IN ('0','3','B') [1][0] OK
C:[03/11/2016 11:47:14.43][172.16.4.40][1365] SELECT pre_cod_asig1,pre_cod_asig2,pre_cod_asig3,pre_cod_asig4,pre_cod_asig5,pre_cod_asig6,pre_cod_asig7 FROM tblaca009 WHERE pensum='5' AND c_uni_ca='4' AND c_asigna='300209' [1][0] OK
C:[03/11/2016 11:47:14.43][172.16.4.40][1378] SELECT c_asigna FROM dace004 WHERE exp_e='15-26060397' AND c_asigna='300101' AND status IN ('0','3','B') [1][0] OK
C:[03/11/2016 11:47:14.30][172.16.4.40][1409] SELECT par_cod_asig1,par_cod_asig2,par_cod_asig3 FROM tblaca009 WHERE pensum='5' AND c_uni_ca='4' AND c_asigna='300112' [1][0] OK
C:[03/11/2016 11:47:14.30][172.16.4.40][1409] SELECT par_cod_asig1,par_cod_asig2,par_cod_asig3 FROM tblaca009 WHERE pensum='5' AND c_uni_ca='4' AND c_asigna='300113' [1][0] OK
C:[03/11/2016 11:47:14.30][172.16.4.40][1423] SELECT c_asigna FROM dace004 WHERE exp_e='15-26060397' AND c_asigna='300013' AND status IN ('0','3','B','C') [1][0] OK
C:[03/11/2016 11:47:14.30][172.16.4.40][1409] SELECT par_cod_asig1,par_cod_asig2,par_cod_asig3 FROM tblaca009 WHERE pensum='5' AND c_uni_ca='4' AND c_asigna='300116' [1][0] OK
C:[03/11/2016 11:47:14.30][172.16.4.40][1409] SELECT par_cod_asig1,par_cod_asig2,par_cod_asig3 FROM tblaca009 WHERE pensum='5' AND c_uni_ca='4' AND c_asigna='300207' [1][0] OK
C:[03/11/2016 11:47:14.30][172.16.4.40][1409] SELECT par_cod_asig1,par_cod_asig2,par_cod_asig3 FROM tblaca009 WHERE pensum='5' AND c_uni_ca='4' AND c_asigna='300209' [1][0] OK
C:[03/11/2016 11:47:14.08][172.16.4.40][1539] SELECT horas_lab FROM tblaca008 WHERE c_asigna='300112' AND horas_teoricas > 0 [1][0] OK
C:[03/11/2016 11:47:14.08][172.16.4.40][1539] SELECT horas_lab FROM tblaca008 WHERE c_asigna='300113' AND horas_teoricas > 0 [0][0] OK
C:[03/11/2016 11:47:14.08][172.16.4.40][1539] SELECT horas_lab FROM tblaca008 WHERE c_asigna='300116' AND horas_teoricas > 0 [1][0] OK
C:[03/11/2016 11:47:14.08][172.16.4.40][1539] SELECT horas_lab FROM tblaca008 WHERE c_asigna='300207' AND horas_teoricas > 0 [1][0] OK
C:[03/11/2016 11:47:14.08][172.16.4.40][1539] SELECT horas_lab FROM tblaca008 WHERE c_asigna='300209' AND horas_teoricas > 0 [1][0] OK
C:[03/11/2016 11:51:17.66][172.16.4.40][1373] SELECT pre_cod_asig1,pre_cod_asig2,pre_cod_asig3,pre_cod_asig4,pre_cod_asig5,pre_cod_asig6,pre_cod_asig7 FROM tblaca009 WHERE pensum='5' AND c_uni_ca='4' AND c_asigna='300112' [1][0] OK
C:[03/11/2016 11:51:17.66][172.16.4.40][1373] SELECT pre_cod_asig1,pre_cod_asig2,pre_cod_asig3,pre_cod_asig4,pre_cod_asig5,pre_cod_asig6,pre_cod_asig7 FROM tblaca009 WHERE pensum='5' AND c_uni_ca='4' AND c_asigna='300113' [1][0] OK
C:[03/11/2016 11:51:17.66][172.16.4.40][1373] SELECT pre_cod_asig1,pre_cod_asig2,pre_cod_asig3,pre_cod_asig4,pre_cod_asig5,pre_cod_asig6,pre_cod_asig7 FROM tblaca009 WHERE pensum='5' AND c_uni_ca='4' AND c_asigna='300116' [1][0] OK
C:[03/11/2016 11:51:17.66][172.16.4.40][1373] SELECT pre_cod_asig1,pre_cod_asig2,pre_cod_asig3,pre_cod_asig4,pre_cod_asig5,pre_cod_asig6,pre_cod_asig7 FROM tblaca009 WHERE pensum='5' AND c_uni_ca='4' AND c_asigna='300207' [1][0] OK
C:[03/11/2016 11:51:17.66][172.16.4.40][1386] SELECT c_asigna FROM dace004 WHERE exp_e='15-26060397' AND c_asigna='300101' AND status IN ('0','3','B') [1][0] OK
C:[03/11/2016 11:51:17.66][172.16.4.40][1373] SELECT pre_cod_asig1,pre_cod_asig2,pre_cod_asig3,pre_cod_asig4,pre_cod_asig5,pre_cod_asig6,pre_cod_asig7 FROM tblaca009 WHERE pensum='5' AND c_uni_ca='4' AND c_asigna='300209' [1][0] OK
C:[03/11/2016 11:51:17.66][172.16.4.40][1386] SELECT c_asigna FROM dace004 WHERE exp_e='15-26060397' AND c_asigna='300101' AND status IN ('0','3','B') [1][0] OK
C:[03/11/2016 11:51:18.53][172.16.4.40][1417] SELECT par_cod_asig1,par_cod_asig2,par_cod_asig3 FROM tblaca009 WHERE pensum='5' AND c_uni_ca='4' AND c_asigna='300112' [1][0] OK
C:[03/11/2016 11:51:18.53][172.16.4.40][1417] SELECT par_cod_asig1,par_cod_asig2,par_cod_asig3 FROM tblaca009 WHERE pensum='5' AND c_uni_ca='4' AND c_asigna='300113' [1][0] OK
C:[03/11/2016 11:51:18.53][172.16.4.40][1431] SELECT c_asigna FROM dace004 WHERE exp_e='15-26060397' AND c_asigna='300013' AND status IN ('0','3','B','C') [1][0] OK
C:[03/11/2016 11:51:18.53][172.16.4.40][1417] SELECT par_cod_asig1,par_cod_asig2,par_cod_asig3 FROM tblaca009 WHERE pensum='5' AND c_uni_ca='4' AND c_asigna='300116' [1][0] OK
C:[03/11/2016 11:51:18.53][172.16.4.40][1417] SELECT par_cod_asig1,par_cod_asig2,par_cod_asig3 FROM tblaca009 WHERE pensum='5' AND c_uni_ca='4' AND c_asigna='300207' [1][0] OK
C:[03/11/2016 11:51:18.53][172.16.4.40][1417] SELECT par_cod_asig1,par_cod_asig2,par_cod_asig3 FROM tblaca009 WHERE pensum='5' AND c_uni_ca='4' AND c_asigna='300209' [1][0] OK
C:[03/11/2016 11:51:18.31][172.16.4.40][1547] SELECT horas_lab FROM tblaca008 WHERE c_asigna='300112' AND horas_teoricas > 0 [1][0] OK
C:[03/11/2016 11:51:18.31][172.16.4.40][1547] SELECT horas_lab FROM tblaca008 WHERE c_asigna='300113' AND horas_teoricas > 0 [0][0] OK
C:[03/11/2016 11:51:18.31][172.16.4.40][1547] SELECT horas_lab FROM tblaca008 WHERE c_asigna='300116' AND horas_teoricas > 0 [1][0] OK
C:[03/11/2016 11:51:18.31][172.16.4.40][1547] SELECT horas_lab FROM tblaca008 WHERE c_asigna='300207' AND horas_teoricas > 0 [1][0] OK
C:[03/11/2016 11:51:18.31][172.16.4.40][1547] SELECT horas_lab FROM tblaca008 WHERE c_asigna='300209' AND horas_teoricas > 0 [1][0] OK
C:[03/11/2016 11:51:53.99][172.16.4.40][1373] SELECT pre_cod_asig1,pre_cod_asig2,pre_cod_asig3,pre_cod_asig4,pre_cod_asig5,pre_cod_asig6,pre_cod_asig7 FROM tblaca009 WHERE pensum='5' AND c_uni_ca='4' AND c_asigna='300112' [1][0] OK
C:[03/11/2016 11:51:53.99][172.16.4.40][1373] SELECT pre_cod_asig1,pre_cod_asig2,pre_cod_asig3,pre_cod_asig4,pre_cod_asig5,pre_cod_asig6,pre_cod_asig7 FROM tblaca009 WHERE pensum='5' AND c_uni_ca='4' AND c_asigna='300113' [1][0] OK
C:[03/11/2016 11:51:53.99][172.16.4.40][1373] SELECT pre_cod_asig1,pre_cod_asig2,pre_cod_asig3,pre_cod_asig4,pre_cod_asig5,pre_cod_asig6,pre_cod_asig7 FROM tblaca009 WHERE pensum='5' AND c_uni_ca='4' AND c_asigna='300116' [1][0] OK
C:[03/11/2016 11:51:53.99][172.16.4.40][1373] SELECT pre_cod_asig1,pre_cod_asig2,pre_cod_asig3,pre_cod_asig4,pre_cod_asig5,pre_cod_asig6,pre_cod_asig7 FROM tblaca009 WHERE pensum='5' AND c_uni_ca='4' AND c_asigna='300207' [1][0] OK
C:[03/11/2016 11:51:53.99][172.16.4.40][1386] SELECT c_asigna FROM dace004 WHERE exp_e='15-26060397' AND c_asigna='300101' AND status IN ('0','3','B') [1][0] OK
C:[03/11/2016 11:51:53.99][172.16.4.40][1373] SELECT pre_cod_asig1,pre_cod_asig2,pre_cod_asig3,pre_cod_asig4,pre_cod_asig5,pre_cod_asig6,pre_cod_asig7 FROM tblaca009 WHERE pensum='5' AND c_uni_ca='4' AND c_asigna='300209' [1][0] OK
C:[03/11/2016 11:51:53.99][172.16.4.40][1386] SELECT c_asigna FROM dace004 WHERE exp_e='15-26060397' AND c_asigna='300101' AND status IN ('0','3','B') [1][0] OK
C:[03/11/2016 11:51:53.86][172.16.4.40][1417] SELECT par_cod_asig1,par_cod_asig2,par_cod_asig3 FROM tblaca009 WHERE pensum='5' AND c_uni_ca='4' AND c_asigna='300112' [1][0] OK
C:[03/11/2016 11:51:53.86][172.16.4.40][1417] SELECT par_cod_asig1,par_cod_asig2,par_cod_asig3 FROM tblaca009 WHERE pensum='5' AND c_uni_ca='4' AND c_asigna='300113' [1][0] OK
C:[03/11/2016 11:51:53.86][172.16.4.40][1431] SELECT c_asigna FROM dace004 WHERE exp_e='15-26060397' AND c_asigna='300013' AND status IN ('0','3','B','C') [1][0] OK
C:[03/11/2016 11:51:53.86][172.16.4.40][1417] SELECT par_cod_asig1,par_cod_asig2,par_cod_asig3 FROM tblaca009 WHERE pensum='5' AND c_uni_ca='4' AND c_asigna='300116' [1][0] OK
C:[03/11/2016 11:51:53.86][172.16.4.40][1417] SELECT par_cod_asig1,par_cod_asig2,par_cod_asig3 FROM tblaca009 WHERE pensum='5' AND c_uni_ca='4' AND c_asigna='300207' [1][0] OK
C:[03/11/2016 11:51:53.86][172.16.4.40][1417] SELECT par_cod_asig1,par_cod_asig2,par_cod_asig3 FROM tblaca009 WHERE pensum='5' AND c_uni_ca='4' AND c_asigna='300209' [1][0] OK
C:[03/11/2016 11:51:54.64][172.16.4.40][1547] SELECT horas_lab FROM tblaca008 WHERE c_asigna='300112' AND horas_teoricas > 0 [1][0] OK
C:[03/11/2016 11:51:54.64][172.16.4.40][1547] SELECT horas_lab FROM tblaca008 WHERE c_asigna='300113' AND horas_teoricas > 0 [0][0] OK
C:[03/11/2016 11:51:54.64][172.16.4.40][1547] SELECT horas_lab FROM tblaca008 WHERE c_asigna='300116' AND horas_teoricas > 0 [1][0] OK
C:[03/11/2016 11:51:54.64][172.16.4.40][1547] SELECT horas_lab FROM tblaca008 WHERE c_asigna='300207' AND horas_teoricas > 0 [1][0] OK
C:[03/11/2016 11:51:54.64][172.16.4.40][1547] SELECT horas_lab FROM tblaca008 WHERE c_asigna='300209' AND horas_teoricas > 0 [1][0] OK
C:[03/11/2016 11:52:21.38][172.16.4.40][1373] SELECT pre_cod_asig1,pre_cod_asig2,pre_cod_asig3,pre_cod_asig4,pre_cod_asig5,pre_cod_asig6,pre_cod_asig7 FROM tblaca009 WHERE pensum='5' AND c_uni_ca='4' AND c_asigna='300112' [1][0] OK
C:[03/11/2016 11:52:21.38][172.16.4.40][1373] SELECT pre_cod_asig1,pre_cod_asig2,pre_cod_asig3,pre_cod_asig4,pre_cod_asig5,pre_cod_asig6,pre_cod_asig7 FROM tblaca009 WHERE pensum='5' AND c_uni_ca='4' AND c_asigna='300113' [1][0] OK
C:[03/11/2016 11:52:21.38][172.16.4.40][1373] SELECT pre_cod_asig1,pre_cod_asig2,pre_cod_asig3,pre_cod_asig4,pre_cod_asig5,pre_cod_asig6,pre_cod_asig7 FROM tblaca009 WHERE pensum='5' AND c_uni_ca='4' AND c_asigna='300116' [1][0] OK
C:[03/11/2016 11:52:21.38][172.16.4.40][1373] SELECT pre_cod_asig1,pre_cod_asig2,pre_cod_asig3,pre_cod_asig4,pre_cod_asig5,pre_cod_asig6,pre_cod_asig7 FROM tblaca009 WHERE pensum='5' AND c_uni_ca='4' AND c_asigna='300207' [1][0] OK
C:[03/11/2016 11:52:21.38][172.16.4.40][1386] SELECT c_asigna FROM dace004 WHERE exp_e='15-26060397' AND c_asigna='300101' AND status IN ('0','3','B') [1][0] OK
C:[03/11/2016 11:52:21.38][172.16.4.40][1373] SELECT pre_cod_asig1,pre_cod_asig2,pre_cod_asig3,pre_cod_asig4,pre_cod_asig5,pre_cod_asig6,pre_cod_asig7 FROM tblaca009 WHERE pensum='5' AND c_uni_ca='4' AND c_asigna='300209' [1][0] OK
C:[03/11/2016 11:52:21.38][172.16.4.40][1386] SELECT c_asigna FROM dace004 WHERE exp_e='15-26060397' AND c_asigna='300101' AND status IN ('0','3','B') [1][0] OK
C:[03/11/2016 11:52:21.28][172.16.4.40][1417] SELECT par_cod_asig1,par_cod_asig2,par_cod_asig3 FROM tblaca009 WHERE pensum='5' AND c_uni_ca='4' AND c_asigna='300112' [1][0] OK
C:[03/11/2016 11:52:21.28][172.16.4.40][1417] SELECT par_cod_asig1,par_cod_asig2,par_cod_asig3 FROM tblaca009 WHERE pensum='5' AND c_uni_ca='4' AND c_asigna='300113' [1][0] OK
C:[03/11/2016 11:52:21.28][172.16.4.40][1431] SELECT c_asigna FROM dace004 WHERE exp_e='15-26060397' AND c_asigna='300013' AND status IN ('0','3','B','C') [1][0] OK
C:[03/11/2016 11:52:21.28][172.16.4.40][1417] SELECT par_cod_asig1,par_cod_asig2,par_cod_asig3 FROM tblaca009 WHERE pensum='5' AND c_uni_ca='4' AND c_asigna='300116' [1][0] OK
C:[03/11/2016 11:52:21.28][172.16.4.40][1417] SELECT par_cod_asig1,par_cod_asig2,par_cod_asig3 FROM tblaca009 WHERE pensum='5' AND c_uni_ca='4' AND c_asigna='300207' [1][0] OK
C:[03/11/2016 11:52:21.28][172.16.4.40][1417] SELECT par_cod_asig1,par_cod_asig2,par_cod_asig3 FROM tblaca009 WHERE pensum='5' AND c_uni_ca='4' AND c_asigna='300209' [1][0] OK
C:[03/11/2016 11:52:21.05][172.16.4.40][1547] SELECT horas_lab FROM tblaca008 WHERE c_asigna='300112' AND horas_teoricas > 0 [1][0] OK
C:[03/11/2016 11:52:21.05][172.16.4.40][1547] SELECT horas_lab FROM tblaca008 WHERE c_asigna='300113' AND horas_teoricas > 0 [0][0] OK
C:[03/11/2016 11:52:21.05][172.16.4.40][1547] SELECT horas_lab FROM tblaca008 WHERE c_asigna='300116' AND horas_teoricas > 0 [1][0] OK
C:[03/11/2016 11:52:21.05][172.16.4.40][1547] SELECT horas_lab FROM tblaca008 WHERE c_asigna='300207' AND horas_teoricas > 0 [1][0] OK
C:[03/11/2016 11:52:21.05][172.16.4.40][1547] SELECT horas_lab FROM tblaca008 WHERE c_asigna='300209' AND horas_teoricas > 0 [1][0] OK
C:[03/11/2016 11:59:41.41][172.16.4.40][1394] SELECT pre_cod_asig1,pre_cod_asig2,pre_cod_asig3,pre_cod_asig4,pre_cod_asig5,pre_cod_asig6,pre_cod_asig7 FROM tblaca009 WHERE pensum='5' AND c_uni_ca='4' AND c_asigna='300112' [1][0] OK
C:[03/11/2016 11:59:41.41][172.16.4.40][1394] SELECT pre_cod_asig1,pre_cod_asig2,pre_cod_asig3,pre_cod_asig4,pre_cod_asig5,pre_cod_asig6,pre_cod_asig7 FROM tblaca009 WHERE pensum='5' AND c_uni_ca='4' AND c_asigna='300113' [1][0] OK
C:[03/11/2016 11:59:41.41][172.16.4.40][1394] SELECT pre_cod_asig1,pre_cod_asig2,pre_cod_asig3,pre_cod_asig4,pre_cod_asig5,pre_cod_asig6,pre_cod_asig7 FROM tblaca009 WHERE pensum='5' AND c_uni_ca='4' AND c_asigna='300116' [1][0] OK
C:[03/11/2016 11:59:41.41][172.16.4.40][1394] SELECT pre_cod_asig1,pre_cod_asig2,pre_cod_asig3,pre_cod_asig4,pre_cod_asig5,pre_cod_asig6,pre_cod_asig7 FROM tblaca009 WHERE pensum='5' AND c_uni_ca='4' AND c_asigna='300207' [1][0] OK
C:[03/11/2016 11:59:41.41][172.16.4.40][1407] SELECT c_asigna FROM dace004 WHERE exp_e='15-26060397' AND c_asigna='300101' AND status IN ('0','3','B') [1][0] OK
C:[03/11/2016 11:59:41.41][172.16.4.40][1394] SELECT pre_cod_asig1,pre_cod_asig2,pre_cod_asig3,pre_cod_asig4,pre_cod_asig5,pre_cod_asig6,pre_cod_asig7 FROM tblaca009 WHERE pensum='5' AND c_uni_ca='4' AND c_asigna='300209' [1][0] OK
C:[03/11/2016 11:59:41.41][172.16.4.40][1407] SELECT c_asigna FROM dace004 WHERE exp_e='15-26060397' AND c_asigna='300101' AND status IN ('0','3','B') [1][0] OK
C:[03/11/2016 11:59:42.29][172.16.4.40][1438] SELECT par_cod_asig1,par_cod_asig2,par_cod_asig3 FROM tblaca009 WHERE pensum='5' AND c_uni_ca='4' AND c_asigna='300112' [1][0] OK
C:[03/11/2016 11:59:42.29][172.16.4.40][1438] SELECT par_cod_asig1,par_cod_asig2,par_cod_asig3 FROM tblaca009 WHERE pensum='5' AND c_uni_ca='4' AND c_asigna='300113' [1][0] OK
C:[03/11/2016 11:59:42.29][172.16.4.40][1452] SELECT c_asigna FROM dace004 WHERE exp_e='15-26060397' AND c_asigna='300013' AND status IN ('0','3','B','C') [1][0] OK
C:[03/11/2016 11:59:42.29][172.16.4.40][1438] SELECT par_cod_asig1,par_cod_asig2,par_cod_asig3 FROM tblaca009 WHERE pensum='5' AND c_uni_ca='4' AND c_asigna='300116' [1][0] OK
C:[03/11/2016 11:59:42.29][172.16.4.40][1438] SELECT par_cod_asig1,par_cod_asig2,par_cod_asig3 FROM tblaca009 WHERE pensum='5' AND c_uni_ca='4' AND c_asigna='300207' [1][0] OK
C:[03/11/2016 11:59:42.29][172.16.4.40][1438] SELECT par_cod_asig1,par_cod_asig2,par_cod_asig3 FROM tblaca009 WHERE pensum='5' AND c_uni_ca='4' AND c_asigna='300209' [1][0] OK
C:[03/11/2016 11:59:42.07][172.16.4.40][1568] SELECT horas_lab FROM tblaca008 WHERE c_asigna='300112' AND horas_teoricas > 0 [1][0] OK
C:[03/11/2016 11:59:42.07][172.16.4.40][1568] SELECT horas_lab FROM tblaca008 WHERE c_asigna='300113' AND horas_teoricas > 0 [0][0] OK
C:[03/11/2016 11:59:42.07][172.16.4.40][1568] SELECT horas_lab FROM tblaca008 WHERE c_asigna='300116' AND horas_teoricas > 0 [1][0] OK
C:[03/11/2016 11:59:42.07][172.16.4.40][1568] SELECT horas_lab FROM tblaca008 WHERE c_asigna='300207' AND horas_teoricas > 0 [1][0] OK
C:[03/11/2016 11:59:42.07][172.16.4.40][1568] SELECT horas_lab FROM tblaca008 WHERE c_asigna='300209' AND horas_teoricas > 0 [1][0] OK
C:[03/11/2016 12:02:11.07][172.16.4.40][1394] SELECT pre_cod_asig1,pre_cod_asig2,pre_cod_asig3,pre_cod_asig4,pre_cod_asig5,pre_cod_asig6,pre_cod_asig7 FROM tblaca009 WHERE pensum='5' AND c_uni_ca='4' AND c_asigna='300112' [1][0] OK
C:[03/11/2016 12:02:11.07][172.16.4.40][1394] SELECT pre_cod_asig1,pre_cod_asig2,pre_cod_asig3,pre_cod_asig4,pre_cod_asig5,pre_cod_asig6,pre_cod_asig7 FROM tblaca009 WHERE pensum='5' AND c_uni_ca='4' AND c_asigna='300113' [1][0] OK
C:[03/11/2016 12:02:11.07][172.16.4.40][1394] SELECT pre_cod_asig1,pre_cod_asig2,pre_cod_asig3,pre_cod_asig4,pre_cod_asig5,pre_cod_asig6,pre_cod_asig7 FROM tblaca009 WHERE pensum='5' AND c_uni_ca='4' AND c_asigna='300116' [1][0] OK
C:[03/11/2016 12:02:11.07][172.16.4.40][1394] SELECT pre_cod_asig1,pre_cod_asig2,pre_cod_asig3,pre_cod_asig4,pre_cod_asig5,pre_cod_asig6,pre_cod_asig7 FROM tblaca009 WHERE pensum='5' AND c_uni_ca='4' AND c_asigna='300207' [1][0] OK
C:[03/11/2016 12:02:11.07][172.16.4.40][1407] SELECT c_asigna FROM dace004 WHERE exp_e='15-26060397' AND c_asigna='300101' AND status IN ('0','3','B') [1][0] OK
C:[03/11/2016 12:02:11.07][172.16.4.40][1394] SELECT pre_cod_asig1,pre_cod_asig2,pre_cod_asig3,pre_cod_asig4,pre_cod_asig5,pre_cod_asig6,pre_cod_asig7 FROM tblaca009 WHERE pensum='5' AND c_uni_ca='4' AND c_asigna='300209' [1][0] OK
C:[03/11/2016 12:02:11.07][172.16.4.40][1407] SELECT c_asigna FROM dace004 WHERE exp_e='15-26060397' AND c_asigna='300101' AND status IN ('0','3','B') [1][0] OK
C:[03/11/2016 12:02:12.94][172.16.4.40][1438] SELECT par_cod_asig1,par_cod_asig2,par_cod_asig3 FROM tblaca009 WHERE pensum='5' AND c_uni_ca='4' AND c_asigna='300112' [1][0] OK
C:[03/11/2016 12:02:12.94][172.16.4.40][1438] SELECT par_cod_asig1,par_cod_asig2,par_cod_asig3 FROM tblaca009 WHERE pensum='5' AND c_uni_ca='4' AND c_asigna='300113' [1][0] OK
C:[03/11/2016 12:02:12.94][172.16.4.40][1452] SELECT c_asigna FROM dace004 WHERE exp_e='15-26060397' AND c_asigna='300013' AND status IN ('0','3','B','C') [1][0] OK
C:[03/11/2016 12:02:12.94][172.16.4.40][1438] SELECT par_cod_asig1,par_cod_asig2,par_cod_asig3 FROM tblaca009 WHERE pensum='5' AND c_uni_ca='4' AND c_asigna='300116' [1][0] OK
C:[03/11/2016 12:02:12.94][172.16.4.40][1438] SELECT par_cod_asig1,par_cod_asig2,par_cod_asig3 FROM tblaca009 WHERE pensum='5' AND c_uni_ca='4' AND c_asigna='300207' [1][0] OK
C:[03/11/2016 12:02:12.94][172.16.4.40][1438] SELECT par_cod_asig1,par_cod_asig2,par_cod_asig3 FROM tblaca009 WHERE pensum='5' AND c_uni_ca='4' AND c_asigna='300209' [1][0] OK
C:[03/11/2016 12:02:12.90][172.16.4.40][1568] SELECT horas_lab FROM tblaca008 WHERE c_asigna='300112' AND horas_teoricas > 0 [1][0] OK
C:[03/11/2016 12:02:12.90][172.16.4.40][1568] SELECT horas_lab FROM tblaca008 WHERE c_asigna='300113' AND horas_teoricas > 0 [0][0] OK
C:[03/11/2016 12:02:12.90][172.16.4.40][1568] SELECT horas_lab FROM tblaca008 WHERE c_asigna='300116' AND horas_teoricas > 0 [1][0] OK
C:[03/11/2016 12:02:12.90][172.16.4.40][1568] SELECT horas_lab FROM tblaca008 WHERE c_asigna='300207' AND horas_teoricas > 0 [1][0] OK
C:[03/11/2016 12:02:12.90][172.16.4.40][1568] SELECT horas_lab FROM tblaca008 WHERE c_asigna='300209' AND horas_teoricas > 0 [1][0] OK
C:[03/11/2016 14:38:43.42][172.16.4.254][1366] SELECT pre_cod_asig1,pre_cod_asig2,pre_cod_asig3,pre_cod_asig4,pre_cod_asig5,pre_cod_asig6,pre_cod_asig7 FROM tblaca009 WHERE pensum='5' AND c_uni_ca='3' AND c_asigna='300113' [1][0] OK
C:[03/11/2016 14:38:43.42][172.16.4.254][1366] SELECT pre_cod_asig1,pre_cod_asig2,pre_cod_asig3,pre_cod_asig4,pre_cod_asig5,pre_cod_asig6,pre_cod_asig7 FROM tblaca009 WHERE pensum='5' AND c_uni_ca='3' AND c_asigna='300209' [1][0] OK
C:[03/11/2016 14:38:43.42][172.16.4.254][1379] SELECT c_asigna FROM dace004 WHERE exp_e='15-27010773' AND c_asigna='300101' AND status IN ('0','3','B') [1][0] OK
C:[03/11/2016 14:38:43.42][172.16.4.254][1366] SELECT pre_cod_asig1,pre_cod_asig2,pre_cod_asig3,pre_cod_asig4,pre_cod_asig5,pre_cod_asig6,pre_cod_asig7 FROM tblaca009 WHERE pensum='5' AND c_uni_ca='3' AND c_asigna='300213' [1][0] OK
C:[03/11/2016 14:38:43.42][172.16.4.254][1379] SELECT c_asigna FROM dace004 WHERE exp_e='15-27010773' AND c_asigna='300101' AND status IN ('0','3','B') [1][0] OK
C:[03/11/2016 14:38:43.42][172.16.4.254][1366] SELECT pre_cod_asig1,pre_cod_asig2,pre_cod_asig3,pre_cod_asig4,pre_cod_asig5,pre_cod_asig6,pre_cod_asig7 FROM tblaca009 WHERE pensum='5' AND c_uni_ca='3' AND c_asigna='300218' [1][0] OK
C:[03/11/2016 14:38:43.42][172.16.4.254][1379] SELECT c_asigna FROM dace004 WHERE exp_e='15-27010773' AND c_asigna='300101' AND status IN ('0','3','B') [1][0] OK
C:[03/11/2016 14:38:43.42][172.16.4.254][1366] SELECT pre_cod_asig1,pre_cod_asig2,pre_cod_asig3,pre_cod_asig4,pre_cod_asig5,pre_cod_asig6,pre_cod_asig7 FROM tblaca009 WHERE pensum='5' AND c_uni_ca='3' AND c_asigna='300222' [1][0] OK
C:[03/11/2016 14:38:43.42][172.16.4.254][1379] SELECT c_asigna FROM dace004 WHERE exp_e='15-27010773' AND c_asigna='300112' AND status IN ('0','3','B') [1][0] OK
C:[03/11/2016 14:38:43.42][172.16.4.254][1366] SELECT pre_cod_asig1,pre_cod_asig2,pre_cod_asig3,pre_cod_asig4,pre_cod_asig5,pre_cod_asig6,pre_cod_asig7 FROM tblaca009 WHERE pensum='5' AND c_uni_ca='3' AND c_asigna='300226' [1][0] OK
C:[03/11/2016 14:38:43.42][172.16.4.254][1379] SELECT c_asigna FROM dace004 WHERE exp_e='15-27010773' AND c_asigna='300116' AND status IN ('0','3','B') [1][0] OK
C:[03/11/2016 14:38:43.42][172.16.4.254][1366] SELECT pre_cod_asig1,pre_cod_asig2,pre_cod_asig3,pre_cod_asig4,pre_cod_asig5,pre_cod_asig6,pre_cod_asig7 FROM tblaca009 WHERE pensum='5' AND c_uni_ca='3' AND c_asigna='300228' [1][0] OK
C:[03/11/2016 14:38:43.42][172.16.4.254][1379] SELECT c_asigna FROM dace004 WHERE exp_e='15-27010773' AND c_asigna='300101' AND status IN ('0','3','B') [1][0] OK
C:[03/11/2016 14:38:43.04][172.16.4.254][1410] SELECT par_cod_asig1,par_cod_asig2,par_cod_asig3 FROM tblaca009 WHERE pensum='5' AND c_uni_ca='3' AND c_asigna='300113' [1][0] OK
C:[03/11/2016 14:38:43.04][172.16.4.254][1424] SELECT c_asigna FROM dace004 WHERE exp_e='15-27010773' AND c_asigna='300013' AND status IN ('0','3','B','C') [1][0] OK
C:[03/11/2016 14:38:43.04][172.16.4.254][1410] SELECT par_cod_asig1,par_cod_asig2,par_cod_asig3 FROM tblaca009 WHERE pensum='5' AND c_uni_ca='3' AND c_asigna='300209' [1][0] OK
C:[03/11/2016 14:38:43.04][172.16.4.254][1410] SELECT par_cod_asig1,par_cod_asig2,par_cod_asig3 FROM tblaca009 WHERE pensum='5' AND c_uni_ca='3' AND c_asigna='300213' [1][0] OK
C:[03/11/2016 14:38:43.04][172.16.4.254][1424] SELECT c_asigna FROM dace004 WHERE exp_e='15-27010773' AND c_asigna='300209' AND status IN ('0','3','B','C') [0][0] OK
C:[03/11/2016 14:38:43.04][172.16.4.254][1410] SELECT par_cod_asig1,par_cod_asig2,par_cod_asig3 FROM tblaca009 WHERE pensum='5' AND c_uni_ca='3' AND c_asigna='300218' [1][0] OK
C:[03/11/2016 14:38:43.04][172.16.4.254][1424] SELECT c_asigna FROM dace004 WHERE exp_e='15-27010773' AND c_asigna='300228' AND status IN ('0','3','B','C') [0][0] OK
C:[03/11/2016 14:38:43.04][172.16.4.254][1410] SELECT par_cod_asig1,par_cod_asig2,par_cod_asig3 FROM tblaca009 WHERE pensum='5' AND c_uni_ca='3' AND c_asigna='300222' [1][0] OK
C:[03/11/2016 14:38:43.04][172.16.4.254][1410] SELECT par_cod_asig1,par_cod_asig2,par_cod_asig3 FROM tblaca009 WHERE pensum='5' AND c_uni_ca='3' AND c_asigna='300226' [1][0] OK
C:[03/11/2016 14:38:43.04][172.16.4.254][1410] SELECT par_cod_asig1,par_cod_asig2,par_cod_asig3 FROM tblaca009 WHERE pensum='5' AND c_uni_ca='3' AND c_asigna='300228' [1][0] OK
C:[03/11/2016 14:38:44.85][172.16.4.254][1540] SELECT horas_lab FROM tblaca008 WHERE c_asigna='300113' AND horas_teoricas > 0 [0][0] OK
C:[03/11/2016 14:38:44.85][172.16.4.254][1540] SELECT horas_lab FROM tblaca008 WHERE c_asigna='300209' AND horas_teoricas > 0 [1][0] OK
C:[03/11/2016 14:38:44.85][172.16.4.254][1540] SELECT horas_lab FROM tblaca008 WHERE c_asigna='300213' AND horas_teoricas > 0 [1][0] OK
C:[03/11/2016 14:38:44.85][172.16.4.254][1540] SELECT horas_lab FROM tblaca008 WHERE c_asigna='300218' AND horas_teoricas > 0 [0][0] OK
C:[03/11/2016 14:38:44.85][172.16.4.254][1540] SELECT horas_lab FROM tblaca008 WHERE c_asigna='300222' AND horas_teoricas > 0 [1][0] OK
C:[03/11/2016 14:38:44.85][172.16.4.254][1540] SELECT horas_lab FROM tblaca008 WHERE c_asigna='300226' AND horas_teoricas > 0 [1][0] OK
C:[03/11/2016 14:38:44.85][172.16.4.254][1540] SELECT horas_lab FROM tblaca008 WHERE c_asigna='300228' AND horas_teoricas > 0 [1][0] OK
C:[04/11/2016 10:45:41.12][172.16.4.40][1366] SELECT pre_cod_asig1,pre_cod_asig2,pre_cod_asig3,pre_cod_asig4,pre_cod_asig5,pre_cod_asig6,pre_cod_asig7 FROM tblaca009 WHERE pensum='5' AND c_uni_ca='6' AND c_asigna='300105' [1][0] OK
C:[04/11/2016 10:45:41.12][172.16.4.40][1366] SELECT pre_cod_asig1,pre_cod_asig2,pre_cod_asig3,pre_cod_asig4,pre_cod_asig5,pre_cod_asig6,pre_cod_asig7 FROM tblaca009 WHERE pensum='5' AND c_uni_ca='6' AND c_asigna='300106' [1][0] OK
C:[04/11/2016 10:45:41.12][172.16.4.40][1366] SELECT pre_cod_asig1,pre_cod_asig2,pre_cod_asig3,pre_cod_asig4,pre_cod_asig5,pre_cod_asig6,pre_cod_asig7 FROM tblaca009 WHERE pensum='5' AND c_uni_ca='6' AND c_asigna='300226' [1][0] OK
C:[04/11/2016 10:45:41.12][172.16.4.40][1379] SELECT c_asigna FROM dace004 WHERE exp_e='13-22617460' AND c_asigna='300116' AND status IN ('0','3','B') [1][0] OK
C:[04/11/2016 10:45:41.12][172.16.4.40][1366] SELECT pre_cod_asig1,pre_cod_asig2,pre_cod_asig3,pre_cod_asig4,pre_cod_asig5,pre_cod_asig6,pre_cod_asig7 FROM tblaca009 WHERE pensum='5' AND c_uni_ca='6' AND c_asigna='300317' [1][0] OK
C:[04/11/2016 10:45:41.12][172.16.4.40][1379] SELECT c_asigna FROM dace004 WHERE exp_e='13-22617460' AND c_asigna='300207' AND status IN ('0','3','B') [1][0] OK
C:[04/11/2016 10:45:41.12][172.16.4.40][1379] SELECT c_asigna FROM dace004 WHERE exp_e='13-22617460' AND c_asigna='300209' AND status IN ('0','3','B') [1][0] OK
C:[04/11/2016 10:45:41.12][172.16.4.40][1366] SELECT pre_cod_asig1,pre_cod_asig2,pre_cod_asig3,pre_cod_asig4,pre_cod_asig5,pre_cod_asig6,pre_cod_asig7 FROM tblaca009 WHERE pensum='5' AND c_uni_ca='6' AND c_asigna='340323' [1][0] OK
C:[04/11/2016 10:45:41.12][172.16.4.40][1379] SELECT c_asigna FROM dace004 WHERE exp_e='13-22617460' AND c_asigna='300228' AND status IN ('0','3','B') [1][0] OK
C:[04/11/2016 10:45:41.12][172.16.4.40][1379] SELECT c_asigna FROM dace004 WHERE exp_e='13-22617460' AND c_asigna='300207' AND status IN ('0','3','B') [1][0] OK
C:[04/11/2016 10:45:41.12][172.16.4.40][1366] SELECT pre_cod_asig1,pre_cod_asig2,pre_cod_asig3,pre_cod_asig4,pre_cod_asig5,pre_cod_asig6,pre_cod_asig7 FROM tblaca009 WHERE pensum='5' AND c_uni_ca='6' AND c_asigna='300213' [1][0] OK
C:[04/11/2016 10:45:41.12][172.16.4.40][1379] SELECT c_asigna FROM dace004 WHERE exp_e='13-22617460' AND c_asigna='300101' AND status IN ('0','3','B') [1][0] OK
C:[04/11/2016 10:45:42.76][172.16.4.40][1410] SELECT par_cod_asig1,par_cod_asig2,par_cod_asig3 FROM tblaca009 WHERE pensum='5' AND c_uni_ca='6' AND c_asigna='300105' [1][0] OK
C:[04/11/2016 10:45:42.76][172.16.4.40][1410] SELECT par_cod_asig1,par_cod_asig2,par_cod_asig3 FROM tblaca009 WHERE pensum='5' AND c_uni_ca='6' AND c_asigna='300106' [1][0] OK
C:[04/11/2016 10:45:42.76][172.16.4.40][1410] SELECT par_cod_asig1,par_cod_asig2,par_cod_asig3 FROM tblaca009 WHERE pensum='5' AND c_uni_ca='6' AND c_asigna='300226' [1][0] OK
C:[04/11/2016 10:45:42.76][172.16.4.40][1410] SELECT par_cod_asig1,par_cod_asig2,par_cod_asig3 FROM tblaca009 WHERE pensum='5' AND c_uni_ca='6' AND c_asigna='300317' [1][0] OK
C:[04/11/2016 10:45:42.76][172.16.4.40][1410] SELECT par_cod_asig1,par_cod_asig2,par_cod_asig3 FROM tblaca009 WHERE pensum='5' AND c_uni_ca='6' AND c_asigna='340323' [1][0] OK
C:[04/11/2016 10:45:42.76][172.16.4.40][1410] SELECT par_cod_asig1,par_cod_asig2,par_cod_asig3 FROM tblaca009 WHERE pensum='5' AND c_uni_ca='6' AND c_asigna='300213' [1][0] OK
C:[04/11/2016 10:45:42.76][172.16.4.40][1424] SELECT c_asigna FROM dace004 WHERE exp_e='13-22617460' AND c_asigna='300209' AND status IN ('0','3','B','C') [1][0] OK
C:[04/11/2016 10:45:42.61][172.16.4.40][1540] SELECT horas_lab FROM tblaca008 WHERE c_asigna='300105' AND horas_teoricas > 0 [1][0] OK
C:[04/11/2016 10:45:42.61][172.16.4.40][1540] SELECT horas_lab FROM tblaca008 WHERE c_asigna='300106' AND horas_teoricas > 0 [0][0] OK
C:[04/11/2016 10:45:42.61][172.16.4.40][1540] SELECT horas_lab FROM tblaca008 WHERE c_asigna='300226' AND horas_teoricas > 0 [1][0] OK
C:[04/11/2016 10:45:42.61][172.16.4.40][1540] SELECT horas_lab FROM tblaca008 WHERE c_asigna='300317' AND horas_teoricas > 0 [1][0] OK
C:[04/11/2016 10:45:42.61][172.16.4.40][1540] SELECT horas_lab FROM tblaca008 WHERE c_asigna='340323' AND horas_teoricas > 0 [1][0] OK
C:[04/11/2016 14:14:52.73][172.16.4.254][1366] SELECT pre_cod_asig1,pre_cod_asig2,pre_cod_asig3,pre_cod_asig4,pre_cod_asig5,pre_cod_asig6,pre_cod_asig7 FROM tblaca009 WHERE pensum='5' AND c_uni_ca='3' AND c_asigna='300213' [1][0] OK
C:[04/11/2016 14:14:52.73][172.16.4.254][1379] SELECT c_asigna FROM dace004 WHERE exp_e='14-26262687' AND c_asigna='300101' AND status IN ('0','3','B') [1][0] OK
C:[04/11/2016 14:14:52.73][172.16.4.254][1366] SELECT pre_cod_asig1,pre_cod_asig2,pre_cod_asig3,pre_cod_asig4,pre_cod_asig5,pre_cod_asig6,pre_cod_asig7 FROM tblaca009 WHERE pensum='5' AND c_uni_ca='3' AND c_asigna='300218' [1][0] OK
C:[04/11/2016 14:14:52.73][172.16.4.254][1379] SELECT c_asigna FROM dace004 WHERE exp_e='14-26262687' AND c_asigna='300101' AND status IN ('0','3','B') [1][0] OK
C:[04/11/2016 14:14:52.73][172.16.4.254][1366] SELECT pre_cod_asig1,pre_cod_asig2,pre_cod_asig3,pre_cod_asig4,pre_cod_asig5,pre_cod_asig6,pre_cod_asig7 FROM tblaca009 WHERE pensum='5' AND c_uni_ca='3' AND c_asigna='300226' [1][0] OK
C:[04/11/2016 14:14:52.73][172.16.4.254][1379] SELECT c_asigna FROM dace004 WHERE exp_e='14-26262687' AND c_asigna='300116' AND status IN ('0','3','B') [1][0] OK
C:[04/11/2016 14:14:52.73][172.16.4.254][1366] SELECT pre_cod_asig1,pre_cod_asig2,pre_cod_asig3,pre_cod_asig4,pre_cod_asig5,pre_cod_asig6,pre_cod_asig7 FROM tblaca009 WHERE pensum='5' AND c_uni_ca='3' AND c_asigna='300228' [1][0] OK
C:[04/11/2016 14:14:52.73][172.16.4.254][1379] SELECT c_asigna FROM dace004 WHERE exp_e='14-26262687' AND c_asigna='300101' AND status IN ('0','3','B') [1][0] OK
C:[04/11/2016 14:14:52.30][172.16.4.254][1410] SELECT par_cod_asig1,par_cod_asig2,par_cod_asig3 FROM tblaca009 WHERE pensum='5' AND c_uni_ca='3' AND c_asigna='300213' [1][0] OK
C:[04/11/2016 14:14:52.30][172.16.4.254][1424] SELECT c_asigna FROM dace004 WHERE exp_e='14-26262687' AND c_asigna='300209' AND status IN ('0','3','B','C') [1][0] OK
C:[04/11/2016 14:14:52.30][172.16.4.254][1410] SELECT par_cod_asig1,par_cod_asig2,par_cod_asig3 FROM tblaca009 WHERE pensum='5' AND c_uni_ca='3' AND c_asigna='300218' [1][0] OK
C:[04/11/2016 14:14:52.30][172.16.4.254][1424] SELECT c_asigna FROM dace004 WHERE exp_e='14-26262687' AND c_asigna='300228' AND status IN ('0','3','B','C') [0][0] OK
C:[04/11/2016 14:14:52.30][172.16.4.254][1410] SELECT par_cod_asig1,par_cod_asig2,par_cod_asig3 FROM tblaca009 WHERE pensum='5' AND c_uni_ca='3' AND c_asigna='300226' [1][0] OK
C:[04/11/2016 14:14:52.30][172.16.4.254][1410] SELECT par_cod_asig1,par_cod_asig2,par_cod_asig3 FROM tblaca009 WHERE pensum='5' AND c_uni_ca='3' AND c_asigna='300228' [1][0] OK
C:[04/11/2016 14:14:52.07][172.16.4.254][1540] SELECT horas_lab FROM tblaca008 WHERE c_asigna='300213' AND horas_teoricas > 0 [1][0] OK
C:[04/11/2016 14:14:52.07][172.16.4.254][1540] SELECT horas_lab FROM tblaca008 WHERE c_asigna='300218' AND horas_teoricas > 0 [0][0] OK
C:[04/11/2016 14:14:52.07][172.16.4.254][1540] SELECT horas_lab FROM tblaca008 WHERE c_asigna='300226' AND horas_teoricas > 0 [1][0] OK
C:[04/11/2016 14:14:52.07][172.16.4.254][1540] SELECT horas_lab FROM tblaca008 WHERE c_asigna='300228' AND horas_teoricas > 0 [1][0] OK
C:[07/11/2016 09:00:00.83][172.16.4.40][1366] SELECT pre_cod_asig1,pre_cod_asig2,pre_cod_asig3,pre_cod_asig4,pre_cod_asig5,pre_cod_asig6,pre_cod_asig7 FROM tblaca009 WHERE pensum='5' AND c_uni_ca='3' AND c_asigna='300422' [1][0] OK
C:[07/11/2016 09:00:00.83][172.16.4.40][1379] SELECT c_asigna FROM dace004 WHERE exp_e='13-26264062' AND c_asigna='300105' AND status IN ('0','3','B') [1][0] OK
C:[07/11/2016 09:00:00.83][172.16.4.40][1379] SELECT c_asigna FROM dace004 WHERE exp_e='13-26264062' AND c_asigna='300314' AND status IN ('0','3','B') [1][0] OK
C:[07/11/2016 09:00:00.83][172.16.4.40][1366] SELECT pre_cod_asig1,pre_cod_asig2,pre_cod_asig3,pre_cod_asig4,pre_cod_asig5,pre_cod_asig6,pre_cod_asig7 FROM tblaca009 WHERE pensum='5' AND c_uni_ca='3' AND c_asigna='312444' [1][0] OK
C:[07/11/2016 09:00:00.83][172.16.4.40][1379] SELECT c_asigna FROM dace004 WHERE exp_e='13-26264062' AND c_asigna='312333' AND status IN ('0','3','B') [1][0] OK
C:[07/11/2016 09:00:00.83][172.16.4.40][1366] SELECT pre_cod_asig1,pre_cod_asig2,pre_cod_asig3,pre_cod_asig4,pre_cod_asig5,pre_cod_asig6,pre_cod_asig7 FROM tblaca009 WHERE pensum='5' AND c_uni_ca='3' AND c_asigna='310548' [1][0] OK
C:[07/11/2016 09:00:00.83][172.16.4.40][1379] SELECT c_asigna FROM dace004 WHERE exp_e='13-26264062' AND c_asigna='300428' AND status IN ('0','3','B') [1][0] OK
C:[07/11/2016 09:00:00.83][172.16.4.40][1379] SELECT c_asigna FROM dace004 WHERE exp_e='13-26264062' AND c_asigna='300313' AND status IN ('0','3','B') [1][0] OK
C:[07/11/2016 09:00:00.83][172.16.4.40][1379] SELECT c_asigna FROM dace004 WHERE exp_e='13-26264062' AND c_asigna='300222' AND status IN ('0','3','B') [1][0] OK
C:[07/11/2016 09:00:00.83][172.16.4.40][1379] SELECT c_asigna FROM dace004 WHERE exp_e='13-26264062' AND c_asigna='300226' AND status IN ('0','3','B') [1][0] OK
C:[07/11/2016 09:00:00.83][172.16.4.40][1379] SELECT c_asigna FROM dace004 WHERE exp_e='13-26264062' AND c_asigna='300209' AND status IN ('0','3','B') [1][0] OK
C:[07/11/2016 09:00:00.83][172.16.4.40][1366] SELECT pre_cod_asig1,pre_cod_asig2,pre_cod_asig3,pre_cod_asig4,pre_cod_asig5,pre_cod_asig6,pre_cod_asig7 FROM tblaca009 WHERE pensum='5' AND c_uni_ca='3' AND c_asigna='311551' [1][0] OK
C:[07/11/2016 09:00:00.83][172.16.4.40][1379] SELECT c_asigna FROM dace004 WHERE exp_e='13-26264062' AND c_asigna='311430' AND status IN ('0','3','B') [1][0] OK
C:[07/11/2016 09:00:00.83][172.16.4.40][1379] SELECT c_asigna FROM dace004 WHERE exp_e='13-26264062' AND c_asigna='311431' AND status IN ('0','3','B') [1][0] OK
C:[07/11/2016 09:00:00.83][172.16.4.40][1379] SELECT c_asigna FROM dace004 WHERE exp_e='13-26264062' AND c_asigna='300222' AND status IN ('0','3','B') [1][0] OK
C:[07/11/2016 09:00:00.83][172.16.4.40][1379] SELECT c_asigna FROM dace004 WHERE exp_e='13-26264062' AND c_asigna='300226' AND status IN ('0','3','B') [1][0] OK
C:[07/11/2016 09:00:00.83][172.16.4.40][1379] SELECT c_asigna FROM dace004 WHERE exp_e='13-26264062' AND c_asigna='300209' AND status IN ('0','3','B') [1][0] OK
C:[07/11/2016 09:00:00.83][172.16.4.40][1379] SELECT c_asigna FROM dace004 WHERE exp_e='13-26264062' AND c_asigna='311320' AND status IN ('0','3','B') [1][0] OK
C:[07/11/2016 09:00:00.83][172.16.4.40][1366] SELECT pre_cod_asig1,pre_cod_asig2,pre_cod_asig3,pre_cod_asig4,pre_cod_asig5,pre_cod_asig6,pre_cod_asig7 FROM tblaca009 WHERE pensum='5' AND c_uni_ca='3' AND c_asigna='311554' [1][0] OK
C:[07/11/2016 09:00:00.83][172.16.4.40][1379] SELECT c_asigna FROM dace004 WHERE exp_e='13-26264062' AND c_asigna='300318' AND status IN ('0','3','B') [1][0] OK
C:[07/11/2016 09:00:00.83][172.16.4.40][1379] SELECT c_asigna FROM dace004 WHERE exp_e='13-26264062' AND c_asigna='300428' AND status IN ('0','3','B') [1][0] OK
C:[07/11/2016 09:00:00.83][172.16.4.40][1366] SELECT pre_cod_asig1,pre_cod_asig2,pre_cod_asig3,pre_cod_asig4,pre_cod_asig5,pre_cod_asig6,pre_cod_asig7 FROM tblaca009 WHERE pensum='5' AND c_uni_ca='3' AND c_asigna='311556' [1][0] OK
C:[07/11/2016 09:00:00.83][172.16.4.40][1379] SELECT c_asigna FROM dace004 WHERE exp_e='13-26264062' AND c_asigna='311434' AND status IN ('0','3','B') [1][0] OK
C:[07/11/2016 09:00:00.83][172.16.4.40][1379] SELECT c_asigna FROM dace004 WHERE exp_e='13-26264062' AND c_asigna='311430' AND status IN ('0','3','B') [1][0] OK
C:[07/11/2016 09:00:00.83][172.16.4.40][1379] SELECT c_asigna FROM dace004 WHERE exp_e='13-26264062' AND c_asigna='300222' AND status IN ('0','3','B') [1][0] OK
C:[07/11/2016 09:00:00.83][172.16.4.40][1379] SELECT c_asigna FROM dace004 WHERE exp_e='13-26264062' AND c_asigna='300226' AND status IN ('0','3','B') [1][0] OK
C:[07/11/2016 09:00:00.83][172.16.4.40][1379] SELECT c_asigna FROM dace004 WHERE exp_e='13-26264062' AND c_asigna='300209' AND status IN ('0','3','B') [1][0] OK
C:[07/11/2016 09:00:00.83][172.16.4.40][1366] SELECT pre_cod_asig1,pre_cod_asig2,pre_cod_asig3,pre_cod_asig4,pre_cod_asig5,pre_cod_asig6,pre_cod_asig7 FROM tblaca009 WHERE pensum='5' AND c_uni_ca='3' AND c_asigna='315552' [1][0] OK
C:[07/11/2016 09:00:00.83][172.16.4.40][1379] SELECT c_asigna FROM dace004 WHERE exp_e='13-26264062' AND c_asigna='311430' AND status IN ('0','3','B') [1][0] OK
C:[07/11/2016 09:00:00.83][172.16.4.40][1379] SELECT c_asigna FROM dace004 WHERE exp_e='13-26264062' AND c_asigna='300222' AND status IN ('0','3','B') [1][0] OK
C:[07/11/2016 09:00:00.83][172.16.4.40][1379] SELECT c_asigna FROM dace004 WHERE exp_e='13-26264062' AND c_asigna='300226' AND status IN ('0','3','B') [1][0] OK
C:[07/11/2016 09:00:00.83][172.16.4.40][1379] SELECT c_asigna FROM dace004 WHERE exp_e='13-26264062' AND c_asigna='300209' AND status IN ('0','3','B') [1][0] OK
C:[07/11/2016 09:00:00.83][172.16.4.40][1366] SELECT pre_cod_asig1,pre_cod_asig2,pre_cod_asig3,pre_cod_asig4,pre_cod_asig5,pre_cod_asig6,pre_cod_asig7 FROM tblaca009 WHERE pensum='5' AND c_uni_ca='3' AND c_asigna='314662' [1][0] OK
C:[07/11/2016 09:00:00.83][172.16.4.40][1379] SELECT c_asigna FROM dace004 WHERE exp_e='13-26264062' AND c_asigna='311552' AND status IN ('0','3','B') [1][0] OK
C:[07/11/2016 09:00:01.08][172.16.4.40][1410] SELECT par_cod_asig1,par_cod_asig2,par_cod_asig3 FROM tblaca009 WHERE pensum='5' AND c_uni_ca='3' AND c_asigna='300422' [1][0] OK
C:[07/11/2016 09:00:01.08][172.16.4.40][1410] SELECT par_cod_asig1,par_cod_asig2,par_cod_asig3 FROM tblaca009 WHERE pensum='5' AND c_uni_ca='3' AND c_asigna='312444' [1][0] OK
C:[07/11/2016 09:00:01.08][172.16.4.40][1410] SELECT par_cod_asig1,par_cod_asig2,par_cod_asig3 FROM tblaca009 WHERE pensum='5' AND c_uni_ca='3' AND c_asigna='310548' [1][0] OK
C:[07/11/2016 09:00:01.08][172.16.4.40][1410] SELECT par_cod_asig1,par_cod_asig2,par_cod_asig3 FROM tblaca009 WHERE pensum='5' AND c_uni_ca='3' AND c_asigna='311551' [1][0] OK
C:[07/11/2016 09:00:01.08][172.16.4.40][1410] SELECT par_cod_asig1,par_cod_asig2,par_cod_asig3 FROM tblaca009 WHERE pensum='5' AND c_uni_ca='3' AND c_asigna='311554' [1][0] OK
C:[07/11/2016 09:00:01.08][172.16.4.40][1410] SELECT par_cod_asig1,par_cod_asig2,par_cod_asig3 FROM tblaca009 WHERE pensum='5' AND c_uni_ca='3' AND c_asigna='311556' [1][0] OK
C:[07/11/2016 09:00:01.08][172.16.4.40][1424] SELECT c_asigna FROM dace004 WHERE exp_e='13-26264062' AND c_asigna='311551' AND status IN ('0','3','B','C') [0][0] OK
C:[07/11/2016 09:00:01.08][172.16.4.40][1410] SELECT par_cod_asig1,par_cod_asig2,par_cod_asig3 FROM tblaca009 WHERE pensum='5' AND c_uni_ca='3' AND c_asigna='315552' [1][0] OK
C:[07/11/2016 09:00:01.08][172.16.4.40][1410] SELECT par_cod_asig1,par_cod_asig2,par_cod_asig3 FROM tblaca009 WHERE pensum='5' AND c_uni_ca='3' AND c_asigna='314662' [1][0] OK
C:[07/11/2016 09:00:01.24][172.16.4.40][1540] SELECT horas_lab FROM tblaca008 WHERE c_asigna='300422' AND horas_teoricas > 0 [0][0] OK
C:[07/11/2016 09:00:01.24][172.16.4.40][1540] SELECT horas_lab FROM tblaca008 WHERE c_asigna='312444' AND horas_teoricas > 0 [1][0] OK
C:[07/11/2016 09:00:01.24][172.16.4.40][1540] SELECT horas_lab FROM tblaca008 WHERE c_asigna='310548' AND horas_teoricas > 0 [1][0] OK
C:[07/11/2016 09:00:01.24][172.16.4.40][1540] SELECT horas_lab FROM tblaca008 WHERE c_asigna='311551' AND horas_teoricas > 0 [1][0] OK
C:[07/11/2016 09:00:01.24][172.16.4.40][1540] SELECT horas_lab FROM tblaca008 WHERE c_asigna='311554' AND horas_teoricas > 0 [1][0] OK
C:[07/11/2016 09:00:01.24][172.16.4.40][1540] SELECT horas_lab FROM tblaca008 WHERE c_asigna='311556' AND horas_teoricas > 0 [0][0] OK
C:[07/11/2016 09:00:01.24][172.16.4.40][1540] SELECT horas_lab FROM tblaca008 WHERE c_asigna='315552' AND horas_teoricas > 0 [1][0] OK
C:[07/11/2016 09:00:01.24][172.16.4.40][1540] SELECT horas_lab FROM tblaca008 WHERE c_asigna='314662' AND horas_teoricas > 0 [1][0] OK
C:[07/11/2016 09:02:40.03][172.16.4.40][1366] SELECT pre_cod_asig1,pre_cod_asig2,pre_cod_asig3,pre_cod_asig4,pre_cod_asig5,pre_cod_asig6,pre_cod_asig7 FROM tblaca009 WHERE pensum='5' AND c_uni_ca='3' AND c_asigna='300422' [1][0] OK
C:[07/11/2016 09:02:40.03][172.16.4.40][1379] SELECT c_asigna FROM dace004 WHERE exp_e='13-26264062' AND c_asigna='300105' AND status IN ('0','3','B') [1][0] OK
C:[07/11/2016 09:02:40.03][172.16.4.40][1379] SELECT c_asigna FROM dace004 WHERE exp_e='13-26264062' AND c_asigna='300314' AND status IN ('0','3','B') [1][0] OK
C:[07/11/2016 09:02:40.03][172.16.4.40][1366] SELECT pre_cod_asig1,pre_cod_asig2,pre_cod_asig3,pre_cod_asig4,pre_cod_asig5,pre_cod_asig6,pre_cod_asig7 FROM tblaca009 WHERE pensum='5' AND c_uni_ca='3' AND c_asigna='312444' [1][0] OK
C:[07/11/2016 09:02:40.03][172.16.4.40][1379] SELECT c_asigna FROM dace004 WHERE exp_e='13-26264062' AND c_asigna='312333' AND status IN ('0','3','B') [1][0] OK
C:[07/11/2016 09:02:40.03][172.16.4.40][1366] SELECT pre_cod_asig1,pre_cod_asig2,pre_cod_asig3,pre_cod_asig4,pre_cod_asig5,pre_cod_asig6,pre_cod_asig7 FROM tblaca009 WHERE pensum='5' AND c_uni_ca='3' AND c_asigna='310548' [1][0] OK
C:[07/11/2016 09:02:40.03][172.16.4.40][1379] SELECT c_asigna FROM dace004 WHERE exp_e='13-26264062' AND c_asigna='300428' AND status IN ('0','3','B') [1][0] OK
C:[07/11/2016 09:02:40.03][172.16.4.40][1379] SELECT c_asigna FROM dace004 WHERE exp_e='13-26264062' AND c_asigna='300313' AND status IN ('0','3','B') [1][0] OK
C:[07/11/2016 09:02:40.03][172.16.4.40][1379] SELECT c_asigna FROM dace004 WHERE exp_e='13-26264062' AND c_asigna='300222' AND status IN ('0','3','B') [1][0] OK
C:[07/11/2016 09:02:40.03][172.16.4.40][1379] SELECT c_asigna FROM dace004 WHERE exp_e='13-26264062' AND c_asigna='300226' AND status IN ('0','3','B') [1][0] OK
C:[07/11/2016 09:02:40.03][172.16.4.40][1379] SELECT c_asigna FROM dace004 WHERE exp_e='13-26264062' AND c_asigna='300209' AND status IN ('0','3','B') [1][0] OK
C:[07/11/2016 09:02:40.03][172.16.4.40][1366] SELECT pre_cod_asig1,pre_cod_asig2,pre_cod_asig3,pre_cod_asig4,pre_cod_asig5,pre_cod_asig6,pre_cod_asig7 FROM tblaca009 WHERE pensum='5' AND c_uni_ca='3' AND c_asigna='311551' [1][0] OK
C:[07/11/2016 09:02:40.03][172.16.4.40][1379] SELECT c_asigna FROM dace004 WHERE exp_e='13-26264062' AND c_asigna='311430' AND status IN ('0','3','B') [1][0] OK
C:[07/11/2016 09:02:40.03][172.16.4.40][1379] SELECT c_asigna FROM dace004 WHERE exp_e='13-26264062' AND c_asigna='311431' AND status IN ('0','3','B') [1][0] OK
C:[07/11/2016 09:02:40.03][172.16.4.40][1379] SELECT c_asigna FROM dace004 WHERE exp_e='13-26264062' AND c_asigna='300222' AND status IN ('0','3','B') [1][0] OK
C:[07/11/2016 09:02:40.03][172.16.4.40][1379] SELECT c_asigna FROM dace004 WHERE exp_e='13-26264062' AND c_asigna='300226' AND status IN ('0','3','B') [1][0] OK
C:[07/11/2016 09:02:40.03][172.16.4.40][1379] SELECT c_asigna FROM dace004 WHERE exp_e='13-26264062' AND c_asigna='300209' AND status IN ('0','3','B') [1][0] OK
C:[07/11/2016 09:02:40.03][172.16.4.40][1379] SELECT c_asigna FROM dace004 WHERE exp_e='13-26264062' AND c_asigna='311320' AND status IN ('0','3','B') [1][0] OK
C:[07/11/2016 09:02:40.03][172.16.4.40][1366] SELECT pre_cod_asig1,pre_cod_asig2,pre_cod_asig3,pre_cod_asig4,pre_cod_asig5,pre_cod_asig6,pre_cod_asig7 FROM tblaca009 WHERE pensum='5' AND c_uni_ca='3' AND c_asigna='311554' [1][0] OK
C:[07/11/2016 09:02:40.03][172.16.4.40][1379] SELECT c_asigna FROM dace004 WHERE exp_e='13-26264062' AND c_asigna='300318' AND status IN ('0','3','B') [1][0] OK
C:[07/11/2016 09:02:40.03][172.16.4.40][1379] SELECT c_asigna FROM dace004 WHERE exp_e='13-26264062' AND c_asigna='300428' AND status IN ('0','3','B') [1][0] OK
C:[07/11/2016 09:02:40.03][172.16.4.40][1366] SELECT pre_cod_asig1,pre_cod_asig2,pre_cod_asig3,pre_cod_asig4,pre_cod_asig5,pre_cod_asig6,pre_cod_asig7 FROM tblaca009 WHERE pensum='5' AND c_uni_ca='3' AND c_asigna='311556' [1][0] OK
C:[07/11/2016 09:02:40.03][172.16.4.40][1379] SELECT c_asigna FROM dace004 WHERE exp_e='13-26264062' AND c_asigna='311434' AND status IN ('0','3','B') [1][0] OK
C:[07/11/2016 09:02:40.03][172.16.4.40][1379] SELECT c_asigna FROM dace004 WHERE exp_e='13-26264062' AND c_asigna='311430' AND status IN ('0','3','B') [1][0] OK
C:[07/11/2016 09:02:40.03][172.16.4.40][1379] SELECT c_asigna FROM dace004 WHERE exp_e='13-26264062' AND c_asigna='300222' AND status IN ('0','3','B') [1][0] OK
C:[07/11/2016 09:02:40.03][172.16.4.40][1379] SELECT c_asigna FROM dace004 WHERE exp_e='13-26264062' AND c_asigna='300226' AND status IN ('0','3','B') [1][0] OK
C:[07/11/2016 09:02:40.03][172.16.4.40][1379] SELECT c_asigna FROM dace004 WHERE exp_e='13-26264062' AND c_asigna='300209' AND status IN ('0','3','B') [1][0] OK
C:[07/11/2016 09:02:40.03][172.16.4.40][1366] SELECT pre_cod_asig1,pre_cod_asig2,pre_cod_asig3,pre_cod_asig4,pre_cod_asig5,pre_cod_asig6,pre_cod_asig7 FROM tblaca009 WHERE pensum='5' AND c_uni_ca='3' AND c_asigna='315552' [1][0] OK
C:[07/11/2016 09:02:40.03][172.16.4.40][1379] SELECT c_asigna FROM dace004 WHERE exp_e='13-26264062' AND c_asigna='311430' AND status IN ('0','3','B') [1][0] OK
C:[07/11/2016 09:02:40.03][172.16.4.40][1379] SELECT c_asigna FROM dace004 WHERE exp_e='13-26264062' AND c_asigna='300222' AND status IN ('0','3','B') [1][0] OK
C:[07/11/2016 09:02:40.03][172.16.4.40][1379] SELECT c_asigna FROM dace004 WHERE exp_e='13-26264062' AND c_asigna='300226' AND status IN ('0','3','B') [1][0] OK
C:[07/11/2016 09:02:40.03][172.16.4.40][1379] SELECT c_asigna FROM dace004 WHERE exp_e='13-26264062' AND c_asigna='300209' AND status IN ('0','3','B') [1][0] OK
C:[07/11/2016 09:02:40.03][172.16.4.40][1366] SELECT pre_cod_asig1,pre_cod_asig2,pre_cod_asig3,pre_cod_asig4,pre_cod_asig5,pre_cod_asig6,pre_cod_asig7 FROM tblaca009 WHERE pensum='5' AND c_uni_ca='3' AND c_asigna='314662' [1][0] OK
C:[07/11/2016 09:02:40.03][172.16.4.40][1379] SELECT c_asigna FROM dace004 WHERE exp_e='13-26264062' AND c_asigna='311552' AND status IN ('0','3','B') [1][0] OK
C:[07/11/2016 09:02:41.51][172.16.4.40][1410] SELECT par_cod_asig1,par_cod_asig2,par_cod_asig3 FROM tblaca009 WHERE pensum='5' AND c_uni_ca='3' AND c_asigna='300422' [1][0] OK
C:[07/11/2016 09:02:41.51][172.16.4.40][1410] SELECT par_cod_asig1,par_cod_asig2,par_cod_asig3 FROM tblaca009 WHERE pensum='5' AND c_uni_ca='3' AND c_asigna='312444' [1][0] OK
C:[07/11/2016 09:02:41.51][172.16.4.40][1410] SELECT par_cod_asig1,par_cod_asig2,par_cod_asig3 FROM tblaca009 WHERE pensum='5' AND c_uni_ca='3' AND c_asigna='310548' [1][0] OK
C:[07/11/2016 09:02:41.51][172.16.4.40][1410] SELECT par_cod_asig1,par_cod_asig2,par_cod_asig3 FROM tblaca009 WHERE pensum='5' AND c_uni_ca='3' AND c_asigna='311551' [1][0] OK
C:[07/11/2016 09:02:41.51][172.16.4.40][1410] SELECT par_cod_asig1,par_cod_asig2,par_cod_asig3 FROM tblaca009 WHERE pensum='5' AND c_uni_ca='3' AND c_asigna='311554' [1][0] OK
C:[07/11/2016 09:02:41.51][172.16.4.40][1410] SELECT par_cod_asig1,par_cod_asig2,par_cod_asig3 FROM tblaca009 WHERE pensum='5' AND c_uni_ca='3' AND c_asigna='311556' [1][0] OK
C:[07/11/2016 09:02:41.51][172.16.4.40][1424] SELECT c_asigna FROM dace004 WHERE exp_e='13-26264062' AND c_asigna='311551' AND status IN ('0','3','B','C') [0][0] OK
C:[07/11/2016 09:02:41.51][172.16.4.40][1410] SELECT par_cod_asig1,par_cod_asig2,par_cod_asig3 FROM tblaca009 WHERE pensum='5' AND c_uni_ca='3' AND c_asigna='315552' [1][0] OK
C:[07/11/2016 09:02:41.51][172.16.4.40][1410] SELECT par_cod_asig1,par_cod_asig2,par_cod_asig3 FROM tblaca009 WHERE pensum='5' AND c_uni_ca='3' AND c_asigna='314662' [1][0] OK
C:[07/11/2016 09:02:42.67][172.16.4.40][1540] SELECT horas_lab FROM tblaca008 WHERE c_asigna='300422' AND horas_teoricas > 0 [0][0] OK
C:[07/11/2016 09:02:42.67][172.16.4.40][1540] SELECT horas_lab FROM tblaca008 WHERE c_asigna='312444' AND horas_teoricas > 0 [1][0] OK
C:[07/11/2016 09:02:42.67][172.16.4.40][1540] SELECT horas_lab FROM tblaca008 WHERE c_asigna='310548' AND horas_teoricas > 0 [1][0] OK
C:[07/11/2016 09:02:42.67][172.16.4.40][1540] SELECT horas_lab FROM tblaca008 WHERE c_asigna='311551' AND horas_teoricas > 0 [1][0] OK
C:[07/11/2016 09:02:42.67][172.16.4.40][1540] SELECT horas_lab FROM tblaca008 WHERE c_asigna='311554' AND horas_teoricas > 0 [1][0] OK
C:[07/11/2016 09:02:42.67][172.16.4.40][1540] SELECT horas_lab FROM tblaca008 WHERE c_asigna='311556' AND horas_teoricas > 0 [0][0] OK
C:[07/11/2016 09:02:42.67][172.16.4.40][1540] SELECT horas_lab FROM tblaca008 WHERE c_asigna='315552' AND horas_teoricas > 0 [1][0] OK
C:[07/11/2016 09:02:42.67][172.16.4.40][1540] SELECT horas_lab FROM tblaca008 WHERE c_asigna='314662' AND horas_teoricas > 0 [1][0] OK
C:[07/11/2016 09:58:38.45][172.16.4.40][1366] SELECT pre_cod_asig1,pre_cod_asig2,pre_cod_asig3,pre_cod_asig4,pre_cod_asig5,pre_cod_asig6,pre_cod_asig7 FROM tblaca009 WHERE pensum='5' AND c_uni_ca='6' AND c_asigna='342436' [1][0] OK
C:[07/11/2016 09:58:38.45][172.16.4.40][1379] SELECT c_asigna FROM dace004 WHERE exp_e='10-20805512' AND c_asigna='300318' AND status IN ('0','3','B') [1][0] OK
C:[07/11/2016 09:58:38.45][172.16.4.40][1379] SELECT c_asigna FROM dace004 WHERE exp_e='10-20805512' AND c_asigna='300317' AND status IN ('0','3','B') [1][0] OK
C:[07/11/2016 09:58:38.45][172.16.4.40][1366] SELECT pre_cod_asig1,pre_cod_asig2,pre_cod_asig3,pre_cod_asig4,pre_cod_asig5,pre_cod_asig6,pre_cod_asig7 FROM tblaca009 WHERE pensum='5' AND c_uni_ca='6' AND c_asigna='311561' [1][0] OK
C:[07/11/2016 09:58:38.45][172.16.4.40][1379] SELECT c_asigna FROM dace004 WHERE exp_e='10-20805512' AND c_asigna='300318' AND status IN ('0','3','B') [1][0] OK
C:[07/11/2016 09:58:38.45][172.16.4.40][1366] SELECT pre_cod_asig1,pre_cod_asig2,pre_cod_asig3,pre_cod_asig4,pre_cod_asig5,pre_cod_asig6,pre_cod_asig7 FROM tblaca009 WHERE pensum='5' AND c_uni_ca='6' AND c_asigna='300676' [1][0] OK
C:[07/11/2016 09:58:38.45][172.16.4.40][1366] SELECT pre_cod_asig1,pre_cod_asig2,pre_cod_asig3,pre_cod_asig4,pre_cod_asig5,pre_cod_asig6,pre_cod_asig7 FROM tblaca009 WHERE pensum='5' AND c_uni_ca='6' AND c_asigna='344687' [1][0] OK
C:[07/11/2016 09:58:38.45][172.16.4.40][1379] SELECT c_asigna FROM dace004 WHERE exp_e='10-20805512' AND c_asigna='344565' AND status IN ('0','3','B') [1][0] OK
C:[07/11/2016 09:58:38.45][172.16.4.40][1366] SELECT pre_cod_asig1,pre_cod_asig2,pre_cod_asig3,pre_cod_asig4,pre_cod_asig5,pre_cod_asig6,pre_cod_asig7 FROM tblaca009 WHERE pensum='5' AND c_uni_ca='6' AND c_asigna='344688' [1][0] OK
C:[07/11/2016 09:58:38.45][172.16.4.40][1379] SELECT c_asigna FROM dace004 WHERE exp_e='10-20805512' AND c_asigna='342567' AND status IN ('0','3','B') [1][0] OK
C:[07/11/2016 09:58:38.45][172.16.4.40][1379] SELECT c_asigna FROM dace004 WHERE exp_e='10-20805512' AND c_asigna='344565' AND status IN ('0','3','B') [1][0] OK
C:[07/11/2016 09:58:39.83][172.16.4.40][1410] SELECT par_cod_asig1,par_cod_asig2,par_cod_asig3 FROM tblaca009 WHERE pensum='5' AND c_uni_ca='6' AND c_asigna='342436' [1][0] OK
C:[07/11/2016 09:58:39.83][172.16.4.40][1410] SELECT par_cod_asig1,par_cod_asig2,par_cod_asig3 FROM tblaca009 WHERE pensum='5' AND c_uni_ca='6' AND c_asigna='311561' [1][0] OK
C:[07/11/2016 09:58:39.83][172.16.4.40][1410] SELECT par_cod_asig1,par_cod_asig2,par_cod_asig3 FROM tblaca009 WHERE pensum='5' AND c_uni_ca='6' AND c_asigna='300676' [1][0] OK
C:[07/11/2016 09:58:39.83][172.16.4.40][1410] SELECT par_cod_asig1,par_cod_asig2,par_cod_asig3 FROM tblaca009 WHERE pensum='5' AND c_uni_ca='6' AND c_asigna='344687' [1][0] OK
C:[07/11/2016 09:58:39.83][172.16.4.40][1410] SELECT par_cod_asig1,par_cod_asig2,par_cod_asig3 FROM tblaca009 WHERE pensum='5' AND c_uni_ca='6' AND c_asigna='344688' [1][0] OK
C:[07/11/2016 09:58:39.47][172.16.4.40][1540] SELECT horas_lab FROM tblaca008 WHERE c_asigna='342436' AND horas_teoricas > 0 [1][0] OK
C:[07/11/2016 09:58:39.47][172.16.4.40][1540] SELECT horas_lab FROM tblaca008 WHERE c_asigna='311561' AND horas_teoricas > 0 [1][0] OK
C:[07/11/2016 09:58:39.47][172.16.4.40][1540] SELECT horas_lab FROM tblaca008 WHERE c_asigna='300676' AND horas_teoricas > 0 [1][0] OK
C:[07/11/2016 09:58:39.47][172.16.4.40][1540] SELECT horas_lab FROM tblaca008 WHERE c_asigna='344687' AND horas_teoricas > 0 [1][0] OK
C:[07/11/2016 09:58:39.47][172.16.4.40][1540] SELECT horas_lab FROM tblaca008 WHERE c_asigna='344688' AND horas_teoricas > 0 [1][0] OK
C:[07/11/2016 09:59:21.34][172.16.4.40][1366] SELECT pre_cod_asig1,pre_cod_asig2,pre_cod_asig3,pre_cod_asig4,pre_cod_asig5,pre_cod_asig6,pre_cod_asig7 FROM tblaca009 WHERE pensum='5' AND c_uni_ca='6' AND c_asigna='342436' [1][0] OK
C:[07/11/2016 09:59:21.34][172.16.4.40][1379] SELECT c_asigna FROM dace004 WHERE exp_e='10-20805512' AND c_asigna='300318' AND status IN ('0','3','B') [1][0] OK
C:[07/11/2016 09:59:21.34][172.16.4.40][1379] SELECT c_asigna FROM dace004 WHERE exp_e='10-20805512' AND c_asigna='300317' AND status IN ('0','3','B') [1][0] OK
C:[07/11/2016 09:59:21.34][172.16.4.40][1366] SELECT pre_cod_asig1,pre_cod_asig2,pre_cod_asig3,pre_cod_asig4,pre_cod_asig5,pre_cod_asig6,pre_cod_asig7 FROM tblaca009 WHERE pensum='5' AND c_uni_ca='6' AND c_asigna='311561' [1][0] OK
C:[07/11/2016 09:59:21.34][172.16.4.40][1379] SELECT c_asigna FROM dace004 WHERE exp_e='10-20805512' AND c_asigna='300318' AND status IN ('0','3','B') [1][0] OK
C:[07/11/2016 09:59:21.34][172.16.4.40][1366] SELECT pre_cod_asig1,pre_cod_asig2,pre_cod_asig3,pre_cod_asig4,pre_cod_asig5,pre_cod_asig6,pre_cod_asig7 FROM tblaca009 WHERE pensum='5' AND c_uni_ca='6' AND c_asigna='300676' [1][0] OK
C:[07/11/2016 09:59:21.34][172.16.4.40][1366] SELECT pre_cod_asig1,pre_cod_asig2,pre_cod_asig3,pre_cod_asig4,pre_cod_asig5,pre_cod_asig6,pre_cod_asig7 FROM tblaca009 WHERE pensum='5' AND c_uni_ca='6' AND c_asigna='344687' [1][0] OK
C:[07/11/2016 09:59:21.34][172.16.4.40][1379] SELECT c_asigna FROM dace004 WHERE exp_e='10-20805512' AND c_asigna='344565' AND status IN ('0','3','B') [1][0] OK
C:[07/11/2016 09:59:21.34][172.16.4.40][1366] SELECT pre_cod_asig1,pre_cod_asig2,pre_cod_asig3,pre_cod_asig4,pre_cod_asig5,pre_cod_asig6,pre_cod_asig7 FROM tblaca009 WHERE pensum='5' AND c_uni_ca='6' AND c_asigna='344688' [1][0] OK
C:[07/11/2016 09:59:21.34][172.16.4.40][1379] SELECT c_asigna FROM dace004 WHERE exp_e='10-20805512' AND c_asigna='342567' AND status IN ('0','3','B') [1][0] OK
C:[07/11/2016 09:59:21.34][172.16.4.40][1379] SELECT c_asigna FROM dace004 WHERE exp_e='10-20805512' AND c_asigna='344565' AND status IN ('0','3','B') [1][0] OK
C:[07/11/2016 09:59:21.72][172.16.4.40][1410] SELECT par_cod_asig1,par_cod_asig2,par_cod_asig3 FROM tblaca009 WHERE pensum='5' AND c_uni_ca='6' AND c_asigna='342436' [1][0] OK
C:[07/11/2016 09:59:21.72][172.16.4.40][1410] SELECT par_cod_asig1,par_cod_asig2,par_cod_asig3 FROM tblaca009 WHERE pensum='5' AND c_uni_ca='6' AND c_asigna='311561' [1][0] OK
C:[07/11/2016 09:59:21.72][172.16.4.40][1410] SELECT par_cod_asig1,par_cod_asig2,par_cod_asig3 FROM tblaca009 WHERE pensum='5' AND c_uni_ca='6' AND c_asigna='300676' [1][0] OK
C:[07/11/2016 09:59:21.72][172.16.4.40][1410] SELECT par_cod_asig1,par_cod_asig2,par_cod_asig3 FROM tblaca009 WHERE pensum='5' AND c_uni_ca='6' AND c_asigna='344687' [1][0] OK
C:[07/11/2016 09:59:21.72][172.16.4.40][1410] SELECT par_cod_asig1,par_cod_asig2,par_cod_asig3 FROM tblaca009 WHERE pensum='5' AND c_uni_ca='6' AND c_asigna='344688' [1][0] OK
C:[07/11/2016 09:59:21.37][172.16.4.40][1540] SELECT horas_lab FROM tblaca008 WHERE c_asigna='342436' AND horas_teoricas > 0 [1][0] OK
C:[07/11/2016 09:59:21.37][172.16.4.40][1540] SELECT horas_lab FROM tblaca008 WHERE c_asigna='311561' AND horas_teoricas > 0 [1][0] OK
C:[07/11/2016 09:59:21.37][172.16.4.40][1540] SELECT horas_lab FROM tblaca008 WHERE c_asigna='300676' AND horas_teoricas > 0 [1][0] OK
C:[07/11/2016 09:59:21.37][172.16.4.40][1540] SELECT horas_lab FROM tblaca008 WHERE c_asigna='344687' AND horas_teoricas > 0 [1][0] OK
C:[07/11/2016 09:59:21.37][172.16.4.40][1540] SELECT horas_lab FROM tblaca008 WHERE c_asigna='344688' AND horas_teoricas > 0 [1][0] OK
C:[07/11/2016 10:04:16.20][172.16.4.40][1366] SELECT pre_cod_asig1,pre_cod_asig2,pre_cod_asig3,pre_cod_asig4,pre_cod_asig5,pre_cod_asig6,pre_cod_asig7 FROM tblaca009 WHERE pensum='5' AND c_uni_ca='5' AND c_asigna='300013' [1][0] OK
C:[07/11/2016 10:04:16.20][172.16.4.40][1366] SELECT pre_cod_asig1,pre_cod_asig2,pre_cod_asig3,pre_cod_asig4,pre_cod_asig5,pre_cod_asig6,pre_cod_asig7 FROM tblaca009 WHERE pensum='5' AND c_uni_ca='5' AND c_asigna='300218' [1][0] OK
C:[07/11/2016 10:04:16.20][172.16.4.40][1379] SELECT c_asigna FROM dace004 WHERE exp_e='15-25688763' AND c_asigna='300101' AND status IN ('0','3','B') [1][0] OK
C:[07/11/2016 10:04:16.20][172.16.4.40][1366] SELECT pre_cod_asig1,pre_cod_asig2,pre_cod_asig3,pre_cod_asig4,pre_cod_asig5,pre_cod_asig6,pre_cod_asig7 FROM tblaca009 WHERE pensum='5' AND c_uni_ca='5' AND c_asigna='300222' [1][0] OK
C:[07/11/2016 10:04:16.20][172.16.4.40][1379] SELECT c_asigna FROM dace004 WHERE exp_e='15-25688763' AND c_asigna='300112' AND status IN ('0','3','B') [1][0] OK
C:[07/11/2016 10:04:16.20][172.16.4.40][1366] SELECT pre_cod_asig1,pre_cod_asig2,pre_cod_asig3,pre_cod_asig4,pre_cod_asig5,pre_cod_asig6,pre_cod_asig7 FROM tblaca009 WHERE pensum='5' AND c_uni_ca='5' AND c_asigna='300228' [1][0] OK
C:[07/11/2016 10:04:16.20][172.16.4.40][1379] SELECT c_asigna FROM dace004 WHERE exp_e='15-25688763' AND c_asigna='300101' AND status IN ('0','3','B') [1][0] OK
C:[07/11/2016 10:04:16.20][172.16.4.40][1366] SELECT pre_cod_asig1,pre_cod_asig2,pre_cod_asig3,pre_cod_asig4,pre_cod_asig5,pre_cod_asig6,pre_cod_asig7 FROM tblaca009 WHERE pensum='5' AND c_uni_ca='5' AND c_asigna='300317' [1][0] OK
C:[07/11/2016 10:04:16.20][172.16.4.40][1379] SELECT c_asigna FROM dace004 WHERE exp_e='15-25688763' AND c_asigna='300207' AND status IN ('0','3','B') [1][0] OK
C:[07/11/2016 10:04:16.20][172.16.4.40][1379] SELECT c_asigna FROM dace004 WHERE exp_e='15-25688763' AND c_asigna='300209' AND status IN ('0','3','B') [1][0] OK
C:[07/11/2016 10:04:16.44][172.16.4.40][1410] SELECT par_cod_asig1,par_cod_asig2,par_cod_asig3 FROM tblaca009 WHERE pensum='5' AND c_uni_ca='5' AND c_asigna='300013' [1][0] OK
C:[07/11/2016 10:04:16.44][172.16.4.40][1410] SELECT par_cod_asig1,par_cod_asig2,par_cod_asig3 FROM tblaca009 WHERE pensum='5' AND c_uni_ca='5' AND c_asigna='300218' [1][0] OK
C:[07/11/2016 10:04:16.44][172.16.4.40][1424] SELECT c_asigna FROM dace004 WHERE exp_e='15-25688763' AND c_asigna='300228' AND status IN ('0','3','B','C') [0][0] OK
C:[07/11/2016 10:04:16.44][172.16.4.40][1410] SELECT par_cod_asig1,par_cod_asig2,par_cod_asig3 FROM tblaca009 WHERE pensum='5' AND c_uni_ca='5' AND c_asigna='300222' [1][0] OK
C:[07/11/2016 10:04:16.44][172.16.4.40][1410] SELECT par_cod_asig1,par_cod_asig2,par_cod_asig3 FROM tblaca009 WHERE pensum='5' AND c_uni_ca='5' AND c_asigna='300228' [1][0] OK
C:[07/11/2016 10:04:16.44][172.16.4.40][1410] SELECT par_cod_asig1,par_cod_asig2,par_cod_asig3 FROM tblaca009 WHERE pensum='5' AND c_uni_ca='5' AND c_asigna='300317' [1][0] OK
C:[07/11/2016 10:04:16.79][172.16.4.40][1540] SELECT horas_lab FROM tblaca008 WHERE c_asigna='300013' AND horas_teoricas > 0 [1][0] OK
C:[07/11/2016 10:04:16.79][172.16.4.40][1540] SELECT horas_lab FROM tblaca008 WHERE c_asigna='300218' AND horas_teoricas > 0 [0][0] OK
C:[07/11/2016 10:04:16.79][172.16.4.40][1540] SELECT horas_lab FROM tblaca008 WHERE c_asigna='300222' AND horas_teoricas > 0 [1][0] OK
C:[07/11/2016 10:04:16.79][172.16.4.40][1540] SELECT horas_lab FROM tblaca008 WHERE c_asigna='300228' AND horas_teoricas > 0 [1][0] OK
C:[07/11/2016 10:04:16.79][172.16.4.40][1540] SELECT horas_lab FROM tblaca008 WHERE c_asigna='300317' AND horas_teoricas > 0 [1][0] OK
C:[07/11/2016 11:01:41.82][172.16.4.254][1366] SELECT pre_cod_asig1,pre_cod_asig2,pre_cod_asig3,pre_cod_asig4,pre_cod_asig5,pre_cod_asig6,pre_cod_asig7 FROM tblaca009 WHERE pensum='5' AND c_uni_ca='5' AND c_asigna='300213' [1][0] OK
C:[07/11/2016 11:01:41.82][172.16.4.254][1379] SELECT c_asigna FROM dace004 WHERE exp_e='14-26098610' AND c_asigna='300101' AND status IN ('0','3','B') [1][0] OK
C:[07/11/2016 11:01:41.82][172.16.4.254][1366] SELECT pre_cod_asig1,pre_cod_asig2,pre_cod_asig3,pre_cod_asig4,pre_cod_asig5,pre_cod_asig6,pre_cod_asig7 FROM tblaca009 WHERE pensum='5' AND c_uni_ca='5' AND c_asigna='300218' [1][0] OK
C:[07/11/2016 11:01:41.82][172.16.4.254][1379] SELECT c_asigna FROM dace004 WHERE exp_e='14-26098610' AND c_asigna='300101' AND status IN ('0','3','B') [1][0] OK
C:[07/11/2016 11:01:41.82][172.16.4.254][1366] SELECT pre_cod_asig1,pre_cod_asig2,pre_cod_asig3,pre_cod_asig4,pre_cod_asig5,pre_cod_asig6,pre_cod_asig7 FROM tblaca009 WHERE pensum='5' AND c_uni_ca='5' AND c_asigna='300228' [1][0] OK
C:[07/11/2016 11:01:41.82][172.16.4.254][1379] SELECT c_asigna FROM dace004 WHERE exp_e='14-26098610' AND c_asigna='300101' AND status IN ('0','3','B') [1][0] OK
C:[07/11/2016 11:01:41.82][172.16.4.254][1366] SELECT pre_cod_asig1,pre_cod_asig2,pre_cod_asig3,pre_cod_asig4,pre_cod_asig5,pre_cod_asig6,pre_cod_asig7 FROM tblaca009 WHERE pensum='5' AND c_uni_ca='5' AND c_asigna='300317' [1][0] OK
C:[07/11/2016 11:01:41.82][172.16.4.254][1379] SELECT c_asigna FROM dace004 WHERE exp_e='14-26098610' AND c_asigna='300207' AND status IN ('0','3','B') [1][0] OK
C:[07/11/2016 11:01:41.82][172.16.4.254][1379] SELECT c_asigna FROM dace004 WHERE exp_e='14-26098610' AND c_asigna='300209' AND status IN ('0','3','B') [1][0] OK
C:[07/11/2016 11:01:41.52][172.16.4.254][1410] SELECT par_cod_asig1,par_cod_asig2,par_cod_asig3 FROM tblaca009 WHERE pensum='5' AND c_uni_ca='5' AND c_asigna='300213' [1][0] OK
C:[07/11/2016 11:01:41.52][172.16.4.254][1424] SELECT c_asigna FROM dace004 WHERE exp_e='14-26098610' AND c_asigna='300209' AND status IN ('0','3','B','C') [1][0] OK
C:[07/11/2016 11:01:41.52][172.16.4.254][1410] SELECT par_cod_asig1,par_cod_asig2,par_cod_asig3 FROM tblaca009 WHERE pensum='5' AND c_uni_ca='5' AND c_asigna='300218' [1][0] OK
C:[07/11/2016 11:01:41.52][172.16.4.254][1424] SELECT c_asigna FROM dace004 WHERE exp_e='14-26098610' AND c_asigna='300228' AND status IN ('0','3','B','C') [0][0] OK
C:[07/11/2016 11:01:41.52][172.16.4.254][1410] SELECT par_cod_asig1,par_cod_asig2,par_cod_asig3 FROM tblaca009 WHERE pensum='5' AND c_uni_ca='5' AND c_asigna='300228' [1][0] OK
C:[07/11/2016 11:01:41.52][172.16.4.254][1410] SELECT par_cod_asig1,par_cod_asig2,par_cod_asig3 FROM tblaca009 WHERE pensum='5' AND c_uni_ca='5' AND c_asigna='300317' [1][0] OK
C:[07/11/2016 11:01:41.28][172.16.4.254][1540] SELECT horas_lab FROM tblaca008 WHERE c_asigna='300213' AND horas_teoricas > 0 [1][0] OK
C:[07/11/2016 11:01:41.28][172.16.4.254][1540] SELECT horas_lab FROM tblaca008 WHERE c_asigna='300218' AND horas_teoricas > 0 [0][0] OK
C:[07/11/2016 11:01:41.28][172.16.4.254][1540] SELECT horas_lab FROM tblaca008 WHERE c_asigna='300228' AND horas_teoricas > 0 [1][0] OK
C:[07/11/2016 11:01:41.28][172.16.4.254][1540] SELECT horas_lab FROM tblaca008 WHERE c_asigna='300317' AND horas_teoricas > 0 [1][0] OK
C:[07/11/2016 13:30:23.36][172.16.4.254][1366] SELECT pre_cod_asig1,pre_cod_asig2,pre_cod_asig3,pre_cod_asig4,pre_cod_asig5,pre_cod_asig6,pre_cod_asig7 FROM tblaca009 WHERE pensum='5' AND c_uni_ca='5' AND c_asigna='300317' [1][0] OK
C:[07/11/2016 13:30:23.36][172.16.4.254][1379] SELECT c_asigna FROM dace004 WHERE exp_e='13-25084655' AND c_asigna='300207' AND status IN ('0','3','B') [1][0] OK
C:[07/11/2016 13:30:23.36][172.16.4.254][1379] SELECT c_asigna FROM dace004 WHERE exp_e='13-25084655' AND c_asigna='300209' AND status IN ('0','3','B') [1][0] OK
C:[07/11/2016 13:30:23.36][172.16.4.254][1366] SELECT pre_cod_asig1,pre_cod_asig2,pre_cod_asig3,pre_cod_asig4,pre_cod_asig5,pre_cod_asig6,pre_cod_asig7 FROM tblaca009 WHERE pensum='5' AND c_uni_ca='5' AND c_asigna='351330' [1][0] OK
C:[07/11/2016 13:30:23.36][172.16.4.254][1379] SELECT c_asigna FROM dace004 WHERE exp_e='13-25084655' AND c_asigna='300218' AND status IN ('0','3','B') [1][0] OK
C:[07/11/2016 13:30:23.36][172.16.4.254][1366] SELECT pre_cod_asig1,pre_cod_asig2,pre_cod_asig3,pre_cod_asig4,pre_cod_asig5,pre_cod_asig6,pre_cod_asig7 FROM tblaca009 WHERE pensum='5' AND c_uni_ca='5' AND c_asigna='355448' [1][0] OK
C:[07/11/2016 13:30:23.36][172.16.4.254][1379] SELECT c_asigna FROM dace004 WHERE exp_e='13-25084655' AND c_asigna='300313' AND status IN ('0','3','B') [1][0] OK
C:[07/11/2016 13:30:23.36][172.16.4.254][1379] SELECT c_asigna FROM dace004 WHERE exp_e='13-25084655' AND c_asigna='300209' AND status IN ('0','3','B') [1][0] OK
C:[07/11/2016 13:30:23.36][172.16.4.254][1379] SELECT c_asigna FROM dace004 WHERE exp_e='13-25084655' AND c_asigna='300226' AND status IN ('0','3','B') [1][0] OK
C:[07/11/2016 13:30:23.36][172.16.4.254][1379] SELECT c_asigna FROM dace004 WHERE exp_e='13-25084655' AND c_asigna='300222' AND status IN ('0','3','B') [1][0] OK
C:[07/11/2016 13:30:24.61][172.16.4.254][1410] SELECT par_cod_asig1,par_cod_asig2,par_cod_asig3 FROM tblaca009 WHERE pensum='5' AND c_uni_ca='5' AND c_asigna='300317' [1][0] OK
C:[07/11/2016 13:30:24.61][172.16.4.254][1410] SELECT par_cod_asig1,par_cod_asig2,par_cod_asig3 FROM tblaca009 WHERE pensum='5' AND c_uni_ca='5' AND c_asigna='351330' [1][0] OK
C:[07/11/2016 13:30:24.61][172.16.4.254][1424] SELECT c_asigna FROM dace004 WHERE exp_e='13-25084655' AND c_asigna='300318' AND status IN ('0','3','B','C') [1][0] OK
C:[07/11/2016 13:30:24.61][172.16.4.254][1424] SELECT c_asigna FROM dace004 WHERE exp_e='13-25084655' AND c_asigna='300317' AND status IN ('0','3','B','C') [0][0] OK
C:[07/11/2016 13:30:24.61][172.16.4.254][1410] SELECT par_cod_asig1,par_cod_asig2,par_cod_asig3 FROM tblaca009 WHERE pensum='5' AND c_uni_ca='5' AND c_asigna='355448' [1][0] OK
C:[07/11/2016 13:30:24.26][172.16.4.254][1540] SELECT horas_lab FROM tblaca008 WHERE c_asigna='300317' AND horas_teoricas > 0 [1][0] OK
C:[07/11/2016 13:30:24.26][172.16.4.254][1540] SELECT horas_lab FROM tblaca008 WHERE c_asigna='351330' AND horas_teoricas > 0 [1][0] OK
C:[07/11/2016 13:30:24.26][172.16.4.254][1540] SELECT horas_lab FROM tblaca008 WHERE c_asigna='355448' AND horas_teoricas > 0 [1][0] OK
C:[09/11/2016 10:44:29.13][172.16.4.254][1366] SELECT pre_cod_asig1,pre_cod_asig2,pre_cod_asig3,pre_cod_asig4,pre_cod_asig5,pre_cod_asig6,pre_cod_asig7 FROM tblaca009 WHERE pensum='5' AND c_uni_ca='6' AND c_asigna='300313' [1][0] OK
C:[09/11/2016 10:44:29.13][172.16.4.254][1379] SELECT c_asigna FROM dace004 WHERE exp_e='14-25636840' AND c_asigna='300213' AND status IN ('0','3','B') [1][0] OK
C:[09/11/2016 10:44:29.13][172.16.4.254][1379] SELECT c_asigna FROM dace004 WHERE exp_e='14-25636840' AND c_asigna='300226' AND status IN ('0','3','B') [1][0] OK
C:[09/11/2016 10:44:29.13][172.16.4.254][1379] SELECT c_asigna FROM dace004 WHERE exp_e='14-25636840' AND c_asigna='300222' AND status IN ('0','3','B') [1][0] OK
C:[09/11/2016 10:44:29.13][172.16.4.254][1379] SELECT c_asigna FROM dace004 WHERE exp_e='14-25636840' AND c_asigna='300209' AND status IN ('0','3','B') [1][0] OK
C:[09/11/2016 10:44:29.13][172.16.4.254][1366] SELECT pre_cod_asig1,pre_cod_asig2,pre_cod_asig3,pre_cod_asig4,pre_cod_asig5,pre_cod_asig6,pre_cod_asig7 FROM tblaca009 WHERE pensum='5' AND c_uni_ca='6' AND c_asigna='300318' [1][0] OK
C:[09/11/2016 10:44:29.13][172.16.4.254][1379] SELECT c_asigna FROM dace004 WHERE exp_e='14-25636840' AND c_asigna='300228' AND status IN ('0','3','B') [1][0] OK
C:[09/11/2016 10:44:29.13][172.16.4.254][1379] SELECT c_asigna FROM dace004 WHERE exp_e='14-25636840' AND c_asigna='300207' AND status IN ('0','3','B') [1][0] OK
C:[09/11/2016 10:44:29.13][172.16.4.254][1379] SELECT c_asigna FROM dace004 WHERE exp_e='14-25636840' AND c_asigna='300218' AND status IN ('0','3','B') [1][0] OK
C:[09/11/2016 10:44:29.13][172.16.4.254][1366] SELECT pre_cod_asig1,pre_cod_asig2,pre_cod_asig3,pre_cod_asig4,pre_cod_asig5,pre_cod_asig6,pre_cod_asig7 FROM tblaca009 WHERE pensum='5' AND c_uni_ca='6' AND c_asigna='340323' [1][0] OK
C:[09/11/2016 10:44:29.13][172.16.4.254][1379] SELECT c_asigna FROM dace004 WHERE exp_e='14-25636840' AND c_asigna='300228' AND status IN ('0','3','B') [1][0] OK
C:[09/11/2016 10:44:29.13][172.16.4.254][1379] SELECT c_asigna FROM dace004 WHERE exp_e='14-25636840' AND c_asigna='300207' AND status IN ('0','3','B') [1][0] OK
C:[09/11/2016 10:44:29.13][172.16.4.254][1366] SELECT pre_cod_asig1,pre_cod_asig2,pre_cod_asig3,pre_cod_asig4,pre_cod_asig5,pre_cod_asig6,pre_cod_asig7 FROM tblaca009 WHERE pensum='5' AND c_uni_ca='6' AND c_asigna='343568' [1][0] OK
C:[09/11/2016 10:44:29.13][172.16.4.254][1379] SELECT c_asigna FROM dace004 WHERE exp_e='14-25636840' AND c_asigna='340327' AND status IN ('0','3','B') [1][0] OK
C:[09/11/2016 10:44:29.13][172.16.4.254][1366] SELECT pre_cod_asig1,pre_cod_asig2,pre_cod_asig3,pre_cod_asig4,pre_cod_asig5,pre_cod_asig6,pre_cod_asig7 FROM tblaca009 WHERE pensum='5' AND c_uni_ca='6' AND c_asigna='300317' [1][0] OK
C:[09/11/2016 10:44:29.13][172.16.4.254][1379] SELECT c_asigna FROM dace004 WHERE exp_e='14-25636840' AND c_asigna='300207' AND status IN ('0','3','B') [1][0] OK
C:[09/11/2016 10:44:29.13][172.16.4.254][1379] SELECT c_asigna FROM dace004 WHERE exp_e='14-25636840' AND c_asigna='300209' AND status IN ('0','3','B') [1][0] OK
C:[09/11/2016 10:44:30.25][172.16.4.254][1410] SELECT par_cod_asig1,par_cod_asig2,par_cod_asig3 FROM tblaca009 WHERE pensum='5' AND c_uni_ca='6' AND c_asigna='300313' [1][0] OK
C:[09/11/2016 10:44:30.25][172.16.4.254][1410] SELECT par_cod_asig1,par_cod_asig2,par_cod_asig3 FROM tblaca009 WHERE pensum='5' AND c_uni_ca='6' AND c_asigna='300318' [1][0] OK
C:[09/11/2016 10:44:30.25][172.16.4.254][1410] SELECT par_cod_asig1,par_cod_asig2,par_cod_asig3 FROM tblaca009 WHERE pensum='5' AND c_uni_ca='6' AND c_asigna='340323' [1][0] OK
C:[09/11/2016 10:44:30.25][172.16.4.254][1410] SELECT par_cod_asig1,par_cod_asig2,par_cod_asig3 FROM tblaca009 WHERE pensum='5' AND c_uni_ca='6' AND c_asigna='343568' [1][0] OK
C:[09/11/2016 10:44:30.25][172.16.4.254][1410] SELECT par_cod_asig1,par_cod_asig2,par_cod_asig3 FROM tblaca009 WHERE pensum='5' AND c_uni_ca='6' AND c_asigna='300317' [1][0] OK
C:[09/11/2016 10:44:30.01][172.16.4.254][1540] SELECT horas_lab FROM tblaca008 WHERE c_asigna='300313' AND horas_teoricas > 0 [1][0] OK
C:[09/11/2016 10:44:30.01][172.16.4.254][1540] SELECT horas_lab FROM tblaca008 WHERE c_asigna='300318' AND horas_teoricas > 0 [1][0] OK
C:[09/11/2016 10:44:30.01][172.16.4.254][1540] SELECT horas_lab FROM tblaca008 WHERE c_asigna='340323' AND horas_teoricas > 0 [1][0] OK
C:[09/11/2016 10:44:30.01][172.16.4.254][1540] SELECT horas_lab FROM tblaca008 WHERE c_asigna='343568' AND horas_teoricas > 0 [1][0] OK
C:[09/11/2016 10:58:51.78][172.16.4.254][1366] SELECT pre_cod_asig1,pre_cod_asig2,pre_cod_asig3,pre_cod_asig4,pre_cod_asig5,pre_cod_asig6,pre_cod_asig7 FROM tblaca009 WHERE pensum='5' AND c_uni_ca='3' AND c_asigna='312333' [1][0] OK
C:[09/11/2016 10:58:51.78][172.16.4.254][1379] SELECT c_asigna FROM dace004 WHERE exp_e='12-23017007' AND c_asigna='300228' AND status IN ('0','3','B') [1][0] OK
C:[09/11/2016 10:58:51.78][172.16.4.254][1366] SELECT pre_cod_asig1,pre_cod_asig2,pre_cod_asig3,pre_cod_asig4,pre_cod_asig5,pre_cod_asig6,pre_cod_asig7 FROM tblaca009 WHERE pensum='5' AND c_uni_ca='3' AND c_asigna='300676' [1][0] OK
C:[09/11/2016 10:58:51.78][172.16.4.254][1366] SELECT pre_cod_asig1,pre_cod_asig2,pre_cod_asig3,pre_cod_asig4,pre_cod_asig5,pre_cod_asig6,pre_cod_asig7 FROM tblaca009 WHERE pensum='5' AND c_uni_ca='3' AND c_asigna='311655' [1][0] OK
C:[09/11/2016 10:58:51.78][172.16.4.254][1379] SELECT c_asigna FROM dace004 WHERE exp_e='12-23017007' AND c_asigna='311556' AND status IN ('0','3','B') [1][0] OK
C:[09/11/2016 10:58:51.78][172.16.4.254][1366] SELECT pre_cod_asig1,pre_cod_asig2,pre_cod_asig3,pre_cod_asig4,pre_cod_asig5,pre_cod_asig6,pre_cod_asig7 FROM tblaca009 WHERE pensum='5' AND c_uni_ca='3' AND c_asigna='311673' [1][0] OK
C:[09/11/2016 10:58:51.78][172.16.4.254][1379] SELECT c_asigna FROM dace004 WHERE exp_e='12-23017007' AND c_asigna='311551' AND status IN ('0','3','B') [1][0] OK
C:[09/11/2016 10:58:51.78][172.16.4.254][1379] SELECT c_asigna FROM dace004 WHERE exp_e='12-23017007' AND c_asigna='311554' AND status IN ('0','3','B') [1][0] OK
C:[09/11/2016 10:58:51.78][172.16.4.254][1379] SELECT c_asigna FROM dace004 WHERE exp_e='12-23017007' AND c_asigna='311320' AND status IN ('0','3','B') [1][0] OK
C:[09/11/2016 10:58:51.78][172.16.4.254][1366] SELECT pre_cod_asig1,pre_cod_asig2,pre_cod_asig3,pre_cod_asig4,pre_cod_asig5,pre_cod_asig6,pre_cod_asig7 FROM tblaca009 WHERE pensum='5' AND c_uni_ca='3' AND c_asigna='311674' [1][0] OK
C:[09/11/2016 10:58:51.78][172.16.4.254][1379] SELECT c_asigna FROM dace004 WHERE exp_e='12-23017007' AND c_asigna='310548' AND status IN ('0','3','B') [1][0] OK
C:[09/11/2016 10:58:51.78][172.16.4.254][1379] SELECT c_asigna FROM dace004 WHERE exp_e='12-23017007' AND c_asigna='311551' AND status IN ('0','3','B') [1][0] OK
C:[09/11/2016 10:58:51.78][172.16.4.254][1379] SELECT c_asigna FROM dace004 WHERE exp_e='12-23017007' AND c_asigna='311320' AND status IN ('0','3','B') [1][0] OK
C:[09/11/2016 10:58:51.78][172.16.4.254][1366] SELECT pre_cod_asig1,pre_cod_asig2,pre_cod_asig3,pre_cod_asig4,pre_cod_asig5,pre_cod_asig6,pre_cod_asig7 FROM tblaca009 WHERE pensum='5' AND c_uni_ca='3' AND c_asigna='311796' [1][0] OK
C:[09/11/2016 10:58:51.78][172.16.4.254][1379] SELECT c_asigna FROM dace004 WHERE exp_e='12-23017007' AND c_asigna='315671' AND status IN ('0','3','B') [1][0] OK
C:[09/11/2016 10:58:51.78][172.16.4.254][1366] SELECT pre_cod_asig1,pre_cod_asig2,pre_cod_asig3,pre_cod_asig4,pre_cod_asig5,pre_cod_asig6,pre_cod_asig7 FROM tblaca009 WHERE pensum='5' AND c_uni_ca='3' AND c_asigna='311827' [1][0] OK
C:[09/11/2016 10:58:51.78][172.16.4.254][1379] SELECT c_asigna FROM dace004 WHERE exp_e='12-23017007' AND c_asigna='311704' AND status IN ('0','3','B') [1][0] OK
C:[09/11/2016 10:58:52.89][172.16.4.254][1410] SELECT par_cod_asig1,par_cod_asig2,par_cod_asig3 FROM tblaca009 WHERE pensum='5' AND c_uni_ca='3' AND c_asigna='312333' [1][0] OK
C:[09/11/2016 10:58:52.89][172.16.4.254][1410] SELECT par_cod_asig1,par_cod_asig2,par_cod_asig3 FROM tblaca009 WHERE pensum='5' AND c_uni_ca='3' AND c_asigna='300676' [1][0] OK
C:[09/11/2016 10:58:52.89][172.16.4.254][1410] SELECT par_cod_asig1,par_cod_asig2,par_cod_asig3 FROM tblaca009 WHERE pensum='5' AND c_uni_ca='3' AND c_asigna='311655' [1][0] OK
C:[09/11/2016 10:58:52.89][172.16.4.254][1410] SELECT par_cod_asig1,par_cod_asig2,par_cod_asig3 FROM tblaca009 WHERE pensum='5' AND c_uni_ca='3' AND c_asigna='311673' [1][0] OK
C:[09/11/2016 10:58:52.89][172.16.4.254][1410] SELECT par_cod_asig1,par_cod_asig2,par_cod_asig3 FROM tblaca009 WHERE pensum='5' AND c_uni_ca='3' AND c_asigna='311674' [1][0] OK
C:[09/11/2016 10:58:52.89][172.16.4.254][1410] SELECT par_cod_asig1,par_cod_asig2,par_cod_asig3 FROM tblaca009 WHERE pensum='5' AND c_uni_ca='3' AND c_asigna='311796' [1][0] OK
C:[09/11/2016 10:58:52.89][172.16.4.254][1410] SELECT par_cod_asig1,par_cod_asig2,par_cod_asig3 FROM tblaca009 WHERE pensum='5' AND c_uni_ca='3' AND c_asigna='311827' [1][0] OK
C:[09/11/2016 10:58:52.79][172.16.4.254][1540] SELECT horas_lab FROM tblaca008 WHERE c_asigna='312333' AND horas_teoricas > 0 [1][0] OK
C:[09/11/2016 10:58:52.79][172.16.4.254][1540] SELECT horas_lab FROM tblaca008 WHERE c_asigna='300676' AND horas_teoricas > 0 [1][0] OK
C:[09/11/2016 10:58:52.79][172.16.4.254][1540] SELECT horas_lab FROM tblaca008 WHERE c_asigna='311655' AND horas_teoricas > 0 [1][0] OK
C:[09/11/2016 10:58:52.79][172.16.4.254][1540] SELECT horas_lab FROM tblaca008 WHERE c_asigna='311673' AND horas_teoricas > 0 [1][0] OK
C:[09/11/2016 10:58:52.79][172.16.4.254][1540] SELECT horas_lab FROM tblaca008 WHERE c_asigna='311674' AND horas_teoricas > 0 [1][0] OK
C:[09/11/2016 10:58:52.79][172.16.4.254][1540] SELECT horas_lab FROM tblaca008 WHERE c_asigna='311796' AND horas_teoricas > 0 [1][0] OK
C:[09/11/2016 10:58:52.79][172.16.4.254][1540] SELECT horas_lab FROM tblaca008 WHERE c_asigna='311827' AND horas_teoricas > 0 [1][0] OK
C:[09/11/2016 13:11:41.58][172.16.4.244][1366] SELECT pre_cod_asig1,pre_cod_asig2,pre_cod_asig3,pre_cod_asig4,pre_cod_asig5,pre_cod_asig6,pre_cod_asig7 FROM tblaca009 WHERE pensum='5' AND c_uni_ca='2' AND c_asigna='300013' [1][0] OK
C:[09/11/2016 13:11:41.58][172.16.4.244][1366] SELECT pre_cod_asig1,pre_cod_asig2,pre_cod_asig3,pre_cod_asig4,pre_cod_asig5,pre_cod_asig6,pre_cod_asig7 FROM tblaca009 WHERE pensum='5' AND c_uni_ca='2' AND c_asigna='300101' [1][0] OK
C:[09/11/2016 13:11:41.58][172.16.4.244][1366] SELECT pre_cod_asig1,pre_cod_asig2,pre_cod_asig3,pre_cod_asig4,pre_cod_asig5,pre_cod_asig6,pre_cod_asig7 FROM tblaca009 WHERE pensum='5' AND c_uni_ca='2' AND c_asigna='300105' [1][0] OK
C:[09/11/2016 13:11:41.58][172.16.4.244][1366] SELECT pre_cod_asig1,pre_cod_asig2,pre_cod_asig3,pre_cod_asig4,pre_cod_asig5,pre_cod_asig6,pre_cod_asig7 FROM tblaca009 WHERE pensum='5' AND c_uni_ca='2' AND c_asigna='300113' [1][0] OK
C:[09/11/2016 13:11:41.58][172.16.4.244][1366] SELECT pre_cod_asig1,pre_cod_asig2,pre_cod_asig3,pre_cod_asig4,pre_cod_asig5,pre_cod_asig6,pre_cod_asig7 FROM tblaca009 WHERE pensum='5' AND c_uni_ca='2' AND c_asigna='300116' [1][0] OK
C:[09/11/2016 13:11:41.58][172.16.4.244][1366] SELECT pre_cod_asig1,pre_cod_asig2,pre_cod_asig3,pre_cod_asig4,pre_cod_asig5,pre_cod_asig6,pre_cod_asig7 FROM tblaca009 WHERE pensum='5' AND c_uni_ca='2' AND c_asigna='300222' [1][0] OK
C:[09/11/2016 13:11:41.58][172.16.4.244][1379] SELECT c_asigna FROM dace004 WHERE exp_e='12-25083639' AND c_asigna='300112' AND status IN ('0','3','B') [1][0] OK
C:[09/11/2016 13:11:41.59][172.16.4.244][1410] SELECT par_cod_asig1,par_cod_asig2,par_cod_asig3 FROM tblaca009 WHERE pensum='5' AND c_uni_ca='2' AND c_asigna='300013' [1][0] OK
C:[09/11/2016 13:11:41.59][172.16.4.244][1410] SELECT par_cod_asig1,par_cod_asig2,par_cod_asig3 FROM tblaca009 WHERE pensum='5' AND c_uni_ca='2' AND c_asigna='300101' [1][0] OK
C:[09/11/2016 13:11:41.59][172.16.4.244][1410] SELECT par_cod_asig1,par_cod_asig2,par_cod_asig3 FROM tblaca009 WHERE pensum='5' AND c_uni_ca='2' AND c_asigna='300105' [1][0] OK
C:[09/11/2016 13:11:41.59][172.16.4.244][1410] SELECT par_cod_asig1,par_cod_asig2,par_cod_asig3 FROM tblaca009 WHERE pensum='5' AND c_uni_ca='2' AND c_asigna='300113' [1][0] OK
C:[09/11/2016 13:11:41.59][172.16.4.244][1424] SELECT c_asigna FROM dace004 WHERE exp_e='12-25083639' AND c_asigna='300013' AND status IN ('0','3','B','C') [0][0] OK
C:[09/11/2016 13:11:41.59][172.16.4.244][1410] SELECT par_cod_asig1,par_cod_asig2,par_cod_asig3 FROM tblaca009 WHERE pensum='5' AND c_uni_ca='2' AND c_asigna='300116' [1][0] OK
C:[09/11/2016 13:11:41.59][172.16.4.244][1410] SELECT par_cod_asig1,par_cod_asig2,par_cod_asig3 FROM tblaca009 WHERE pensum='5' AND c_uni_ca='2' AND c_asigna='300222' [1][0] OK
C:[09/11/2016 13:11:41.93][172.16.4.244][1540] SELECT horas_lab FROM tblaca008 WHERE c_asigna='300013' AND horas_teoricas > 0 [1][0] OK
C:[09/11/2016 13:11:41.93][172.16.4.244][1540] SELECT horas_lab FROM tblaca008 WHERE c_asigna='300101' AND horas_teoricas > 0 [1][0] OK
C:[09/11/2016 13:11:41.93][172.16.4.244][1540] SELECT horas_lab FROM tblaca008 WHERE c_asigna='300105' AND horas_teoricas > 0 [1][0] OK
C:[09/11/2016 13:11:41.93][172.16.4.244][1540] SELECT horas_lab FROM tblaca008 WHERE c_asigna='300113' AND horas_teoricas > 0 [0][0] OK
C:[09/11/2016 13:11:41.93][172.16.4.244][1540] SELECT horas_lab FROM tblaca008 WHERE c_asigna='300116' AND horas_teoricas > 0 [1][0] OK
C:[09/11/2016 13:11:41.93][172.16.4.244][1540] SELECT horas_lab FROM tblaca008 WHERE c_asigna='300222' AND horas_teoricas > 0 [1][0] OK
C:[14/11/2016 16:54:53.49][172.16.4.254][1366] SELECT pre_cod_asig1,pre_cod_asig2,pre_cod_asig3,pre_cod_asig4,pre_cod_asig5,pre_cod_asig6,pre_cod_asig7 FROM tblaca009 WHERE pensum='5' AND c_uni_ca='4' AND c_asigna='300207' [1][0] OK
C:[14/11/2016 16:54:53.49][172.16.4.254][1379] SELECT c_asigna FROM dace004 WHERE exp_e='15-27923846' AND c_asigna='300101' AND status IN ('0','3','B') [1][0] OK
C:[14/11/2016 16:54:53.49][172.16.4.254][1366] SELECT pre_cod_asig1,pre_cod_asig2,pre_cod_asig3,pre_cod_asig4,pre_cod_asig5,pre_cod_asig6,pre_cod_asig7 FROM tblaca009 WHERE pensum='5' AND c_uni_ca='4' AND c_asigna='300209' [1][0] OK
C:[14/11/2016 16:54:53.49][172.16.4.254][1379] SELECT c_asigna FROM dace004 WHERE exp_e='15-27923846' AND c_asigna='300101' AND status IN ('0','3','B') [1][0] OK
C:[14/11/2016 16:54:53.49][172.16.4.254][1366] SELECT pre_cod_asig1,pre_cod_asig2,pre_cod_asig3,pre_cod_asig4,pre_cod_asig5,pre_cod_asig6,pre_cod_asig7 FROM tblaca009 WHERE pensum='5' AND c_uni_ca='4' AND c_asigna='300218' [1][0] OK
C:[14/11/2016 16:54:53.49][172.16.4.254][1379] SELECT c_asigna FROM dace004 WHERE exp_e='15-27923846' AND c_asigna='300101' AND status IN ('0','3','B') [1][0] OK
C:[14/11/2016 16:54:53.49][172.16.4.254][1366] SELECT pre_cod_asig1,pre_cod_asig2,pre_cod_asig3,pre_cod_asig4,pre_cod_asig5,pre_cod_asig6,pre_cod_asig7 FROM tblaca009 WHERE pensum='5' AND c_uni_ca='4' AND c_asigna='300222' [1][0] OK
C:[14/11/2016 16:54:53.49][172.16.4.254][1379] SELECT c_asigna FROM dace004 WHERE exp_e='15-27923846' AND c_asigna='300112' AND status IN ('0','3','B') [1][0] OK
C:[14/11/2016 16:54:53.49][172.16.4.254][1366] SELECT pre_cod_asig1,pre_cod_asig2,pre_cod_asig3,pre_cod_asig4,pre_cod_asig5,pre_cod_asig6,pre_cod_asig7 FROM tblaca009 WHERE pensum='5' AND c_uni_ca='4' AND c_asigna='300226' [1][0] OK
C:[14/11/2016 16:54:53.49][172.16.4.254][1379] SELECT c_asigna FROM dace004 WHERE exp_e='15-27923846' AND c_asigna='300116' AND status IN ('0','3','B') [1][0] OK
C:[14/11/2016 16:54:53.49][172.16.4.254][1366] SELECT pre_cod_asig1,pre_cod_asig2,pre_cod_asig3,pre_cod_asig4,pre_cod_asig5,pre_cod_asig6,pre_cod_asig7 FROM tblaca009 WHERE pensum='5' AND c_uni_ca='4' AND c_asigna='300228' [1][0] OK
C:[14/11/2016 16:54:53.49][172.16.4.254][1379] SELECT c_asigna FROM dace004 WHERE exp_e='15-27923846' AND c_asigna='300101' AND status IN ('0','3','B') [1][0] OK
C:[14/11/2016 16:54:53.49][172.16.4.254][1366] SELECT pre_cod_asig1,pre_cod_asig2,pre_cod_asig3,pre_cod_asig4,pre_cod_asig5,pre_cod_asig6,pre_cod_asig7 FROM tblaca009 WHERE pensum='5' AND c_uni_ca='4' AND c_asigna='333326' [1][0] OK
C:[14/11/2016 16:54:54.81][172.16.4.254][1410] SELECT par_cod_asig1,par_cod_asig2,par_cod_asig3 FROM tblaca009 WHERE pensum='5' AND c_uni_ca='4' AND c_asigna='300207' [1][0] OK
C:[14/11/2016 16:54:54.81][172.16.4.254][1410] SELECT par_cod_asig1,par_cod_asig2,par_cod_asig3 FROM tblaca009 WHERE pensum='5' AND c_uni_ca='4' AND c_asigna='300209' [1][0] OK
C:[14/11/2016 16:54:54.81][172.16.4.254][1410] SELECT par_cod_asig1,par_cod_asig2,par_cod_asig3 FROM tblaca009 WHERE pensum='5' AND c_uni_ca='4' AND c_asigna='300218' [1][0] OK
C:[14/11/2016 16:54:54.81][172.16.4.254][1424] SELECT c_asigna FROM dace004 WHERE exp_e='15-27923846' AND c_asigna='300228' AND status IN ('0','3','B','C') [0][0] OK
C:[14/11/2016 16:54:54.81][172.16.4.254][1410] SELECT par_cod_asig1,par_cod_asig2,par_cod_asig3 FROM tblaca009 WHERE pensum='5' AND c_uni_ca='4' AND c_asigna='300222' [1][0] OK
C:[14/11/2016 16:54:54.81][172.16.4.254][1410] SELECT par_cod_asig1,par_cod_asig2,par_cod_asig3 FROM tblaca009 WHERE pensum='5' AND c_uni_ca='4' AND c_asigna='300226' [1][0] OK
C:[14/11/2016 16:54:54.81][172.16.4.254][1410] SELECT par_cod_asig1,par_cod_asig2,par_cod_asig3 FROM tblaca009 WHERE pensum='5' AND c_uni_ca='4' AND c_asigna='300228' [1][0] OK
C:[14/11/2016 16:54:54.81][172.16.4.254][1410] SELECT par_cod_asig1,par_cod_asig2,par_cod_asig3 FROM tblaca009 WHERE pensum='5' AND c_uni_ca='4' AND c_asigna='333326' [1][0] OK
C:[14/11/2016 16:54:54.39][172.16.4.254][1540] SELECT horas_lab FROM tblaca008 WHERE c_asigna='300207' AND horas_teoricas > 0 [1][0] OK
C:[14/11/2016 16:54:54.39][172.16.4.254][1540] SELECT horas_lab FROM tblaca008 WHERE c_asigna='300209' AND horas_teoricas > 0 [1][0] OK
C:[14/11/2016 16:54:54.39][172.16.4.254][1540] SELECT horas_lab FROM tblaca008 WHERE c_asigna='300218' AND horas_teoricas > 0 [0][0] OK
C:[14/11/2016 16:54:54.39][172.16.4.254][1540] SELECT horas_lab FROM tblaca008 WHERE c_asigna='300222' AND horas_teoricas > 0 [1][0] OK
C:[14/11/2016 16:54:54.39][172.16.4.254][1540] SELECT horas_lab FROM tblaca008 WHERE c_asigna='300226' AND horas_teoricas > 0 [1][0] OK
C:[14/11/2016 16:54:54.39][172.16.4.254][1540] SELECT horas_lab FROM tblaca008 WHERE c_asigna='300228' AND horas_teoricas > 0 [1][0] OK
C:[14/11/2016 16:54:54.39][172.16.4.254][1540] SELECT horas_lab FROM tblaca008 WHERE c_asigna='333326' AND horas_teoricas > 0 [1][0] OK
C:[16/11/2016 09:20:06.84][172.16.4.254][1366] SELECT pre_cod_asig1,pre_cod_asig2,pre_cod_asig3,pre_cod_asig4,pre_cod_asig5,pre_cod_asig6,pre_cod_asig7 FROM tblaca009 WHERE pensum='5' AND c_uni_ca='5' AND c_asigna='300013' [1][0] OK
C:[16/11/2016 09:20:06.84][172.16.4.254][1366] SELECT pre_cod_asig1,pre_cod_asig2,pre_cod_asig3,pre_cod_asig4,pre_cod_asig5,pre_cod_asig6,pre_cod_asig7 FROM tblaca009 WHERE pensum='5' AND c_uni_ca='5' AND c_asigna='300213' [1][0] OK
C:[16/11/2016 09:20:06.84][172.16.4.254][1379] SELECT c_asigna FROM dace004 WHERE exp_e='15-26382883' AND c_asigna='300101' AND status IN ('0','3','B') [1][0] OK
C:[16/11/2016 09:20:06.84][172.16.4.254][1366] SELECT pre_cod_asig1,pre_cod_asig2,pre_cod_asig3,pre_cod_asig4,pre_cod_asig5,pre_cod_asig6,pre_cod_asig7 FROM tblaca009 WHERE pensum='5' AND c_uni_ca='5' AND c_asigna='300218' [1][0] OK
C:[16/11/2016 09:20:06.84][172.16.4.254][1379] SELECT c_asigna FROM dace004 WHERE exp_e='15-26382883' AND c_asigna='300101' AND status IN ('0','3','B') [1][0] OK
C:[16/11/2016 09:20:06.84][172.16.4.254][1366] SELECT pre_cod_asig1,pre_cod_asig2,pre_cod_asig3,pre_cod_asig4,pre_cod_asig5,pre_cod_asig6,pre_cod_asig7 FROM tblaca009 WHERE pensum='5' AND c_uni_ca='5' AND c_asigna='300222' [1][0] OK
C:[16/11/2016 09:20:06.84][172.16.4.254][1379] SELECT c_asigna FROM dace004 WHERE exp_e='15-26382883' AND c_asigna='300112' AND status IN ('0','3','B') [1][0] OK
C:[16/11/2016 09:20:06.84][172.16.4.254][1366] SELECT pre_cod_asig1,pre_cod_asig2,pre_cod_asig3,pre_cod_asig4,pre_cod_asig5,pre_cod_asig6,pre_cod_asig7 FROM tblaca009 WHERE pensum='5' AND c_uni_ca='5' AND c_asigna='300317' [1][0] OK
C:[16/11/2016 09:20:06.84][172.16.4.254][1379] SELECT c_asigna FROM dace004 WHERE exp_e='15-26382883' AND c_asigna='300207' AND status IN ('0','3','B') [1][0] OK
C:[16/11/2016 09:20:06.84][172.16.4.254][1379] SELECT c_asigna FROM dace004 WHERE exp_e='15-26382883' AND c_asigna='300209' AND status IN ('0','3','B') [1][0] OK
C:[16/11/2016 09:20:06.84][172.16.4.254][1366] SELECT pre_cod_asig1,pre_cod_asig2,pre_cod_asig3,pre_cod_asig4,pre_cod_asig5,pre_cod_asig6,pre_cod_asig7 FROM tblaca009 WHERE pensum='5' AND c_uni_ca='5' AND c_asigna='355350' [1][0] OK
C:[16/11/2016 09:20:06.84][172.16.4.254][1379] SELECT c_asigna FROM dace004 WHERE exp_e='15-26382883' AND c_asigna='300207' AND status IN ('0','3','B') [1][0] OK
C:[16/11/2016 09:20:06.84][172.16.4.254][1379] SELECT c_asigna FROM dace004 WHERE exp_e='15-26382883' AND c_asigna='300228' AND status IN ('0','3','B') [1][0] OK
C:[16/11/2016 09:20:06.47][172.16.4.254][1410] SELECT par_cod_asig1,par_cod_asig2,par_cod_asig3 FROM tblaca009 WHERE pensum='5' AND c_uni_ca='5' AND c_asigna='300013' [1][0] OK
C:[16/11/2016 09:20:06.47][172.16.4.254][1410] SELECT par_cod_asig1,par_cod_asig2,par_cod_asig3 FROM tblaca009 WHERE pensum='5' AND c_uni_ca='5' AND c_asigna='300213' [1][0] OK
C:[16/11/2016 09:20:06.47][172.16.4.254][1424] SELECT c_asigna FROM dace004 WHERE exp_e='15-26382883' AND c_asigna='300209' AND status IN ('0','3','B','C') [1][0] OK
C:[16/11/2016 09:20:06.47][172.16.4.254][1410] SELECT par_cod_asig1,par_cod_asig2,par_cod_asig3 FROM tblaca009 WHERE pensum='5' AND c_uni_ca='5' AND c_asigna='300218' [1][0] OK
C:[16/11/2016 09:20:06.47][172.16.4.254][1424] SELECT c_asigna FROM dace004 WHERE exp_e='15-26382883' AND c_asigna='300228' AND status IN ('0','3','B','C') [1][0] OK
C:[16/11/2016 09:20:06.47][172.16.4.254][1410] SELECT par_cod_asig1,par_cod_asig2,par_cod_asig3 FROM tblaca009 WHERE pensum='5' AND c_uni_ca='5' AND c_asigna='300222' [1][0] OK
C:[16/11/2016 09:20:06.47][172.16.4.254][1410] SELECT par_cod_asig1,par_cod_asig2,par_cod_asig3 FROM tblaca009 WHERE pensum='5' AND c_uni_ca='5' AND c_asigna='300317' [1][0] OK
C:[16/11/2016 09:20:06.47][172.16.4.254][1410] SELECT par_cod_asig1,par_cod_asig2,par_cod_asig3 FROM tblaca009 WHERE pensum='5' AND c_uni_ca='5' AND c_asigna='355350' [1][0] OK
C:[16/11/2016 09:20:06.50][172.16.4.254][1540] SELECT horas_lab FROM tblaca008 WHERE c_asigna='300013' AND horas_teoricas > 0 [1][0] OK
C:[16/11/2016 09:20:06.50][172.16.4.254][1540] SELECT horas_lab FROM tblaca008 WHERE c_asigna='300213' AND horas_teoricas > 0 [1][0] OK
C:[16/11/2016 09:20:06.50][172.16.4.254][1540] SELECT horas_lab FROM tblaca008 WHERE c_asigna='300218' AND horas_teoricas > 0 [0][0] OK
C:[16/11/2016 09:20:06.50][172.16.4.254][1540] SELECT horas_lab FROM tblaca008 WHERE c_asigna='300222' AND horas_teoricas > 0 [1][0] OK
C:[16/11/2016 09:20:06.50][172.16.4.254][1540] SELECT horas_lab FROM tblaca008 WHERE c_asigna='300317' AND horas_teoricas > 0 [1][0] OK
C:[16/11/2016 09:20:06.50][172.16.4.254][1540] SELECT horas_lab FROM tblaca008 WHERE c_asigna='355350' AND horas_teoricas > 0 [1][0] OK
C:[16/11/2016 09:24:02.02][172.16.4.254][1366] SELECT pre_cod_asig1,pre_cod_asig2,pre_cod_asig3,pre_cod_asig4,pre_cod_asig5,pre_cod_asig6,pre_cod_asig7 FROM tblaca009 WHERE pensum='5' AND c_uni_ca='5' AND c_asigna='300213' [1][0] OK
C:[16/11/2016 09:24:02.02][172.16.4.254][1379] SELECT c_asigna FROM dace004 WHERE exp_e='14-23827851' AND c_asigna='300101' AND status IN ('0','3','B') [1][0] OK
C:[16/11/2016 09:24:02.02][172.16.4.254][1366] SELECT pre_cod_asig1,pre_cod_asig2,pre_cod_asig3,pre_cod_asig4,pre_cod_asig5,pre_cod_asig6,pre_cod_asig7 FROM tblaca009 WHERE pensum='5' AND c_uni_ca='5' AND c_asigna='300218' [1][0] OK
C:[16/11/2016 09:24:02.02][172.16.4.254][1379] SELECT c_asigna FROM dace004 WHERE exp_e='14-23827851' AND c_asigna='300101' AND status IN ('0','3','B') [1][0] OK
C:[16/11/2016 09:24:02.02][172.16.4.254][1366] SELECT pre_cod_asig1,pre_cod_asig2,pre_cod_asig3,pre_cod_asig4,pre_cod_asig5,pre_cod_asig6,pre_cod_asig7 FROM tblaca009 WHERE pensum='5' AND c_uni_ca='5' AND c_asigna='300226' [1][0] OK
C:[16/11/2016 09:24:02.02][172.16.4.254][1379] SELECT c_asigna FROM dace004 WHERE exp_e='14-23827851' AND c_asigna='300116' AND status IN ('0','3','B') [1][0] OK
C:[16/11/2016 09:24:02.02][172.16.4.254][1366] SELECT pre_cod_asig1,pre_cod_asig2,pre_cod_asig3,pre_cod_asig4,pre_cod_asig5,pre_cod_asig6,pre_cod_asig7 FROM tblaca009 WHERE pensum='5' AND c_uni_ca='5' AND c_asigna='300228' [1][0] OK
C:[16/11/2016 09:24:02.02][172.16.4.254][1379] SELECT c_asigna FROM dace004 WHERE exp_e='14-23827851' AND c_asigna='300101' AND status IN ('0','3','B') [1][0] OK
C:[16/11/2016 09:24:02.02][172.16.4.254][1366] SELECT pre_cod_asig1,pre_cod_asig2,pre_cod_asig3,pre_cod_asig4,pre_cod_asig5,pre_cod_asig6,pre_cod_asig7 FROM tblaca009 WHERE pensum='5' AND c_uni_ca='5' AND c_asigna='300317' [1][0] OK
C:[16/11/2016 09:24:02.02][172.16.4.254][1379] SELECT c_asigna FROM dace004 WHERE exp_e='14-23827851' AND c_asigna='300207' AND status IN ('0','3','B') [1][0] OK
C:[16/11/2016 09:24:02.02][172.16.4.254][1379] SELECT c_asigna FROM dace004 WHERE exp_e='14-23827851' AND c_asigna='300209' AND status IN ('0','3','B') [1][0] OK
C:[16/11/2016 09:24:02.40][172.16.4.254][1410] SELECT par_cod_asig1,par_cod_asig2,par_cod_asig3 FROM tblaca009 WHERE pensum='5' AND c_uni_ca='5' AND c_asigna='300213' [1][0] OK
C:[16/11/2016 09:24:02.40][172.16.4.254][1424] SELECT c_asigna FROM dace004 WHERE exp_e='14-23827851' AND c_asigna='300209' AND status IN ('0','3','B','C') [1][0] OK
C:[16/11/2016 09:24:02.40][172.16.4.254][1410] SELECT par_cod_asig1,par_cod_asig2,par_cod_asig3 FROM tblaca009 WHERE pensum='5' AND c_uni_ca='5' AND c_asigna='300218' [1][0] OK
C:[16/11/2016 09:24:02.40][172.16.4.254][1424] SELECT c_asigna FROM dace004 WHERE exp_e='14-23827851' AND c_asigna='300228' AND status IN ('0','3','B','C') [0][0] OK
C:[16/11/2016 09:24:02.40][172.16.4.254][1410] SELECT par_cod_asig1,par_cod_asig2,par_cod_asig3 FROM tblaca009 WHERE pensum='5' AND c_uni_ca='5' AND c_asigna='300226' [1][0] OK
C:[16/11/2016 09:24:02.40][172.16.4.254][1410] SELECT par_cod_asig1,par_cod_asig2,par_cod_asig3 FROM tblaca009 WHERE pensum='5' AND c_uni_ca='5' AND c_asigna='300228' [1][0] OK
C:[16/11/2016 09:24:02.40][172.16.4.254][1410] SELECT par_cod_asig1,par_cod_asig2,par_cod_asig3 FROM tblaca009 WHERE pensum='5' AND c_uni_ca='5' AND c_asigna='300317' [1][0] OK
C:[16/11/2016 09:24:02.87][172.16.4.254][1540] SELECT horas_lab FROM tblaca008 WHERE c_asigna='300213' AND horas_teoricas > 0 [1][0] OK
C:[16/11/2016 09:24:02.87][172.16.4.254][1540] SELECT horas_lab FROM tblaca008 WHERE c_asigna='300218' AND horas_teoricas > 0 [0][0] OK
C:[16/11/2016 09:24:02.87][172.16.4.254][1540] SELECT horas_lab FROM tblaca008 WHERE c_asigna='300226' AND horas_teoricas > 0 [1][0] OK
C:[16/11/2016 09:24:02.87][172.16.4.254][1540] SELECT horas_lab FROM tblaca008 WHERE c_asigna='300228' AND horas_teoricas > 0 [1][0] OK
C:[16/11/2016 09:24:02.87][172.16.4.254][1540] SELECT horas_lab FROM tblaca008 WHERE c_asigna='300317' AND horas_teoricas > 0 [1][0] OK
C:[16/11/2016 13:14:11.57][172.16.4.234][1366] SELECT pre_cod_asig1,pre_cod_asig2,pre_cod_asig3,pre_cod_asig4,pre_cod_asig5,pre_cod_asig6,pre_cod_asig7 FROM tblaca009 WHERE pensum='5' AND c_uni_ca='6' AND c_asigna='300313' [1][0] OK
C:[16/11/2016 13:14:11.57][172.16.4.234][1379] SELECT c_asigna FROM dace004 WHERE exp_e='14-26717930' AND c_asigna='300213' AND status IN ('0','3','B') [1][0] OK
C:[16/11/2016 13:14:11.57][172.16.4.234][1379] SELECT c_asigna FROM dace004 WHERE exp_e='14-26717930' AND c_asigna='300226' AND status IN ('0','3','B') [1][0] OK
C:[16/11/2016 13:14:11.57][172.16.4.234][1379] SELECT c_asigna FROM dace004 WHERE exp_e='14-26717930' AND c_asigna='300222' AND status IN ('0','3','B') [1][0] OK
C:[16/11/2016 13:14:11.57][172.16.4.234][1379] SELECT c_asigna FROM dace004 WHERE exp_e='14-26717930' AND c_asigna='300209' AND status IN ('0','3','B') [1][0] OK
C:[16/11/2016 13:14:11.57][172.16.4.234][1366] SELECT pre_cod_asig1,pre_cod_asig2,pre_cod_asig3,pre_cod_asig4,pre_cod_asig5,pre_cod_asig6,pre_cod_asig7 FROM tblaca009 WHERE pensum='5' AND c_uni_ca='6' AND c_asigna='300318' [1][0] OK
C:[16/11/2016 13:14:11.57][172.16.4.234][1379] SELECT c_asigna FROM dace004 WHERE exp_e='14-26717930' AND c_asigna='300228' AND status IN ('0','3','B') [1][0] OK
C:[16/11/2016 13:14:11.57][172.16.4.234][1379] SELECT c_asigna FROM dace004 WHERE exp_e='14-26717930' AND c_asigna='300207' AND status IN ('0','3','B') [1][0] OK
C:[16/11/2016 13:14:11.57][172.16.4.234][1379] SELECT c_asigna FROM dace004 WHERE exp_e='14-26717930' AND c_asigna='300218' AND status IN ('0','3','B') [1][0] OK
C:[16/11/2016 13:14:11.57][172.16.4.234][1366] SELECT pre_cod_asig1,pre_cod_asig2,pre_cod_asig3,pre_cod_asig4,pre_cod_asig5,pre_cod_asig6,pre_cod_asig7 FROM tblaca009 WHERE pensum='5' AND c_uni_ca='6' AND c_asigna='300428' [1][0] OK
C:[16/11/2016 13:14:11.57][172.16.4.234][1379] SELECT c_asigna FROM dace004 WHERE exp_e='14-26717930' AND c_asigna='300317' AND status IN ('0','3','B') [1][0] OK
C:[16/11/2016 13:14:11.57][172.16.4.234][1379] SELECT c_asigna FROM dace004 WHERE exp_e='14-26717930' AND c_asigna='300209' AND status IN ('0','3','B') [1][0] OK
C:[16/11/2016 13:14:11.57][172.16.4.234][1366] SELECT pre_cod_asig1,pre_cod_asig2,pre_cod_asig3,pre_cod_asig4,pre_cod_asig5,pre_cod_asig6,pre_cod_asig7 FROM tblaca009 WHERE pensum='5' AND c_uni_ca='6' AND c_asigna='342444' [1][0] OK
C:[16/11/2016 13:14:11.57][172.16.4.234][1379] SELECT c_asigna FROM dace004 WHERE exp_e='14-26717930' AND c_asigna='340323' AND status IN ('0','3','B') [1][0] OK
C:[16/11/2016 13:14:11.57][172.16.4.234][1366] SELECT pre_cod_asig1,pre_cod_asig2,pre_cod_asig3,pre_cod_asig4,pre_cod_asig5,pre_cod_asig6,pre_cod_asig7 FROM tblaca009 WHERE pensum='5' AND c_uni_ca='6' AND c_asigna='343568' [1][0] OK
C:[16/11/2016 13:14:11.57][172.16.4.234][1379] SELECT c_asigna FROM dace004 WHERE exp_e='14-26717930' AND c_asigna='340327' AND status IN ('0','3','B') [1][0] OK
C:[16/11/2016 13:14:12.39][172.16.4.234][1410] SELECT par_cod_asig1,par_cod_asig2,par_cod_asig3 FROM tblaca009 WHERE pensum='5' AND c_uni_ca='6' AND c_asigna='300313' [1][0] OK
C:[16/11/2016 13:14:12.39][172.16.4.234][1410] SELECT par_cod_asig1,par_cod_asig2,par_cod_asig3 FROM tblaca009 WHERE pensum='5' AND c_uni_ca='6' AND c_asigna='300318' [1][0] OK
C:[16/11/2016 13:14:12.39][172.16.4.234][1410] SELECT par_cod_asig1,par_cod_asig2,par_cod_asig3 FROM tblaca009 WHERE pensum='5' AND c_uni_ca='6' AND c_asigna='300428' [1][0] OK
C:[16/11/2016 13:14:12.39][172.16.4.234][1410] SELECT par_cod_asig1,par_cod_asig2,par_cod_asig3 FROM tblaca009 WHERE pensum='5' AND c_uni_ca='6' AND c_asigna='342444' [1][0] OK
C:[16/11/2016 13:14:12.39][172.16.4.234][1410] SELECT par_cod_asig1,par_cod_asig2,par_cod_asig3 FROM tblaca009 WHERE pensum='5' AND c_uni_ca='6' AND c_asigna='343568' [1][0] OK
C:[16/11/2016 13:14:12.03][172.16.4.234][1540] SELECT horas_lab FROM tblaca008 WHERE c_asigna='300313' AND horas_teoricas > 0 [1][0] OK
C:[16/11/2016 13:14:12.03][172.16.4.234][1540] SELECT horas_lab FROM tblaca008 WHERE c_asigna='300318' AND horas_teoricas > 0 [1][0] OK
C:[16/11/2016 13:14:12.03][172.16.4.234][1540] SELECT horas_lab FROM tblaca008 WHERE c_asigna='300428' AND horas_teoricas > 0 [1][0] OK
C:[16/11/2016 13:14:12.03][172.16.4.234][1540] SELECT horas_lab FROM tblaca008 WHERE c_asigna='342444' AND horas_teoricas > 0 [1][0] OK
C:[16/11/2016 13:14:12.03][172.16.4.234][1540] SELECT horas_lab FROM tblaca008 WHERE c_asigna='343568' AND horas_teoricas > 0 [1][0] OK
C:[16/11/2016 13:26:10.67][172.16.4.251][1366] SELECT pre_cod_asig1,pre_cod_asig2,pre_cod_asig3,pre_cod_asig4,pre_cod_asig5,pre_cod_asig6,pre_cod_asig7 FROM tblaca009 WHERE pensum='5' AND c_uni_ca='6' AND c_asigna='300313' [1][0] OK
C:[16/11/2016 13:26:10.67][172.16.4.251][1379] SELECT c_asigna FROM dace004 WHERE exp_e='14-26717930' AND c_asigna='300213' AND status IN ('0','3','B') [1][0] OK
C:[16/11/2016 13:26:10.67][172.16.4.251][1379] SELECT c_asigna FROM dace004 WHERE exp_e='14-26717930' AND c_asigna='300226' AND status IN ('0','3','B') [1][0] OK
C:[16/11/2016 13:26:10.67][172.16.4.251][1379] SELECT c_asigna FROM dace004 WHERE exp_e='14-26717930' AND c_asigna='300222' AND status IN ('0','3','B') [1][0] OK
C:[16/11/2016 13:26:10.67][172.16.4.251][1379] SELECT c_asigna FROM dace004 WHERE exp_e='14-26717930' AND c_asigna='300209' AND status IN ('0','3','B') [1][0] OK
C:[16/11/2016 13:26:10.67][172.16.4.251][1366] SELECT pre_cod_asig1,pre_cod_asig2,pre_cod_asig3,pre_cod_asig4,pre_cod_asig5,pre_cod_asig6,pre_cod_asig7 FROM tblaca009 WHERE pensum='5' AND c_uni_ca='6' AND c_asigna='300318' [1][0] OK
C:[16/11/2016 13:26:10.67][172.16.4.251][1379] SELECT c_asigna FROM dace004 WHERE exp_e='14-26717930' AND c_asigna='300228' AND status IN ('0','3','B') [1][0] OK
C:[16/11/2016 13:26:10.67][172.16.4.251][1379] SELECT c_asigna FROM dace004 WHERE exp_e='14-26717930' AND c_asigna='300207' AND status IN ('0','3','B') [1][0] OK
C:[16/11/2016 13:26:10.67][172.16.4.251][1379] SELECT c_asigna FROM dace004 WHERE exp_e='14-26717930' AND c_asigna='300218' AND status IN ('0','3','B') [1][0] OK
C:[16/11/2016 13:26:10.67][172.16.4.251][1366] SELECT pre_cod_asig1,pre_cod_asig2,pre_cod_asig3,pre_cod_asig4,pre_cod_asig5,pre_cod_asig6,pre_cod_asig7 FROM tblaca009 WHERE pensum='5' AND c_uni_ca='6' AND c_asigna='300428' [1][0] OK
C:[16/11/2016 13:26:10.67][172.16.4.251][1379] SELECT c_asigna FROM dace004 WHERE exp_e='14-26717930' AND c_asigna='300317' AND status IN ('0','3','B') [1][0] OK
C:[16/11/2016 13:26:10.67][172.16.4.251][1379] SELECT c_asigna FROM dace004 WHERE exp_e='14-26717930' AND c_asigna='300209' AND status IN ('0','3','B') [1][0] OK
C:[16/11/2016 13:26:10.67][172.16.4.251][1366] SELECT pre_cod_asig1,pre_cod_asig2,pre_cod_asig3,pre_cod_asig4,pre_cod_asig5,pre_cod_asig6,pre_cod_asig7 FROM tblaca009 WHERE pensum='5' AND c_uni_ca='6' AND c_asigna='342444' [1][0] OK
C:[16/11/2016 13:26:10.67][172.16.4.251][1379] SELECT c_asigna FROM dace004 WHERE exp_e='14-26717930' AND c_asigna='340323' AND status IN ('0','3','B') [1][0] OK
C:[16/11/2016 13:26:10.67][172.16.4.251][1366] SELECT pre_cod_asig1,pre_cod_asig2,pre_cod_asig3,pre_cod_asig4,pre_cod_asig5,pre_cod_asig6,pre_cod_asig7 FROM tblaca009 WHERE pensum='5' AND c_uni_ca='6' AND c_asigna='343568' [1][0] OK
C:[16/11/2016 13:26:10.67][172.16.4.251][1379] SELECT c_asigna FROM dace004 WHERE exp_e='14-26717930' AND c_asigna='340327' AND status IN ('0','3','B') [1][0] OK
C:[16/11/2016 13:26:10.27][172.16.4.251][1410] SELECT par_cod_asig1,par_cod_asig2,par_cod_asig3 FROM tblaca009 WHERE pensum='5' AND c_uni_ca='6' AND c_asigna='300313' [1][0] OK
C:[16/11/2016 13:26:10.27][172.16.4.251][1410] SELECT par_cod_asig1,par_cod_asig2,par_cod_asig3 FROM tblaca009 WHERE pensum='5' AND c_uni_ca='6' AND c_asigna='300318' [1][0] OK
C:[16/11/2016 13:26:10.27][172.16.4.251][1410] SELECT par_cod_asig1,par_cod_asig2,par_cod_asig3 FROM tblaca009 WHERE pensum='5' AND c_uni_ca='6' AND c_asigna='300428' [1][0] OK
C:[16/11/2016 13:26:10.27][172.16.4.251][1410] SELECT par_cod_asig1,par_cod_asig2,par_cod_asig3 FROM tblaca009 WHERE pensum='5' AND c_uni_ca='6' AND c_asigna='342444' [1][0] OK
C:[16/11/2016 13:26:10.27][172.16.4.251][1410] SELECT par_cod_asig1,par_cod_asig2,par_cod_asig3 FROM tblaca009 WHERE pensum='5' AND c_uni_ca='6' AND c_asigna='343568' [1][0] OK
C:[16/11/2016 13:26:11.43][172.16.4.251][1540] SELECT horas_lab FROM tblaca008 WHERE c_asigna='300313' AND horas_teoricas > 0 [1][0] OK
C:[16/11/2016 13:26:11.43][172.16.4.251][1540] SELECT horas_lab FROM tblaca008 WHERE c_asigna='300318' AND horas_teoricas > 0 [1][0] OK
C:[16/11/2016 13:26:11.43][172.16.4.251][1540] SELECT horas_lab FROM tblaca008 WHERE c_asigna='300428' AND horas_teoricas > 0 [1][0] OK
C:[16/11/2016 13:26:11.43][172.16.4.251][1540] SELECT horas_lab FROM tblaca008 WHERE c_asigna='342444' AND horas_teoricas > 0 [1][0] OK
C:[16/11/2016 13:26:11.43][172.16.4.251][1540] SELECT horas_lab FROM tblaca008 WHERE c_asigna='343568' AND horas_teoricas > 0 [1][0] OK
C:[17/04/2017 09:22:08.26][172.16.4.254][1352] SELECT pre_cod_asig1,pre_cod_asig2,pre_cod_asig3,pre_cod_asig4,pre_cod_asig5,pre_cod_asig6,pre_cod_asig7 FROM tblaca009 WHERE pensum='5' AND c_uni_ca='6' AND c_asigna='300013' [1][0] OK
C:[17/04/2017 09:22:08.26][172.16.4.254][1352] SELECT pre_cod_asig1,pre_cod_asig2,pre_cod_asig3,pre_cod_asig4,pre_cod_asig5,pre_cod_asig6,pre_cod_asig7 FROM tblaca009 WHERE pensum='5' AND c_uni_ca='6' AND c_asigna='300105' [1][0] OK
C:[17/04/2017 09:22:08.26][172.16.4.254][1352] SELECT pre_cod_asig1,pre_cod_asig2,pre_cod_asig3,pre_cod_asig4,pre_cod_asig5,pre_cod_asig6,pre_cod_asig7 FROM tblaca009 WHERE pensum='5' AND c_uni_ca='6' AND c_asigna='300207' [1][0] OK
C:[17/04/2017 09:22:08.26][172.16.4.254][1365] SELECT c_asigna FROM dace004 WHERE exp_e='16-26359040' AND c_asigna='300101' AND status IN ('0','3','B') [1][0] OK
C:[17/04/2017 09:22:08.26][172.16.4.254][1352] SELECT pre_cod_asig1,pre_cod_asig2,pre_cod_asig3,pre_cod_asig4,pre_cod_asig5,pre_cod_asig6,pre_cod_asig7 FROM tblaca009 WHERE pensum='5' AND c_uni_ca='6' AND c_asigna='300209' [1][0] OK
C:[17/04/2017 09:22:08.26][172.16.4.254][1365] SELECT c_asigna FROM dace004 WHERE exp_e='16-26359040' AND c_asigna='300101' AND status IN ('0','3','B') [1][0] OK
C:[17/04/2017 09:22:08.26][172.16.4.254][1352] SELECT pre_cod_asig1,pre_cod_asig2,pre_cod_asig3,pre_cod_asig4,pre_cod_asig5,pre_cod_asig6,pre_cod_asig7 FROM tblaca009 WHERE pensum='5' AND c_uni_ca='6' AND c_asigna='300228' [1][0] OK
C:[17/04/2017 09:22:08.26][172.16.4.254][1365] SELECT c_asigna FROM dace004 WHERE exp_e='16-26359040' AND c_asigna='300101' AND status IN ('0','3','B') [1][0] OK
C:[17/04/2017 09:22:08.38][172.16.4.254][1396] SELECT par_cod_asig1,par_cod_asig2,par_cod_asig3 FROM tblaca009 WHERE pensum='5' AND c_uni_ca='6' AND c_asigna='300013' [1][0] OK
C:[17/04/2017 09:22:08.38][172.16.4.254][1396] SELECT par_cod_asig1,par_cod_asig2,par_cod_asig3 FROM tblaca009 WHERE pensum='5' AND c_uni_ca='6' AND c_asigna='300105' [1][0] OK
C:[17/04/2017 09:22:08.38][172.16.4.254][1396] SELECT par_cod_asig1,par_cod_asig2,par_cod_asig3 FROM tblaca009 WHERE pensum='5' AND c_uni_ca='6' AND c_asigna='300207' [1][0] OK
C:[17/04/2017 09:22:08.38][172.16.4.254][1396] SELECT par_cod_asig1,par_cod_asig2,par_cod_asig3 FROM tblaca009 WHERE pensum='5' AND c_uni_ca='6' AND c_asigna='300209' [1][0] OK
C:[17/04/2017 09:22:08.38][172.16.4.254][1396] SELECT par_cod_asig1,par_cod_asig2,par_cod_asig3 FROM tblaca009 WHERE pensum='5' AND c_uni_ca='6' AND c_asigna='300228' [1][0] OK
C:[17/04/2017 09:22:09.12][172.16.4.254][1526] SELECT horas_lab FROM tblaca008 WHERE c_asigna='300013' AND horas_teoricas > 0 [1][0] OK
C:[17/04/2017 09:22:09.12][172.16.4.254][1526] SELECT horas_lab FROM tblaca008 WHERE c_asigna='300105' AND horas_teoricas > 0 [1][0] OK
C:[17/04/2017 09:22:09.12][172.16.4.254][1526] SELECT horas_lab FROM tblaca008 WHERE c_asigna='300207' AND horas_teoricas > 0 [1][0] OK
C:[17/04/2017 09:22:09.12][172.16.4.254][1526] SELECT horas_lab FROM tblaca008 WHERE c_asigna='300209' AND horas_teoricas > 0 [1][0] OK
C:[17/04/2017 09:22:09.12][172.16.4.254][1526] SELECT horas_lab FROM tblaca008 WHERE c_asigna='300228' AND horas_teoricas > 0 [1][0] OK
C:[17/04/2017 09:39:08.15][172.16.4.254][1352] SELECT pre_cod_asig1,pre_cod_asig2,pre_cod_asig3,pre_cod_asig4,pre_cod_asig5,pre_cod_asig6,pre_cod_asig7 FROM tblaca009 WHERE pensum='5' AND c_uni_ca='5' AND c_asigna='300218' [1][0] OK
C:[17/04/2017 09:39:08.15][172.16.4.254][1365] SELECT c_asigna FROM dace004 WHERE exp_e='15-27308147' AND c_asigna='300101' AND status IN ('0','3','B') [1][0] OK
C:[17/04/2017 09:39:08.15][172.16.4.254][1352] SELECT pre_cod_asig1,pre_cod_asig2,pre_cod_asig3,pre_cod_asig4,pre_cod_asig5,pre_cod_asig6,pre_cod_asig7 FROM tblaca009 WHERE pensum='5' AND c_uni_ca='5' AND c_asigna='300222' [1][0] OK
C:[17/04/2017 09:39:08.15][172.16.4.254][1365] SELECT c_asigna FROM dace004 WHERE exp_e='15-27308147' AND c_asigna='300112' AND status IN ('0','3','B') [1][0] OK
C:[17/04/2017 09:39:08.15][172.16.4.254][1352] SELECT pre_cod_asig1,pre_cod_asig2,pre_cod_asig3,pre_cod_asig4,pre_cod_asig5,pre_cod_asig6,pre_cod_asig7 FROM tblaca009 WHERE pensum='5' AND c_uni_ca='5' AND c_asigna='300228' [1][0] OK
C:[17/04/2017 09:39:08.15][172.16.4.254][1365] SELECT c_asigna FROM dace004 WHERE exp_e='15-27308147' AND c_asigna='300101' AND status IN ('0','3','B') [1][0] OK
C:[17/04/2017 09:39:08.15][172.16.4.254][1352] SELECT pre_cod_asig1,pre_cod_asig2,pre_cod_asig3,pre_cod_asig4,pre_cod_asig5,pre_cod_asig6,pre_cod_asig7 FROM tblaca009 WHERE pensum='5' AND c_uni_ca='5' AND c_asigna='300317' [1][0] OK
C:[17/04/2017 09:39:08.15][172.16.4.254][1365] SELECT c_asigna FROM dace004 WHERE exp_e='15-27308147' AND c_asigna='300207' AND status IN ('0','3','B') [1][0] OK
C:[17/04/2017 09:39:08.15][172.16.4.254][1365] SELECT c_asigna FROM dace004 WHERE exp_e='15-27308147' AND c_asigna='300209' AND status IN ('0','3','B') [1][0] OK
C:[17/04/2017 09:39:08.27][172.16.4.254][1396] SELECT par_cod_asig1,par_cod_asig2,par_cod_asig3 FROM tblaca009 WHERE pensum='5' AND c_uni_ca='5' AND c_asigna='300218' [1][0] OK
C:[17/04/2017 09:39:08.27][172.16.4.254][1410] SELECT c_asigna FROM dace004 WHERE exp_e='15-27308147' AND c_asigna='300228' AND status IN ('0','3','B','C') [0][0] OK
C:[17/04/2017 09:39:08.27][172.16.4.254][1396] SELECT par_cod_asig1,par_cod_asig2,par_cod_asig3 FROM tblaca009 WHERE pensum='5' AND c_uni_ca='5' AND c_asigna='300222' [1][0] OK
C:[17/04/2017 09:39:08.27][172.16.4.254][1396] SELECT par_cod_asig1,par_cod_asig2,par_cod_asig3 FROM tblaca009 WHERE pensum='5' AND c_uni_ca='5' AND c_asigna='300228' [1][0] OK
C:[17/04/2017 09:39:08.27][172.16.4.254][1396] SELECT par_cod_asig1,par_cod_asig2,par_cod_asig3 FROM tblaca009 WHERE pensum='5' AND c_uni_ca='5' AND c_asigna='300317' [1][0] OK
C:[17/04/2017 09:39:08.92][172.16.4.254][1526] SELECT horas_lab FROM tblaca008 WHERE c_asigna='300218' AND horas_teoricas > 0 [0][0] OK
C:[17/04/2017 09:39:08.92][172.16.4.254][1526] SELECT horas_lab FROM tblaca008 WHERE c_asigna='300222' AND horas_teoricas > 0 [1][0] OK
C:[17/04/2017 09:39:08.92][172.16.4.254][1526] SELECT horas_lab FROM tblaca008 WHERE c_asigna='300228' AND horas_teoricas > 0 [1][0] OK
C:[17/04/2017 09:39:08.92][172.16.4.254][1526] SELECT horas_lab FROM tblaca008 WHERE c_asigna='300317' AND horas_teoricas > 0 [1][0] OK
C:[17/04/2017 10:01:34.23][172.16.4.254][1352] SELECT pre_cod_asig1,pre_cod_asig2,pre_cod_asig3,pre_cod_asig4,pre_cod_asig5,pre_cod_asig6,pre_cod_asig7 FROM tblaca009 WHERE pensum='5' AND c_uni_ca='2' AND c_asigna='311561' [1][0] OK
C:[17/04/2017 10:01:34.23][172.16.4.254][1365] SELECT c_asigna FROM dace004 WHERE exp_e='12-21498471' AND c_asigna='300318' AND status IN ('0','3','B') [1][0] OK
C:[17/04/2017 10:01:34.23][172.16.4.254][1352] SELECT pre_cod_asig1,pre_cod_asig2,pre_cod_asig3,pre_cod_asig4,pre_cod_asig5,pre_cod_asig6,pre_cod_asig7 FROM tblaca009 WHERE pensum='5' AND c_uni_ca='2' AND c_asigna='322681' [1][0] OK
C:[17/04/2017 10:01:34.23][172.16.4.254][1365] SELECT c_asigna FROM dace004 WHERE exp_e='12-21498471' AND c_asigna='320437' AND status IN ('0','3','B') [1][0] OK
C:[17/04/2017 10:01:34.23][172.16.4.254][1365] SELECT c_asigna FROM dace004 WHERE exp_e='12-21498471' AND c_asigna='322449' AND status IN ('0','3','B') [1][0] OK
C:[17/04/2017 10:01:34.23][172.16.4.254][1365] SELECT c_asigna FROM dace004 WHERE exp_e='12-21498471' AND c_asigna='300313' AND status IN ('0','3','B') [1][0] OK
C:[17/04/2017 10:01:34.23][172.16.4.254][1365] SELECT c_asigna FROM dace004 WHERE exp_e='12-21498471' AND c_asigna='300209' AND status IN ('0','3','B') [1][0] OK
C:[17/04/2017 10:01:34.23][172.16.4.254][1365] SELECT c_asigna FROM dace004 WHERE exp_e='12-21498471' AND c_asigna='300226' AND status IN ('0','3','B') [1][0] OK
C:[17/04/2017 10:01:34.23][172.16.4.254][1352] SELECT pre_cod_asig1,pre_cod_asig2,pre_cod_asig3,pre_cod_asig4,pre_cod_asig5,pre_cod_asig6,pre_cod_asig7 FROM tblaca009 WHERE pensum='5' AND c_uni_ca='2' AND c_asigna='322683' [1][0] OK
C:[17/04/2017 10:01:34.23][172.16.4.254][1365] SELECT c_asigna FROM dace004 WHERE exp_e='12-21498471' AND c_asigna='322560' AND status IN ('0','3','B') [1][0] OK
C:[17/04/2017 10:01:34.23][172.16.4.254][1352] SELECT pre_cod_asig1,pre_cod_asig2,pre_cod_asig3,pre_cod_asig4,pre_cod_asig5,pre_cod_asig6,pre_cod_asig7 FROM tblaca009 WHERE pensum='5' AND c_uni_ca='2' AND c_asigna='322780' [1][0] OK
C:[17/04/2017 10:01:34.23][172.16.4.254][1365] SELECT c_asigna FROM dace004 WHERE exp_e='12-21498471' AND c_asigna='322678' AND status IN ('0','3','B') [1][0] OK
C:[17/04/2017 10:01:34.23][172.16.4.254][1352] SELECT pre_cod_asig1,pre_cod_asig2,pre_cod_asig3,pre_cod_asig4,pre_cod_asig5,pre_cod_asig6,pre_cod_asig7 FROM tblaca009 WHERE pensum='5' AND c_uni_ca='2' AND c_asigna='322782' [1][0] OK
C:[17/04/2017 10:01:34.23][172.16.4.254][1365] SELECT c_asigna FROM dace004 WHERE exp_e='12-21498471' AND c_asigna='322669' AND status IN ('0','3','B') [1][0] OK
C:[17/04/2017 10:01:34.23][172.16.4.254][1365] SELECT c_asigna FROM dace004 WHERE exp_e='12-21498471' AND c_asigna='322550' AND status IN ('0','3','B') [1][0] OK
C:[17/04/2017 10:01:35.10][172.16.4.254][1396] SELECT par_cod_asig1,par_cod_asig2,par_cod_asig3 FROM tblaca009 WHERE pensum='5' AND c_uni_ca='2' AND c_asigna='311561' [1][0] OK
C:[17/04/2017 10:01:35.10][172.16.4.254][1396] SELECT par_cod_asig1,par_cod_asig2,par_cod_asig3 FROM tblaca009 WHERE pensum='5' AND c_uni_ca='2' AND c_asigna='322681' [1][0] OK
C:[17/04/2017 10:01:35.10][172.16.4.254][1396] SELECT par_cod_asig1,par_cod_asig2,par_cod_asig3 FROM tblaca009 WHERE pensum='5' AND c_uni_ca='2' AND c_asigna='322683' [1][0] OK
C:[17/04/2017 10:01:35.10][172.16.4.254][1410] SELECT c_asigna FROM dace004 WHERE exp_e='12-21498471' AND c_asigna='322681' AND status IN ('0','3','B','C') [0][0] OK
C:[17/04/2017 10:01:35.10][172.16.4.254][1396] SELECT par_cod_asig1,par_cod_asig2,par_cod_asig3 FROM tblaca009 WHERE pensum='5' AND c_uni_ca='2' AND c_asigna='322780' [1][0] OK
C:[17/04/2017 10:01:35.10][172.16.4.254][1396] SELECT par_cod_asig1,par_cod_asig2,par_cod_asig3 FROM tblaca009 WHERE pensum='5' AND c_uni_ca='2' AND c_asigna='322782' [1][0] OK
C:[17/04/2017 10:01:35.88][172.16.4.254][1526] SELECT horas_lab FROM tblaca008 WHERE c_asigna='311561' AND horas_teoricas > 0 [1][0] OK
C:[17/04/2017 10:01:35.88][172.16.4.254][1526] SELECT horas_lab FROM tblaca008 WHERE c_asigna='322681' AND horas_teoricas > 0 [1][0] OK
C:[17/04/2017 10:01:35.88][172.16.4.254][1526] SELECT horas_lab FROM tblaca008 WHERE c_asigna='322683' AND horas_teoricas > 0 [1][0] OK
C:[17/04/2017 10:01:35.88][172.16.4.254][1526] SELECT horas_lab FROM tblaca008 WHERE c_asigna='322780' AND horas_teoricas > 0 [1][0] OK
C:[17/04/2017 10:02:42.29][172.16.4.254][1352] SELECT pre_cod_asig1,pre_cod_asig2,pre_cod_asig3,pre_cod_asig4,pre_cod_asig5,pre_cod_asig6,pre_cod_asig7 FROM tblaca009 WHERE pensum='5' AND c_uni_ca='2' AND c_asigna='311561' [1][0] OK
C:[17/04/2017 10:02:42.29][172.16.4.254][1365] SELECT c_asigna FROM dace004 WHERE exp_e='12-21498471' AND c_asigna='300318' AND status IN ('0','3','B') [1][0] OK
C:[17/04/2017 10:02:42.29][172.16.4.254][1352] SELECT pre_cod_asig1,pre_cod_asig2,pre_cod_asig3,pre_cod_asig4,pre_cod_asig5,pre_cod_asig6,pre_cod_asig7 FROM tblaca009 WHERE pensum='5' AND c_uni_ca='2' AND c_asigna='322681' [1][0] OK
C:[17/04/2017 10:02:42.29][172.16.4.254][1365] SELECT c_asigna FROM dace004 WHERE exp_e='12-21498471' AND c_asigna='320437' AND status IN ('0','3','B') [1][0] OK
C:[17/04/2017 10:02:42.29][172.16.4.254][1365] SELECT c_asigna FROM dace004 WHERE exp_e='12-21498471' AND c_asigna='322449' AND status IN ('0','3','B') [1][0] OK
C:[17/04/2017 10:02:42.29][172.16.4.254][1365] SELECT c_asigna FROM dace004 WHERE exp_e='12-21498471' AND c_asigna='300313' AND status IN ('0','3','B') [1][0] OK
C:[17/04/2017 10:02:42.29][172.16.4.254][1365] SELECT c_asigna FROM dace004 WHERE exp_e='12-21498471' AND c_asigna='300209' AND status IN ('0','3','B') [1][0] OK
C:[17/04/2017 10:02:42.29][172.16.4.254][1365] SELECT c_asigna FROM dace004 WHERE exp_e='12-21498471' AND c_asigna='300226' AND status IN ('0','3','B') [1][0] OK
C:[17/04/2017 10:02:42.29][172.16.4.254][1352] SELECT pre_cod_asig1,pre_cod_asig2,pre_cod_asig3,pre_cod_asig4,pre_cod_asig5,pre_cod_asig6,pre_cod_asig7 FROM tblaca009 WHERE pensum='5' AND c_uni_ca='2' AND c_asigna='322683' [1][0] OK
C:[17/04/2017 10:02:42.29][172.16.4.254][1365] SELECT c_asigna FROM dace004 WHERE exp_e='12-21498471' AND c_asigna='322560' AND status IN ('0','3','B') [1][0] OK
C:[17/04/2017 10:02:42.29][172.16.4.254][1352] SELECT pre_cod_asig1,pre_cod_asig2,pre_cod_asig3,pre_cod_asig4,pre_cod_asig5,pre_cod_asig6,pre_cod_asig7 FROM tblaca009 WHERE pensum='5' AND c_uni_ca='2' AND c_asigna='322780' [1][0] OK
C:[17/04/2017 10:02:42.29][172.16.4.254][1365] SELECT c_asigna FROM dace004 WHERE exp_e='12-21498471' AND c_asigna='322678' AND status IN ('0','3','B') [1][0] OK
C:[17/04/2017 10:02:42.29][172.16.4.254][1352] SELECT pre_cod_asig1,pre_cod_asig2,pre_cod_asig3,pre_cod_asig4,pre_cod_asig5,pre_cod_asig6,pre_cod_asig7 FROM tblaca009 WHERE pensum='5' AND c_uni_ca='2' AND c_asigna='322782' [1][0] OK
C:[17/04/2017 10:02:42.29][172.16.4.254][1365] SELECT c_asigna FROM dace004 WHERE exp_e='12-21498471' AND c_asigna='322669' AND status IN ('0','3','B') [1][0] OK
C:[17/04/2017 10:02:42.29][172.16.4.254][1365] SELECT c_asigna FROM dace004 WHERE exp_e='12-21498471' AND c_asigna='322550' AND status IN ('0','3','B') [1][0] OK
C:[17/04/2017 10:02:42.11][172.16.4.254][1396] SELECT par_cod_asig1,par_cod_asig2,par_cod_asig3 FROM tblaca009 WHERE pensum='5' AND c_uni_ca='2' AND c_asigna='311561' [1][0] OK
C:[17/04/2017 10:02:42.11][172.16.4.254][1396] SELECT par_cod_asig1,par_cod_asig2,par_cod_asig3 FROM tblaca009 WHERE pensum='5' AND c_uni_ca='2' AND c_asigna='322681' [1][0] OK
C:[17/04/2017 10:02:42.11][172.16.4.254][1396] SELECT par_cod_asig1,par_cod_asig2,par_cod_asig3 FROM tblaca009 WHERE pensum='5' AND c_uni_ca='2' AND c_asigna='322683' [1][0] OK
C:[17/04/2017 10:02:42.11][172.16.4.254][1410] SELECT c_asigna FROM dace004 WHERE exp_e='12-21498471' AND c_asigna='322681' AND status IN ('0','3','B','C') [0][0] OK
C:[17/04/2017 10:02:42.11][172.16.4.254][1396] SELECT par_cod_asig1,par_cod_asig2,par_cod_asig3 FROM tblaca009 WHERE pensum='5' AND c_uni_ca='2' AND c_asigna='322780' [1][0] OK
C:[17/04/2017 10:02:42.11][172.16.4.254][1396] SELECT par_cod_asig1,par_cod_asig2,par_cod_asig3 FROM tblaca009 WHERE pensum='5' AND c_uni_ca='2' AND c_asigna='322782' [1][0] OK
C:[17/04/2017 10:02:42.89][172.16.4.254][1526] SELECT horas_lab FROM tblaca008 WHERE c_asigna='311561' AND horas_teoricas > 0 [1][0] OK
C:[17/04/2017 10:02:42.89][172.16.4.254][1526] SELECT horas_lab FROM tblaca008 WHERE c_asigna='322681' AND horas_teoricas > 0 [1][0] OK
C:[17/04/2017 10:02:42.89][172.16.4.254][1526] SELECT horas_lab FROM tblaca008 WHERE c_asigna='322683' AND horas_teoricas > 0 [1][0] OK
C:[17/04/2017 10:02:42.89][172.16.4.254][1526] SELECT horas_lab FROM tblaca008 WHERE c_asigna='322780' AND horas_teoricas > 0 [1][0] OK
C:[17/04/2017 12:41:58.47][172.16.4.254][1352] SELECT pre_cod_asig1,pre_cod_asig2,pre_cod_asig3,pre_cod_asig4,pre_cod_asig5,pre_cod_asig6,pre_cod_asig7 FROM tblaca009 WHERE pensum='5' AND c_uni_ca='2' AND c_asigna='311561' [1][0] OK
C:[17/04/2017 12:41:58.47][172.16.4.254][1365] SELECT c_asigna FROM dace004 WHERE exp_e='12-24609747' AND c_asigna='300318' AND status IN ('0','3','B') [1][0] OK
C:[17/04/2017 12:41:58.47][172.16.4.254][1352] SELECT pre_cod_asig1,pre_cod_asig2,pre_cod_asig3,pre_cod_asig4,pre_cod_asig5,pre_cod_asig6,pre_cod_asig7 FROM tblaca009 WHERE pensum='5' AND c_uni_ca='2' AND c_asigna='322703' [1][0] OK
C:[17/04/2017 12:41:58.47][172.16.4.254][1365] SELECT c_asigna FROM dace004 WHERE exp_e='12-24609747' AND c_asigna='322669' AND status IN ('0','3','B') [1][0] OK
C:[17/04/2017 12:41:58.47][172.16.4.254][1352] SELECT pre_cod_asig1,pre_cod_asig2,pre_cod_asig3,pre_cod_asig4,pre_cod_asig5,pre_cod_asig6,pre_cod_asig7 FROM tblaca009 WHERE pensum='5' AND c_uni_ca='2' AND c_asigna='322782' [1][0] OK
C:[17/04/2017 12:41:58.47][172.16.4.254][1365] SELECT c_asigna FROM dace004 WHERE exp_e='12-24609747' AND c_asigna='322669' AND status IN ('0','3','B') [1][0] OK
C:[17/04/2017 12:41:58.47][172.16.4.254][1365] SELECT c_asigna FROM dace004 WHERE exp_e='12-24609747' AND c_asigna='322550' AND status IN ('0','3','B') [1][0] OK
C:[17/04/2017 12:41:58.47][172.16.4.254][1352] SELECT pre_cod_asig1,pre_cod_asig2,pre_cod_asig3,pre_cod_asig4,pre_cod_asig5,pre_cod_asig6,pre_cod_asig7 FROM tblaca009 WHERE pensum='5' AND c_uni_ca='2' AND c_asigna='322801' [1][0] OK
C:[17/04/2017 12:41:58.47][172.16.4.254][1365] SELECT c_asigna FROM dace004 WHERE exp_e='12-24609747' AND c_asigna='322780' AND status IN ('0','3','B') [1][0] OK
C:[17/04/2017 12:41:58.47][172.16.4.254][1365] SELECT c_asigna FROM dace004 WHERE exp_e='12-24609747' AND c_asigna='322605' AND status IN ('0','3','B') [1][0] OK
C:[17/04/2017 12:41:58.47][172.16.4.254][1352] SELECT pre_cod_asig1,pre_cod_asig2,pre_cod_asig3,pre_cod_asig4,pre_cod_asig5,pre_cod_asig6,pre_cod_asig7 FROM tblaca009 WHERE pensum='5' AND c_uni_ca='2' AND c_asigna='324862' [1][0] OK
C:[17/04/2017 12:41:58.85][172.16.4.254][1396] SELECT par_cod_asig1,par_cod_asig2,par_cod_asig3 FROM tblaca009 WHERE pensum='5' AND c_uni_ca='2' AND c_asigna='311561' [1][0] OK
C:[17/04/2017 12:41:58.85][172.16.4.254][1396] SELECT par_cod_asig1,par_cod_asig2,par_cod_asig3 FROM tblaca009 WHERE pensum='5' AND c_uni_ca='2' AND c_asigna='322703' [1][0] OK
C:[17/04/2017 12:41:58.85][172.16.4.254][1396] SELECT par_cod_asig1,par_cod_asig2,par_cod_asig3 FROM tblaca009 WHERE pensum='5' AND c_uni_ca='2' AND c_asigna='322782' [1][0] OK
C:[17/04/2017 12:41:58.85][172.16.4.254][1396] SELECT par_cod_asig1,par_cod_asig2,par_cod_asig3 FROM tblaca009 WHERE pensum='5' AND c_uni_ca='2' AND c_asigna='322801' [1][0] OK
C:[17/04/2017 12:41:58.85][172.16.4.254][1396] SELECT par_cod_asig1,par_cod_asig2,par_cod_asig3 FROM tblaca009 WHERE pensum='5' AND c_uni_ca='2' AND c_asigna='324862' [1][0] OK
C:[17/04/2017 12:41:58.50][172.16.4.254][1526] SELECT horas_lab FROM tblaca008 WHERE c_asigna='311561' AND horas_teoricas > 0 [1][0] OK
C:[17/04/2017 12:41:58.50][172.16.4.254][1526] SELECT horas_lab FROM tblaca008 WHERE c_asigna='322703' AND horas_teoricas > 0 [1][0] OK
C:[17/04/2017 12:41:58.50][172.16.4.254][1526] SELECT horas_lab FROM tblaca008 WHERE c_asigna='322782' AND horas_teoricas > 0 [1][0] OK
C:[17/04/2017 12:41:58.50][172.16.4.254][1526] SELECT horas_lab FROM tblaca008 WHERE c_asigna='322801' AND horas_teoricas > 0 [1][0] OK
C:[17/04/2017 12:41:58.50][172.16.4.254][1526] SELECT horas_lab FROM tblaca008 WHERE c_asigna='324862' AND horas_teoricas > 0 [1][0] OK
C:[17/04/2017 13:25:55.61][172.16.4.254][1352] SELECT pre_cod_asig1,pre_cod_asig2,pre_cod_asig3,pre_cod_asig4,pre_cod_asig5,pre_cod_asig6,pre_cod_asig7 FROM tblaca009 WHERE pensum='5' AND c_uni_ca='5' AND c_asigna='300207' [1][0] OK
C:[17/04/2017 13:25:55.61][172.16.4.254][1365] SELECT c_asigna FROM dace004 WHERE exp_e='15-27256616' AND c_asigna='300101' AND status IN ('0','3','B') [1][0] OK
C:[17/04/2017 13:25:55.61][172.16.4.254][1352] SELECT pre_cod_asig1,pre_cod_asig2,pre_cod_asig3,pre_cod_asig4,pre_cod_asig5,pre_cod_asig6,pre_cod_asig7 FROM tblaca009 WHERE pensum='5' AND c_uni_ca='5' AND c_asigna='300209' [1][0] OK
C:[17/04/2017 13:25:55.61][172.16.4.254][1365] SELECT c_asigna FROM dace004 WHERE exp_e='15-27256616' AND c_asigna='300101' AND status IN ('0','3','B') [1][0] OK
C:[17/04/2017 13:25:55.61][172.16.4.254][1352] SELECT pre_cod_asig1,pre_cod_asig2,pre_cod_asig3,pre_cod_asig4,pre_cod_asig5,pre_cod_asig6,pre_cod_asig7 FROM tblaca009 WHERE pensum='5' AND c_uni_ca='5' AND c_asigna='300213' [1][0] OK
C:[17/04/2017 13:25:55.61][172.16.4.254][1365] SELECT c_asigna FROM dace004 WHERE exp_e='15-27256616' AND c_asigna='300101' AND status IN ('0','3','B') [1][0] OK
C:[17/04/2017 13:25:55.61][172.16.4.254][1352] SELECT pre_cod_asig1,pre_cod_asig2,pre_cod_asig3,pre_cod_asig4,pre_cod_asig5,pre_cod_asig6,pre_cod_asig7 FROM tblaca009 WHERE pensum='5' AND c_uni_ca='5' AND c_asigna='300226' [1][0] OK
C:[17/04/2017 13:25:55.61][172.16.4.254][1365] SELECT c_asigna FROM dace004 WHERE exp_e='15-27256616' AND c_asigna='300116' AND status IN ('0','3','B') [1][0] OK
C:[17/04/2017 13:25:55.61][172.16.4.254][1352] SELECT pre_cod_asig1,pre_cod_asig2,pre_cod_asig3,pre_cod_asig4,pre_cod_asig5,pre_cod_asig6,pre_cod_asig7 FROM tblaca009 WHERE pensum='5' AND c_uni_ca='5' AND c_asigna='300228' [1][0] OK
C:[17/04/2017 13:25:55.61][172.16.4.254][1365] SELECT c_asigna FROM dace004 WHERE exp_e='15-27256616' AND c_asigna='300101' AND status IN ('0','3','B') [1][0] OK
C:[17/04/2017 13:25:55.42][172.16.4.254][1396] SELECT par_cod_asig1,par_cod_asig2,par_cod_asig3 FROM tblaca009 WHERE pensum='5' AND c_uni_ca='5' AND c_asigna='300207' [1][0] OK
C:[17/04/2017 13:25:55.42][172.16.4.254][1396] SELECT par_cod_asig1,par_cod_asig2,par_cod_asig3 FROM tblaca009 WHERE pensum='5' AND c_uni_ca='5' AND c_asigna='300209' [1][0] OK
C:[17/04/2017 13:25:55.42][172.16.4.254][1396] SELECT par_cod_asig1,par_cod_asig2,par_cod_asig3 FROM tblaca009 WHERE pensum='5' AND c_uni_ca='5' AND c_asigna='300213' [1][0] OK
C:[17/04/2017 13:25:55.42][172.16.4.254][1410] SELECT c_asigna FROM dace004 WHERE exp_e='15-27256616' AND c_asigna='300209' AND status IN ('0','3','B','C') [0][0] OK
C:[17/04/2017 13:25:55.42][172.16.4.254][1396] SELECT par_cod_asig1,par_cod_asig2,par_cod_asig3 FROM tblaca009 WHERE pensum='5' AND c_uni_ca='5' AND c_asigna='300226' [1][0] OK
C:[17/04/2017 13:25:55.42][172.16.4.254][1396] SELECT par_cod_asig1,par_cod_asig2,par_cod_asig3 FROM tblaca009 WHERE pensum='5' AND c_uni_ca='5' AND c_asigna='300228' [1][0] OK
C:[17/04/2017 13:25:56.20][172.16.4.254][1526] SELECT horas_lab FROM tblaca008 WHERE c_asigna='300207' AND horas_teoricas > 0 [1][0] OK
C:[17/04/2017 13:25:56.20][172.16.4.254][1526] SELECT horas_lab FROM tblaca008 WHERE c_asigna='300209' AND horas_teoricas > 0 [1][0] OK
C:[17/04/2017 13:25:56.20][172.16.4.254][1526] SELECT horas_lab FROM tblaca008 WHERE c_asigna='300213' AND horas_teoricas > 0 [1][0] OK
C:[17/04/2017 13:25:56.20][172.16.4.254][1526] SELECT horas_lab FROM tblaca008 WHERE c_asigna='300226' AND horas_teoricas > 0 [1][0] OK
C:[17/04/2017 13:25:56.20][172.16.4.254][1526] SELECT horas_lab FROM tblaca008 WHERE c_asigna='300228' AND horas_teoricas > 0 [1][0] OK
C:[17/04/2017 13:31:34.84][172.16.4.254][1352] SELECT pre_cod_asig1,pre_cod_asig2,pre_cod_asig3,pre_cod_asig4,pre_cod_asig5,pre_cod_asig6,pre_cod_asig7 FROM tblaca009 WHERE pensum='5' AND c_uni_ca='5' AND c_asigna='300105' [1][0] OK
C:[17/04/2017 13:31:34.84][172.16.4.254][1352] SELECT pre_cod_asig1,pre_cod_asig2,pre_cod_asig3,pre_cod_asig4,pre_cod_asig5,pre_cod_asig6,pre_cod_asig7 FROM tblaca009 WHERE pensum='5' AND c_uni_ca='5' AND c_asigna='300113' [1][0] OK
C:[17/04/2017 13:31:34.84][172.16.4.254][1352] SELECT pre_cod_asig1,pre_cod_asig2,pre_cod_asig3,pre_cod_asig4,pre_cod_asig5,pre_cod_asig6,pre_cod_asig7 FROM tblaca009 WHERE pensum='5' AND c_uni_ca='5' AND c_asigna='300209' [1][0] OK
C:[17/04/2017 13:31:34.84][172.16.4.254][1365] SELECT c_asigna FROM dace004 WHERE exp_e='15-27256114' AND c_asigna='300101' AND status IN ('0','3','B') [1][0] OK
C:[17/04/2017 13:31:34.84][172.16.4.254][1352] SELECT pre_cod_asig1,pre_cod_asig2,pre_cod_asig3,pre_cod_asig4,pre_cod_asig5,pre_cod_asig6,pre_cod_asig7 FROM tblaca009 WHERE pensum='5' AND c_uni_ca='5' AND c_asigna='300218' [1][0] OK
C:[17/04/2017 13:31:34.84][172.16.4.254][1365] SELECT c_asigna FROM dace004 WHERE exp_e='15-27256114' AND c_asigna='300101' AND status IN ('0','3','B') [1][0] OK
C:[17/04/2017 13:31:34.84][172.16.4.254][1352] SELECT pre_cod_asig1,pre_cod_asig2,pre_cod_asig3,pre_cod_asig4,pre_cod_asig5,pre_cod_asig6,pre_cod_asig7 FROM tblaca009 WHERE pensum='5' AND c_uni_ca='5' AND c_asigna='300222' [1][0] OK
C:[17/04/2017 13:31:34.84][172.16.4.254][1365] SELECT c_asigna FROM dace004 WHERE exp_e='15-27256114' AND c_asigna='300112' AND status IN ('0','3','B') [1][0] OK
C:[17/04/2017 13:31:34.84][172.16.4.254][1352] SELECT pre_cod_asig1,pre_cod_asig2,pre_cod_asig3,pre_cod_asig4,pre_cod_asig5,pre_cod_asig6,pre_cod_asig7 FROM tblaca009 WHERE pensum='5' AND c_uni_ca='5' AND c_asigna='300228' [1][0] OK
C:[17/04/2017 13:31:34.84][172.16.4.254][1365] SELECT c_asigna FROM dace004 WHERE exp_e='15-27256114' AND c_asigna='300101' AND status IN ('0','3','B') [1][0] OK
C:[17/04/2017 13:31:34.08][172.16.4.254][1396] SELECT par_cod_asig1,par_cod_asig2,par_cod_asig3 FROM tblaca009 WHERE pensum='5' AND c_uni_ca='5' AND c_asigna='300105' [1][0] OK
C:[17/04/2017 13:31:34.08][172.16.4.254][1396] SELECT par_cod_asig1,par_cod_asig2,par_cod_asig3 FROM tblaca009 WHERE pensum='5' AND c_uni_ca='5' AND c_asigna='300113' [1][0] OK
C:[17/04/2017 13:31:34.08][172.16.4.254][1410] SELECT c_asigna FROM dace004 WHERE exp_e='15-27256114' AND c_asigna='300013' AND status IN ('0','3','B','C') [1][0] OK
C:[17/04/2017 13:31:34.08][172.16.4.254][1396] SELECT par_cod_asig1,par_cod_asig2,par_cod_asig3 FROM tblaca009 WHERE pensum='5' AND c_uni_ca='5' AND c_asigna='300209' [1][0] OK
C:[17/04/2017 13:31:34.08][172.16.4.254][1396] SELECT par_cod_asig1,par_cod_asig2,par_cod_asig3 FROM tblaca009 WHERE pensum='5' AND c_uni_ca='5' AND c_asigna='300218' [1][0] OK
C:[17/04/2017 13:31:34.08][172.16.4.254][1410] SELECT c_asigna FROM dace004 WHERE exp_e='15-27256114' AND c_asigna='300228' AND status IN ('0','3','B','C') [0][0] OK
C:[17/04/2017 13:31:34.08][172.16.4.254][1396] SELECT par_cod_asig1,par_cod_asig2,par_cod_asig3 FROM tblaca009 WHERE pensum='5' AND c_uni_ca='5' AND c_asigna='300222' [1][0] OK
C:[17/04/2017 13:31:34.08][172.16.4.254][1396] SELECT par_cod_asig1,par_cod_asig2,par_cod_asig3 FROM tblaca009 WHERE pensum='5' AND c_uni_ca='5' AND c_asigna='300228' [1][0] OK
C:[17/04/2017 13:31:35.13][172.16.4.254][1526] SELECT horas_lab FROM tblaca008 WHERE c_asigna='300105' AND horas_teoricas > 0 [1][0] OK
C:[17/04/2017 13:31:35.13][172.16.4.254][1526] SELECT horas_lab FROM tblaca008 WHERE c_asigna='300113' AND horas_teoricas > 0 [0][0] OK
C:[17/04/2017 13:31:35.13][172.16.4.254][1526] SELECT horas_lab FROM tblaca008 WHERE c_asigna='300209' AND horas_teoricas > 0 [1][0] OK
C:[17/04/2017 13:31:35.13][172.16.4.254][1526] SELECT horas_lab FROM tblaca008 WHERE c_asigna='300218' AND horas_teoricas > 0 [0][0] OK
C:[17/04/2017 13:31:35.13][172.16.4.254][1526] SELECT horas_lab FROM tblaca008 WHERE c_asigna='300222' AND horas_teoricas > 0 [1][0] OK
C:[17/04/2017 13:31:35.13][172.16.4.254][1526] SELECT horas_lab FROM tblaca008 WHERE c_asigna='300228' AND horas_teoricas > 0 [1][0] OK
C:[17/04/2017 13:37:24.31][172.16.4.254][1352] SELECT pre_cod_asig1,pre_cod_asig2,pre_cod_asig3,pre_cod_asig4,pre_cod_asig5,pre_cod_asig6,pre_cod_asig7 FROM tblaca009 WHERE pensum='5' AND c_uni_ca='4' AND c_asigna='300313' [1][0] OK
C:[17/04/2017 13:37:24.31][172.16.4.254][1365] SELECT c_asigna FROM dace004 WHERE exp_e='14-26863993' AND c_asigna='300213' AND status IN ('0','3','B') [1][0] OK
C:[17/04/2017 13:37:24.31][172.16.4.254][1365] SELECT c_asigna FROM dace004 WHERE exp_e='14-26863993' AND c_asigna='300226' AND status IN ('0','3','B') [1][0] OK
C:[17/04/2017 13:37:24.31][172.16.4.254][1365] SELECT c_asigna FROM dace004 WHERE exp_e='14-26863993' AND c_asigna='300222' AND status IN ('0','3','B') [1][0] OK
C:[17/04/2017 13:37:24.31][172.16.4.254][1365] SELECT c_asigna FROM dace004 WHERE exp_e='14-26863993' AND c_asigna='300209' AND status IN ('0','3','B') [1][0] OK
C:[17/04/2017 13:37:24.31][172.16.4.254][1352] SELECT pre_cod_asig1,pre_cod_asig2,pre_cod_asig3,pre_cod_asig4,pre_cod_asig5,pre_cod_asig6,pre_cod_asig7 FROM tblaca009 WHERE pensum='5' AND c_uni_ca='4' AND c_asigna='333440' [1][0] OK
C:[17/04/2017 13:37:24.31][172.16.4.254][1365] SELECT c_asigna FROM dace004 WHERE exp_e='14-26863993' AND c_asigna='300317' AND status IN ('0','3','B') [1][0] OK
C:[17/04/2017 13:37:24.31][172.16.4.254][1365] SELECT c_asigna FROM dace004 WHERE exp_e='14-26863993' AND c_asigna='330310' AND status IN ('0','3','B') [1][0] OK
C:[17/04/2017 13:37:24.31][172.16.4.254][1365] SELECT c_asigna FROM dace004 WHERE exp_e='14-26863993' AND c_asigna='300209' AND status IN ('0','3','B') [1][0] OK
C:[17/04/2017 13:37:24.31][172.16.4.254][1352] SELECT pre_cod_asig1,pre_cod_asig2,pre_cod_asig3,pre_cod_asig4,pre_cod_asig5,pre_cod_asig6,pre_cod_asig7 FROM tblaca009 WHERE pensum='5' AND c_uni_ca='4' AND c_asigna='311561' [1][0] OK
C:[17/04/2017 13:37:24.31][172.16.4.254][1365] SELECT c_asigna FROM dace004 WHERE exp_e='14-26863993' AND c_asigna='300318' AND status IN ('0','3','B') [1][0] OK
C:[17/04/2017 13:37:24.31][172.16.4.254][1352] SELECT pre_cod_asig1,pre_cod_asig2,pre_cod_asig3,pre_cod_asig4,pre_cod_asig5,pre_cod_asig6,pre_cod_asig7 FROM tblaca009 WHERE pensum='5' AND c_uni_ca='4' AND c_asigna='332558' [1][0] OK
C:[17/04/2017 13:37:24.31][172.16.4.254][1365] SELECT c_asigna FROM dace004 WHERE exp_e='14-26863993' AND c_asigna='330435' AND status IN ('0','3','B') [1][0] OK
C:[17/04/2017 13:37:24.31][172.16.4.254][1352] SELECT pre_cod_asig1,pre_cod_asig2,pre_cod_asig3,pre_cod_asig4,pre_cod_asig5,pre_cod_asig6,pre_cod_asig7 FROM tblaca009 WHERE pensum='5' AND c_uni_ca='4' AND c_asigna='333564' [1][0] OK
C:[17/04/2017 13:37:24.31][172.16.4.254][1365] SELECT c_asigna FROM dace004 WHERE exp_e='14-26863993' AND c_asigna='333441' AND status IN ('0','3','B') [1][0] OK
C:[17/04/2017 13:37:24.18][172.16.4.254][1396] SELECT par_cod_asig1,par_cod_asig2,par_cod_asig3 FROM tblaca009 WHERE pensum='5' AND c_uni_ca='4' AND c_asigna='300313' [1][0] OK
C:[17/04/2017 13:37:24.18][172.16.4.254][1396] SELECT par_cod_asig1,par_cod_asig2,par_cod_asig3 FROM tblaca009 WHERE pensum='5' AND c_uni_ca='4' AND c_asigna='333440' [1][0] OK
C:[17/04/2017 13:37:24.18][172.16.4.254][1410] SELECT c_asigna FROM dace004 WHERE exp_e='14-26863993' AND c_asigna='333441' AND status IN ('0','3','B','C') [1][0] OK
C:[17/04/2017 13:37:24.18][172.16.4.254][1396] SELECT par_cod_asig1,par_cod_asig2,par_cod_asig3 FROM tblaca009 WHERE pensum='5' AND c_uni_ca='4' AND c_asigna='311561' [1][0] OK
C:[17/04/2017 13:37:24.18][172.16.4.254][1396] SELECT par_cod_asig1,par_cod_asig2,par_cod_asig3 FROM tblaca009 WHERE pensum='5' AND c_uni_ca='4' AND c_asigna='332558' [1][0] OK
C:[17/04/2017 13:37:24.18][172.16.4.254][1396] SELECT par_cod_asig1,par_cod_asig2,par_cod_asig3 FROM tblaca009 WHERE pensum='5' AND c_uni_ca='4' AND c_asigna='333564' [1][0] OK
C:[17/04/2017 13:37:24.98][172.16.4.254][1526] SELECT horas_lab FROM tblaca008 WHERE c_asigna='300313' AND horas_teoricas > 0 [1][0] OK
C:[17/04/2017 13:37:24.98][172.16.4.254][1526] SELECT horas_lab FROM tblaca008 WHERE c_asigna='333440' AND horas_teoricas > 0 [1][0] OK
C:[17/04/2017 13:37:24.98][172.16.4.254][1526] SELECT horas_lab FROM tblaca008 WHERE c_asigna='311561' AND horas_teoricas > 0 [1][0] OK
C:[17/04/2017 13:37:24.98][172.16.4.254][1526] SELECT horas_lab FROM tblaca008 WHERE c_asigna='332558' AND horas_teoricas > 0 [1][0] OK
C:[17/04/2017 13:37:24.98][172.16.4.254][1526] SELECT horas_lab FROM tblaca008 WHERE c_asigna='333564' AND horas_teoricas > 0 [1][0] OK
C:[17/04/2017 13:41:08.76][172.16.4.254][1352] SELECT pre_cod_asig1,pre_cod_asig2,pre_cod_asig3,pre_cod_asig4,pre_cod_asig5,pre_cod_asig6,pre_cod_asig7 FROM tblaca009 WHERE pensum='5' AND c_uni_ca='5' AND c_asigna='300105' [1][0] OK
C:[17/04/2017 13:41:08.76][172.16.4.254][1352] SELECT pre_cod_asig1,pre_cod_asig2,pre_cod_asig3,pre_cod_asig4,pre_cod_asig5,pre_cod_asig6,pre_cod_asig7 FROM tblaca009 WHERE pensum='5' AND c_uni_ca='5' AND c_asigna='300113' [1][0] OK
C:[17/04/2017 13:41:08.76][172.16.4.254][1352] SELECT pre_cod_asig1,pre_cod_asig2,pre_cod_asig3,pre_cod_asig4,pre_cod_asig5,pre_cod_asig6,pre_cod_asig7 FROM tblaca009 WHERE pensum='5' AND c_uni_ca='5' AND c_asigna='300209' [1][0] OK
C:[17/04/2017 13:41:08.76][172.16.4.254][1365] SELECT c_asigna FROM dace004 WHERE exp_e='15-27256114' AND c_asigna='300101' AND status IN ('0','3','B') [1][0] OK
C:[17/04/2017 13:41:08.76][172.16.4.254][1352] SELECT pre_cod_asig1,pre_cod_asig2,pre_cod_asig3,pre_cod_asig4,pre_cod_asig5,pre_cod_asig6,pre_cod_asig7 FROM tblaca009 WHERE pensum='5' AND c_uni_ca='5' AND c_asigna='300218' [1][0] OK
C:[17/04/2017 13:41:08.76][172.16.4.254][1365] SELECT c_asigna FROM dace004 WHERE exp_e='15-27256114' AND c_asigna='300101' AND status IN ('0','3','B') [1][0] OK
C:[17/04/2017 13:41:08.76][172.16.4.254][1352] SELECT pre_cod_asig1,pre_cod_asig2,pre_cod_asig3,pre_cod_asig4,pre_cod_asig5,pre_cod_asig6,pre_cod_asig7 FROM tblaca009 WHERE pensum='5' AND c_uni_ca='5' AND c_asigna='300222' [1][0] OK
C:[17/04/2017 13:41:08.76][172.16.4.254][1365] SELECT c_asigna FROM dace004 WHERE exp_e='15-27256114' AND c_asigna='300112' AND status IN ('0','3','B') [1][0] OK
C:[17/04/2017 13:41:08.76][172.16.4.254][1352] SELECT pre_cod_asig1,pre_cod_asig2,pre_cod_asig3,pre_cod_asig4,pre_cod_asig5,pre_cod_asig6,pre_cod_asig7 FROM tblaca009 WHERE pensum='5' AND c_uni_ca='5' AND c_asigna='300228' [1][0] OK
C:[17/04/2017 13:41:08.76][172.16.4.254][1365] SELECT c_asigna FROM dace004 WHERE exp_e='15-27256114' AND c_asigna='300101' AND status IN ('0','3','B') [1][0] OK
C:[17/04/2017 13:41:09.01][172.16.4.254][1396] SELECT par_cod_asig1,par_cod_asig2,par_cod_asig3 FROM tblaca009 WHERE pensum='5' AND c_uni_ca='5' AND c_asigna='300105' [1][0] OK
C:[17/04/2017 13:41:09.01][172.16.4.254][1396] SELECT par_cod_asig1,par_cod_asig2,par_cod_asig3 FROM tblaca009 WHERE pensum='5' AND c_uni_ca='5' AND c_asigna='300113' [1][0] OK
C:[17/04/2017 13:41:09.01][172.16.4.254][1410] SELECT c_asigna FROM dace004 WHERE exp_e='15-27256114' AND c_asigna='300013' AND status IN ('0','3','B','C') [1][0] OK
C:[17/04/2017 13:41:09.01][172.16.4.254][1396] SELECT par_cod_asig1,par_cod_asig2,par_cod_asig3 FROM tblaca009 WHERE pensum='5' AND c_uni_ca='5' AND c_asigna='300209' [1][0] OK
C:[17/04/2017 13:41:09.01][172.16.4.254][1396] SELECT par_cod_asig1,par_cod_asig2,par_cod_asig3 FROM tblaca009 WHERE pensum='5' AND c_uni_ca='5' AND c_asigna='300218' [1][0] OK
C:[17/04/2017 13:41:09.01][172.16.4.254][1410] SELECT c_asigna FROM dace004 WHERE exp_e='15-27256114' AND c_asigna='300228' AND status IN ('0','3','B','C') [0][0] OK
C:[17/04/2017 13:41:09.01][172.16.4.254][1396] SELECT par_cod_asig1,par_cod_asig2,par_cod_asig3 FROM tblaca009 WHERE pensum='5' AND c_uni_ca='5' AND c_asigna='300222' [1][0] OK
C:[17/04/2017 13:41:09.01][172.16.4.254][1396] SELECT par_cod_asig1,par_cod_asig2,par_cod_asig3 FROM tblaca009 WHERE pensum='5' AND c_uni_ca='5' AND c_asigna='300228' [1][0] OK
C:[17/04/2017 13:41:09.08][172.16.4.254][1526] SELECT horas_lab FROM tblaca008 WHERE c_asigna='300105' AND horas_teoricas > 0 [1][0] OK
C:[17/04/2017 13:41:09.08][172.16.4.254][1526] SELECT horas_lab FROM tblaca008 WHERE c_asigna='300113' AND horas_teoricas > 0 [0][0] OK
C:[17/04/2017 13:41:09.08][172.16.4.254][1526] SELECT horas_lab FROM tblaca008 WHERE c_asigna='300209' AND horas_teoricas > 0 [1][0] OK
C:[17/04/2017 13:41:09.08][172.16.4.254][1526] SELECT horas_lab FROM tblaca008 WHERE c_asigna='300218' AND horas_teoricas > 0 [0][0] OK
C:[17/04/2017 13:41:09.08][172.16.4.254][1526] SELECT horas_lab FROM tblaca008 WHERE c_asigna='300222' AND horas_teoricas > 0 [1][0] OK
C:[17/04/2017 13:41:09.08][172.16.4.254][1526] SELECT horas_lab FROM tblaca008 WHERE c_asigna='300228' AND horas_teoricas > 0 [1][0] OK
C:[17/04/2017 13:55:08.18][172.16.4.254][1352] SELECT pre_cod_asig1,pre_cod_asig2,pre_cod_asig3,pre_cod_asig4,pre_cod_asig5,pre_cod_asig6,pre_cod_asig7 FROM tblaca009 WHERE pensum='5' AND c_uni_ca='4' AND c_asigna='300313' [1][0] OK
C:[17/04/2017 13:55:08.18][172.16.4.254][1365] SELECT c_asigna FROM dace004 WHERE exp_e='14-26863993' AND c_asigna='300213' AND status IN ('0','3','B') [1][0] OK
C:[17/04/2017 13:55:08.18][172.16.4.254][1365] SELECT c_asigna FROM dace004 WHERE exp_e='14-26863993' AND c_asigna='300226' AND status IN ('0','3','B') [1][0] OK
C:[17/04/2017 13:55:08.18][172.16.4.254][1365] SELECT c_asigna FROM dace004 WHERE exp_e='14-26863993' AND c_asigna='300222' AND status IN ('0','3','B') [1][0] OK
C:[17/04/2017 13:55:08.18][172.16.4.254][1365] SELECT c_asigna FROM dace004 WHERE exp_e='14-26863993' AND c_asigna='300209' AND status IN ('0','3','B') [1][0] OK
C:[17/04/2017 13:55:08.18][172.16.4.254][1352] SELECT pre_cod_asig1,pre_cod_asig2,pre_cod_asig3,pre_cod_asig4,pre_cod_asig5,pre_cod_asig6,pre_cod_asig7 FROM tblaca009 WHERE pensum='5' AND c_uni_ca='4' AND c_asigna='333440' [1][0] OK
C:[17/04/2017 13:55:08.18][172.16.4.254][1365] SELECT c_asigna FROM dace004 WHERE exp_e='14-26863993' AND c_asigna='300317' AND status IN ('0','3','B') [1][0] OK
C:[17/04/2017 13:55:08.18][172.16.4.254][1365] SELECT c_asigna FROM dace004 WHERE exp_e='14-26863993' AND c_asigna='330310' AND status IN ('0','3','B') [1][0] OK
C:[17/04/2017 13:55:08.18][172.16.4.254][1365] SELECT c_asigna FROM dace004 WHERE exp_e='14-26863993' AND c_asigna='300209' AND status IN ('0','3','B') [1][0] OK
C:[17/04/2017 13:55:08.18][172.16.4.254][1352] SELECT pre_cod_asig1,pre_cod_asig2,pre_cod_asig3,pre_cod_asig4,pre_cod_asig5,pre_cod_asig6,pre_cod_asig7 FROM tblaca009 WHERE pensum='5' AND c_uni_ca='4' AND c_asigna='311561' [1][0] OK
C:[17/04/2017 13:55:08.18][172.16.4.254][1365] SELECT c_asigna FROM dace004 WHERE exp_e='14-26863993' AND c_asigna='300318' AND status IN ('0','3','B') [1][0] OK
C:[17/04/2017 13:55:08.18][172.16.4.254][1352] SELECT pre_cod_asig1,pre_cod_asig2,pre_cod_asig3,pre_cod_asig4,pre_cod_asig5,pre_cod_asig6,pre_cod_asig7 FROM tblaca009 WHERE pensum='5' AND c_uni_ca='4' AND c_asigna='332558' [1][0] OK
C:[17/04/2017 13:55:08.18][172.16.4.254][1365] SELECT c_asigna FROM dace004 WHERE exp_e='14-26863993' AND c_asigna='330435' AND status IN ('0','3','B') [1][0] OK
C:[17/04/2017 13:55:08.18][172.16.4.254][1352] SELECT pre_cod_asig1,pre_cod_asig2,pre_cod_asig3,pre_cod_asig4,pre_cod_asig5,pre_cod_asig6,pre_cod_asig7 FROM tblaca009 WHERE pensum='5' AND c_uni_ca='4' AND c_asigna='333564' [1][0] OK
C:[17/04/2017 13:55:08.18][172.16.4.254][1365] SELECT c_asigna FROM dace004 WHERE exp_e='14-26863993' AND c_asigna='333441' AND status IN ('0','3','B') [1][0] OK
C:[17/04/2017 13:55:08.07][172.16.4.254][1396] SELECT par_cod_asig1,par_cod_asig2,par_cod_asig3 FROM tblaca009 WHERE pensum='5' AND c_uni_ca='4' AND c_asigna='300313' [1][0] OK
C:[17/04/2017 13:55:08.07][172.16.4.254][1396] SELECT par_cod_asig1,par_cod_asig2,par_cod_asig3 FROM tblaca009 WHERE pensum='5' AND c_uni_ca='4' AND c_asigna='333440' [1][0] OK
C:[17/04/2017 13:55:08.07][172.16.4.254][1410] SELECT c_asigna FROM dace004 WHERE exp_e='14-26863993' AND c_asigna='333441' AND status IN ('0','3','B','C') [1][0] OK
C:[17/04/2017 13:55:08.07][172.16.4.254][1396] SELECT par_cod_asig1,par_cod_asig2,par_cod_asig3 FROM tblaca009 WHERE pensum='5' AND c_uni_ca='4' AND c_asigna='311561' [1][0] OK
C:[17/04/2017 13:55:08.07][172.16.4.254][1396] SELECT par_cod_asig1,par_cod_asig2,par_cod_asig3 FROM tblaca009 WHERE pensum='5' AND c_uni_ca='4' AND c_asigna='332558' [1][0] OK
C:[17/04/2017 13:55:08.07][172.16.4.254][1396] SELECT par_cod_asig1,par_cod_asig2,par_cod_asig3 FROM tblaca009 WHERE pensum='5' AND c_uni_ca='4' AND c_asigna='333564' [1][0] OK
C:[17/04/2017 13:55:09.85][172.16.4.254][1526] SELECT horas_lab FROM tblaca008 WHERE c_asigna='300313' AND horas_teoricas > 0 [1][0] OK
C:[17/04/2017 13:55:09.85][172.16.4.254][1526] SELECT horas_lab FROM tblaca008 WHERE c_asigna='333440' AND horas_teoricas > 0 [1][0] OK
C:[17/04/2017 13:55:09.85][172.16.4.254][1526] SELECT horas_lab FROM tblaca008 WHERE c_asigna='311561' AND horas_teoricas > 0 [1][0] OK
C:[17/04/2017 13:55:09.85][172.16.4.254][1526] SELECT horas_lab FROM tblaca008 WHERE c_asigna='332558' AND horas_teoricas > 0 [1][0] OK
C:[17/04/2017 13:55:09.85][172.16.4.254][1526] SELECT horas_lab FROM tblaca008 WHERE c_asigna='333564' AND horas_teoricas > 0 [1][0] OK
C:[17/04/2017 13:56:12.33][172.16.4.254][1352] SELECT pre_cod_asig1,pre_cod_asig2,pre_cod_asig3,pre_cod_asig4,pre_cod_asig5,pre_cod_asig6,pre_cod_asig7 FROM tblaca009 WHERE pensum='5' AND c_uni_ca='3' AND c_asigna='300207' [1][0] OK
C:[17/04/2017 13:56:12.33][172.16.4.254][1365] SELECT c_asigna FROM dace004 WHERE exp_e='16-26769018' AND c_asigna='300101' AND status IN ('0','3','B') [1][0] OK
C:[17/04/2017 13:56:12.33][172.16.4.254][1352] SELECT pre_cod_asig1,pre_cod_asig2,pre_cod_asig3,pre_cod_asig4,pre_cod_asig5,pre_cod_asig6,pre_cod_asig7 FROM tblaca009 WHERE pensum='5' AND c_uni_ca='3' AND c_asigna='300209' [1][0] OK
C:[17/04/2017 13:56:12.33][172.16.4.254][1365] SELECT c_asigna FROM dace004 WHERE exp_e='16-26769018' AND c_asigna='300101' AND status IN ('0','3','B') [1][0] OK
C:[17/04/2017 13:56:12.33][172.16.4.254][1352] SELECT pre_cod_asig1,pre_cod_asig2,pre_cod_asig3,pre_cod_asig4,pre_cod_asig5,pre_cod_asig6,pre_cod_asig7 FROM tblaca009 WHERE pensum='5' AND c_uni_ca='3' AND c_asigna='300213' [1][0] OK
C:[17/04/2017 13:56:12.33][172.16.4.254][1365] SELECT c_asigna FROM dace004 WHERE exp_e='16-26769018' AND c_asigna='300101' AND status IN ('0','3','B') [1][0] OK
C:[17/04/2017 13:56:12.33][172.16.4.254][1352] SELECT pre_cod_asig1,pre_cod_asig2,pre_cod_asig3,pre_cod_asig4,pre_cod_asig5,pre_cod_asig6,pre_cod_asig7 FROM tblaca009 WHERE pensum='5' AND c_uni_ca='3' AND c_asigna='300226' [1][0] OK
C:[17/04/2017 13:56:12.33][172.16.4.254][1365] SELECT c_asigna FROM dace004 WHERE exp_e='16-26769018' AND c_asigna='300116' AND status IN ('0','3','B') [1][0] OK
C:[17/04/2017 13:56:12.33][172.16.4.254][1352] SELECT pre_cod_asig1,pre_cod_asig2,pre_cod_asig3,pre_cod_asig4,pre_cod_asig5,pre_cod_asig6,pre_cod_asig7 FROM tblaca009 WHERE pensum='5' AND c_uni_ca='3' AND c_asigna='311320' [1][0] OK
C:[17/04/2017 13:56:12.33][172.16.4.254][1365] SELECT c_asigna FROM dace004 WHERE exp_e='16-26769018' AND c_asigna='300013' AND status IN ('0','3','B') [1][0] OK
C:[17/04/2017 13:56:12.33][172.16.4.254][1365] SELECT c_asigna FROM dace004 WHERE exp_e='16-26769018' AND c_asigna='300113' AND status IN ('0','3','B') [1][0] OK
C:[17/04/2017 13:56:13.61][172.16.4.254][1396] SELECT par_cod_asig1,par_cod_asig2,par_cod_asig3 FROM tblaca009 WHERE pensum='5' AND c_uni_ca='3' AND c_asigna='300207' [1][0] OK
C:[17/04/2017 13:56:13.61][172.16.4.254][1396] SELECT par_cod_asig1,par_cod_asig2,par_cod_asig3 FROM tblaca009 WHERE pensum='5' AND c_uni_ca='3' AND c_asigna='300209' [1][0] OK
C:[17/04/2017 13:56:13.61][172.16.4.254][1396] SELECT par_cod_asig1,par_cod_asig2,par_cod_asig3 FROM tblaca009 WHERE pensum='5' AND c_uni_ca='3' AND c_asigna='300213' [1][0] OK
C:[17/04/2017 13:56:13.61][172.16.4.254][1410] SELECT c_asigna FROM dace004 WHERE exp_e='16-26769018' AND c_asigna='300209' AND status IN ('0','3','B','C') [0][0] OK
C:[17/04/2017 13:56:13.61][172.16.4.254][1396] SELECT par_cod_asig1,par_cod_asig2,par_cod_asig3 FROM tblaca009 WHERE pensum='5' AND c_uni_ca='3' AND c_asigna='300226' [1][0] OK
C:[17/04/2017 13:56:13.61][172.16.4.254][1396] SELECT par_cod_asig1,par_cod_asig2,par_cod_asig3 FROM tblaca009 WHERE pensum='5' AND c_uni_ca='3' AND c_asigna='311320' [1][0] OK
C:[17/04/2017 13:56:13.40][172.16.4.254][1526] SELECT horas_lab FROM tblaca008 WHERE c_asigna='300207' AND horas_teoricas > 0 [1][0] OK
C:[17/04/2017 13:56:13.40][172.16.4.254][1526] SELECT horas_lab FROM tblaca008 WHERE c_asigna='300209' AND horas_teoricas > 0 [1][0] OK
C:[17/04/2017 13:56:13.40][172.16.4.254][1526] SELECT horas_lab FROM tblaca008 WHERE c_asigna='300213' AND horas_teoricas > 0 [1][0] OK
C:[17/04/2017 13:56:13.40][172.16.4.254][1526] SELECT horas_lab FROM tblaca008 WHERE c_asigna='300226' AND horas_teoricas > 0 [1][0] OK
C:[17/04/2017 13:56:13.40][172.16.4.254][1526] SELECT horas_lab FROM tblaca008 WHERE c_asigna='311320' AND horas_teoricas > 0 [1][0] OK
C:[17/04/2017 14:18:12.59][172.16.4.254][1352] SELECT pre_cod_asig1,pre_cod_asig2,pre_cod_asig3,pre_cod_asig4,pre_cod_asig5,pre_cod_asig6,pre_cod_asig7 FROM tblaca009 WHERE pensum='5' AND c_uni_ca='5' AND c_asigna='300207' [1][0] OK
C:[17/04/2017 14:18:12.59][172.16.4.254][1365] SELECT c_asigna FROM dace004 WHERE exp_e='16-27201350' AND c_asigna='300101' AND status IN ('0','3','B') [1][0] OK
C:[17/04/2017 14:18:12.59][172.16.4.254][1352] SELECT pre_cod_asig1,pre_cod_asig2,pre_cod_asig3,pre_cod_asig4,pre_cod_asig5,pre_cod_asig6,pre_cod_asig7 FROM tblaca009 WHERE pensum='5' AND c_uni_ca='5' AND c_asigna='300209' [1][0] OK
C:[17/04/2017 14:18:12.59][172.16.4.254][1365] SELECT c_asigna FROM dace004 WHERE exp_e='16-27201350' AND c_asigna='300101' AND status IN ('0','3','B') [1][0] OK
C:[17/04/2017 14:18:12.59][172.16.4.254][1352] SELECT pre_cod_asig1,pre_cod_asig2,pre_cod_asig3,pre_cod_asig4,pre_cod_asig5,pre_cod_asig6,pre_cod_asig7 FROM tblaca009 WHERE pensum='5' AND c_uni_ca='5' AND c_asigna='300213' [1][0] OK
C:[17/04/2017 14:18:12.59][172.16.4.254][1365] SELECT c_asigna FROM dace004 WHERE exp_e='16-27201350' AND c_asigna='300101' AND status IN ('0','3','B') [1][0] OK
C:[17/04/2017 14:18:12.59][172.16.4.254][1352] SELECT pre_cod_asig1,pre_cod_asig2,pre_cod_asig3,pre_cod_asig4,pre_cod_asig5,pre_cod_asig6,pre_cod_asig7 FROM tblaca009 WHERE pensum='5' AND c_uni_ca='5' AND c_asigna='300218' [1][0] OK
C:[17/04/2017 14:18:12.59][172.16.4.254][1365] SELECT c_asigna FROM dace004 WHERE exp_e='16-27201350' AND c_asigna='300101' AND status IN ('0','3','B') [1][0] OK
C:[17/04/2017 14:18:12.59][172.16.4.254][1352] SELECT pre_cod_asig1,pre_cod_asig2,pre_cod_asig3,pre_cod_asig4,pre_cod_asig5,pre_cod_asig6,pre_cod_asig7 FROM tblaca009 WHERE pensum='5' AND c_uni_ca='5' AND c_asigna='300222' [1][0] OK
C:[17/04/2017 14:18:12.59][172.16.4.254][1365] SELECT c_asigna FROM dace004 WHERE exp_e='16-27201350' AND c_asigna='300112' AND status IN ('0','3','B') [1][0] OK
C:[17/04/2017 14:18:12.59][172.16.4.254][1352] SELECT pre_cod_asig1,pre_cod_asig2,pre_cod_asig3,pre_cod_asig4,pre_cod_asig5,pre_cod_asig6,pre_cod_asig7 FROM tblaca009 WHERE pensum='5' AND c_uni_ca='5' AND c_asigna='300228' [1][0] OK
C:[17/04/2017 14:18:12.59][172.16.4.254][1365] SELECT c_asigna FROM dace004 WHERE exp_e='16-27201350' AND c_asigna='300101' AND status IN ('0','3','B') [1][0] OK
C:[17/04/2017 14:18:12.59][172.16.4.254][1352] SELECT pre_cod_asig1,pre_cod_asig2,pre_cod_asig3,pre_cod_asig4,pre_cod_asig5,pre_cod_asig6,pre_cod_asig7 FROM tblaca009 WHERE pensum='5' AND c_uni_ca='5' AND c_asigna='300314' [1][0] OK
C:[17/04/2017 14:18:12.59][172.16.4.254][1365] SELECT c_asigna FROM dace004 WHERE exp_e='16-27201350' AND c_asigna='300106' AND status IN ('0','3','B') [1][0] OK
C:[17/04/2017 14:18:13.34][172.16.4.254][1396] SELECT par_cod_asig1,par_cod_asig2,par_cod_asig3 FROM tblaca009 WHERE pensum='5' AND c_uni_ca='5' AND c_asigna='300207' [1][0] OK
C:[17/04/2017 14:18:13.34][172.16.4.254][1396] SELECT par_cod_asig1,par_cod_asig2,par_cod_asig3 FROM tblaca009 WHERE pensum='5' AND c_uni_ca='5' AND c_asigna='300209' [1][0] OK
C:[17/04/2017 14:18:13.34][172.16.4.254][1396] SELECT par_cod_asig1,par_cod_asig2,par_cod_asig3 FROM tblaca009 WHERE pensum='5' AND c_uni_ca='5' AND c_asigna='300213' [1][0] OK
C:[17/04/2017 14:18:13.34][172.16.4.254][1410] SELECT c_asigna FROM dace004 WHERE exp_e='16-27201350' AND c_asigna='300209' AND status IN ('0','3','B','C') [0][0] OK
C:[17/04/2017 14:18:13.34][172.16.4.254][1396] SELECT par_cod_asig1,par_cod_asig2,par_cod_asig3 FROM tblaca009 WHERE pensum='5' AND c_uni_ca='5' AND c_asigna='300218' [1][0] OK
C:[17/04/2017 14:18:13.34][172.16.4.254][1410] SELECT c_asigna FROM dace004 WHERE exp_e='16-27201350' AND c_asigna='300228' AND status IN ('0','3','B','C') [0][0] OK
C:[17/04/2017 14:18:13.34][172.16.4.254][1396] SELECT par_cod_asig1,par_cod_asig2,par_cod_asig3 FROM tblaca009 WHERE pensum='5' AND c_uni_ca='5' AND c_asigna='300222' [1][0] OK
C:[17/04/2017 14:18:13.34][172.16.4.254][1396] SELECT par_cod_asig1,par_cod_asig2,par_cod_asig3 FROM tblaca009 WHERE pensum='5' AND c_uni_ca='5' AND c_asigna='300228' [1][0] OK
C:[17/04/2017 14:18:13.34][172.16.4.254][1396] SELECT par_cod_asig1,par_cod_asig2,par_cod_asig3 FROM tblaca009 WHERE pensum='5' AND c_uni_ca='5' AND c_asigna='300314' [1][0] OK
C:[17/04/2017 14:18:13.49][172.16.4.254][1526] SELECT horas_lab FROM tblaca008 WHERE c_asigna='300207' AND horas_teoricas > 0 [1][0] OK
C:[17/04/2017 14:18:13.49][172.16.4.254][1526] SELECT horas_lab FROM tblaca008 WHERE c_asigna='300209' AND horas_teoricas > 0 [1][0] OK
C:[17/04/2017 14:18:13.49][172.16.4.254][1526] SELECT horas_lab FROM tblaca008 WHERE c_asigna='300213' AND horas_teoricas > 0 [1][0] OK
C:[17/04/2017 14:18:13.49][172.16.4.254][1526] SELECT horas_lab FROM tblaca008 WHERE c_asigna='300218' AND horas_teoricas > 0 [0][0] OK
C:[17/04/2017 14:18:13.49][172.16.4.254][1526] SELECT horas_lab FROM tblaca008 WHERE c_asigna='300222' AND horas_teoricas > 0 [1][0] OK
C:[17/04/2017 14:18:13.49][172.16.4.254][1526] SELECT horas_lab FROM tblaca008 WHERE c_asigna='300228' AND horas_teoricas > 0 [1][0] OK
C:[17/04/2017 14:18:13.49][172.16.4.254][1526] SELECT horas_lab FROM tblaca008 WHERE c_asigna='300314' AND horas_teoricas > 0 [0][0] OK
C:[17/04/2017 14:53:00.36][172.16.4.254][1352] SELECT pre_cod_asig1,pre_cod_asig2,pre_cod_asig3,pre_cod_asig4,pre_cod_asig5,pre_cod_asig6,pre_cod_asig7 FROM tblaca009 WHERE pensum='5' AND c_uni_ca='3' AND c_asigna='300218' [1][0] OK
C:[17/04/2017 14:53:00.36][172.16.4.254][1365] SELECT c_asigna FROM dace004 WHERE exp_e='15-23872902' AND c_asigna='300101' AND status IN ('0','3','B') [1][0] OK
C:[17/04/2017 14:53:00.36][172.16.4.254][1352] SELECT pre_cod_asig1,pre_cod_asig2,pre_cod_asig3,pre_cod_asig4,pre_cod_asig5,pre_cod_asig6,pre_cod_asig7 FROM tblaca009 WHERE pensum='5' AND c_uni_ca='3' AND c_asigna='300226' [1][0] OK
C:[17/04/2017 14:53:00.36][172.16.4.254][1365] SELECT c_asigna FROM dace004 WHERE exp_e='15-23872902' AND c_asigna='300116' AND status IN ('0','3','B') [1][0] OK
C:[17/04/2017 14:53:00.36][172.16.4.254][1352] SELECT pre_cod_asig1,pre_cod_asig2,pre_cod_asig3,pre_cod_asig4,pre_cod_asig5,pre_cod_asig6,pre_cod_asig7 FROM tblaca009 WHERE pensum='5' AND c_uni_ca='3' AND c_asigna='300228' [1][0] OK
C:[17/04/2017 14:53:00.36][172.16.4.254][1365] SELECT c_asigna FROM dace004 WHERE exp_e='15-23872902' AND c_asigna='300101' AND status IN ('0','3','B') [1][0] OK
C:[17/04/2017 14:53:01.10][172.16.4.254][1396] SELECT par_cod_asig1,par_cod_asig2,par_cod_asig3 FROM tblaca009 WHERE pensum='5' AND c_uni_ca='3' AND c_asigna='300218' [1][0] OK
C:[17/04/2017 14:53:01.10][172.16.4.254][1410] SELECT c_asigna FROM dace004 WHERE exp_e='15-23872902' AND c_asigna='300228' AND status IN ('0','3','B','C') [0][0] OK
C:[17/04/2017 14:53:01.10][172.16.4.254][1396] SELECT par_cod_asig1,par_cod_asig2,par_cod_asig3 FROM tblaca009 WHERE pensum='5' AND c_uni_ca='3' AND c_asigna='300226' [1][0] OK
C:[17/04/2017 14:53:01.10][172.16.4.254][1396] SELECT par_cod_asig1,par_cod_asig2,par_cod_asig3 FROM tblaca009 WHERE pensum='5' AND c_uni_ca='3' AND c_asigna='300228' [1][0] OK
C:[17/04/2017 14:53:01.62][172.16.4.254][1526] SELECT horas_lab FROM tblaca008 WHERE c_asigna='300218' AND horas_teoricas > 0 [0][0] OK
C:[17/04/2017 14:53:01.62][172.16.4.254][1526] SELECT horas_lab FROM tblaca008 WHERE c_asigna='300226' AND horas_teoricas > 0 [1][0] OK
C:[17/04/2017 14:53:01.62][172.16.4.254][1526] SELECT horas_lab FROM tblaca008 WHERE c_asigna='300228' AND horas_teoricas > 0 [1][0] OK
C:[17/04/2017 16:27:48.36][172.16.4.254][1352] SELECT pre_cod_asig1,pre_cod_asig2,pre_cod_asig3,pre_cod_asig4,pre_cod_asig5,pre_cod_asig6,pre_cod_asig7 FROM tblaca009 WHERE pensum='5' AND c_uni_ca='6' AND c_asigna='311561' [1][0] OK
C:[17/04/2017 16:27:48.36][172.16.4.254][1365] SELECT c_asigna FROM dace004 WHERE exp_e='12-23646835' AND c_asigna='300318' AND status IN ('0','3','B') [1][0] OK
C:[17/04/2017 16:27:48.36][172.16.4.254][1352] SELECT pre_cod_asig1,pre_cod_asig2,pre_cod_asig3,pre_cod_asig4,pre_cod_asig5,pre_cod_asig6,pre_cod_asig7 FROM tblaca009 WHERE pensum='5' AND c_uni_ca='6' AND c_asigna='344566' [1][0] OK
C:[17/04/2017 16:27:48.36][172.16.4.254][1365] SELECT c_asigna FROM dace004 WHERE exp_e='12-23646835' AND c_asigna='344446' AND status IN ('0','3','B') [1][0] OK
C:[17/04/2017 16:27:48.36][172.16.4.254][1365] SELECT c_asigna FROM dace004 WHERE exp_e='12-23646835' AND c_asigna='300428' AND status IN ('0','3','B') [1][0] OK
C:[17/04/2017 16:27:48.36][172.16.4.254][1365] SELECT c_asigna FROM dace004 WHERE exp_e='12-23646835' AND c_asigna='300209' AND status IN ('0','3','B') [1][0] OK
C:[17/04/2017 16:27:48.36][172.16.4.254][1365] SELECT c_asigna FROM dace004 WHERE exp_e='12-23646835' AND c_asigna='300222' AND status IN ('0','3','B') [1][0] OK
C:[17/04/2017 16:27:48.36][172.16.4.254][1365] SELECT c_asigna FROM dace004 WHERE exp_e='12-23646835' AND c_asigna='300226' AND status IN ('0','3','B') [1][0] OK
C:[17/04/2017 16:27:48.36][172.16.4.254][1365] SELECT c_asigna FROM dace004 WHERE exp_e='12-23646835' AND c_asigna='300317' AND status IN ('0','3','B') [1][0] OK
C:[17/04/2017 16:27:48.36][172.16.4.254][1365] SELECT c_asigna FROM dace004 WHERE exp_e='12-23646835' AND c_asigna='300313' AND status IN ('0','3','B') [1][0] OK
C:[17/04/2017 16:27:48.36][172.16.4.254][1352] SELECT pre_cod_asig1,pre_cod_asig2,pre_cod_asig3,pre_cod_asig4,pre_cod_asig5,pre_cod_asig6,pre_cod_asig7 FROM tblaca009 WHERE pensum='5' AND c_uni_ca='6' AND c_asigna='344716' [1][0] OK
C:[17/04/2017 16:27:48.36][172.16.4.254][1365] SELECT c_asigna FROM dace004 WHERE exp_e='12-23646835' AND c_asigna='344688' AND status IN ('0','3','B') [1][0] OK
C:[17/04/2017 16:27:48.36][172.16.4.254][1365] SELECT c_asigna FROM dace004 WHERE exp_e='12-23646835' AND c_asigna='342559' AND status IN ('0','3','B') [1][0] OK
C:[17/04/2017 16:27:48.36][172.16.4.254][1352] SELECT pre_cod_asig1,pre_cod_asig2,pre_cod_asig3,pre_cod_asig4,pre_cod_asig5,pre_cod_asig6,pre_cod_asig7 FROM tblaca009 WHERE pensum='5' AND c_uni_ca='6' AND c_asigna='344732' [1][0] OK
C:[17/04/2017 16:27:48.36][172.16.4.254][1365] SELECT c_asigna FROM dace004 WHERE exp_e='12-23646835' AND c_asigna='344687' AND status IN ('0','3','B') [1][0] OK
C:[17/04/2017 16:27:48.36][172.16.4.254][1352] SELECT pre_cod_asig1,pre_cod_asig2,pre_cod_asig3,pre_cod_asig4,pre_cod_asig5,pre_cod_asig6,pre_cod_asig7 FROM tblaca009 WHERE pensum='5' AND c_uni_ca='6' AND c_asigna='344733' [1][0] OK
C:[17/04/2017 16:27:48.36][172.16.4.254][1352] SELECT pre_cod_asig1,pre_cod_asig2,pre_cod_asig3,pre_cod_asig4,pre_cod_asig5,pre_cod_asig6,pre_cod_asig7 FROM tblaca009 WHERE pensum='5' AND c_uni_ca='6' AND c_asigna='344742' [1][0] OK
C:[17/04/2017 16:27:48.36][172.16.4.254][1365] SELECT c_asigna FROM dace004 WHERE exp_e='12-23646835' AND c_asigna='344688' AND status IN ('0','3','B') [1][0] OK
C:[17/04/2017 16:27:48.36][172.16.4.254][1365] SELECT c_asigna FROM dace004 WHERE exp_e='12-23646835' AND c_asigna='342679' AND status IN ('0','3','B') [1][0] OK
C:[17/04/2017 16:27:48.74][172.16.4.254][1396] SELECT par_cod_asig1,par_cod_asig2,par_cod_asig3 FROM tblaca009 WHERE pensum='5' AND c_uni_ca='6' AND c_asigna='311561' [1][0] OK
C:[17/04/2017 16:27:48.74][172.16.4.254][1396] SELECT par_cod_asig1,par_cod_asig2,par_cod_asig3 FROM tblaca009 WHERE pensum='5' AND c_uni_ca='6' AND c_asigna='344566' [1][0] OK
C:[17/04/2017 16:27:48.74][172.16.4.254][1396] SELECT par_cod_asig1,par_cod_asig2,par_cod_asig3 FROM tblaca009 WHERE pensum='5' AND c_uni_ca='6' AND c_asigna='344716' [1][0] OK
C:[17/04/2017 16:27:48.74][172.16.4.254][1396] SELECT par_cod_asig1,par_cod_asig2,par_cod_asig3 FROM tblaca009 WHERE pensum='5' AND c_uni_ca='6' AND c_asigna='344732' [1][0] OK
C:[17/04/2017 16:27:48.74][172.16.4.254][1396] SELECT par_cod_asig1,par_cod_asig2,par_cod_asig3 FROM tblaca009 WHERE pensum='5' AND c_uni_ca='6' AND c_asigna='344733' [1][0] OK
C:[17/04/2017 16:27:48.74][172.16.4.254][1396] SELECT par_cod_asig1,par_cod_asig2,par_cod_asig3 FROM tblaca009 WHERE pensum='5' AND c_uni_ca='6' AND c_asigna='344742' [1][0] OK
C:[17/04/2017 16:27:48.51][172.16.4.254][1526] SELECT horas_lab FROM tblaca008 WHERE c_asigna='311561' AND horas_teoricas > 0 [1][0] OK
C:[17/04/2017 16:27:48.51][172.16.4.254][1526] SELECT horas_lab FROM tblaca008 WHERE c_asigna='344566' AND horas_teoricas > 0 [1][0] OK
C:[17/04/2017 16:27:48.51][172.16.4.254][1526] SELECT horas_lab FROM tblaca008 WHERE c_asigna='344716' AND horas_teoricas > 0 [1][0] OK
C:[17/04/2017 16:27:48.51][172.16.4.254][1526] SELECT horas_lab FROM tblaca008 WHERE c_asigna='344732' AND horas_teoricas > 0 [1][0] OK
C:[17/04/2017 16:27:48.51][172.16.4.254][1526] SELECT horas_lab FROM tblaca008 WHERE c_asigna='344733' AND horas_teoricas > 0 [1][0] OK
C:[17/04/2017 16:27:48.51][172.16.4.254][1526] SELECT horas_lab FROM tblaca008 WHERE c_asigna='344742' AND horas_teoricas > 0 [1][0] OK
C:[18/04/2017 09:44:10.07][172.16.4.254][1352] SELECT pre_cod_asig1,pre_cod_asig2,pre_cod_asig3,pre_cod_asig4,pre_cod_asig5,pre_cod_asig6,pre_cod_asig7 FROM tblaca009 WHERE pensum='5' AND c_uni_ca='6' AND c_asigna='300013' [1][0] OK
C:[18/04/2017 09:44:10.07][172.16.4.254][1352] SELECT pre_cod_asig1,pre_cod_asig2,pre_cod_asig3,pre_cod_asig4,pre_cod_asig5,pre_cod_asig6,pre_cod_asig7 FROM tblaca009 WHERE pensum='5' AND c_uni_ca='6' AND c_asigna='300101' [1][0] OK
C:[18/04/2017 09:44:10.07][172.16.4.254][1352] SELECT pre_cod_asig1,pre_cod_asig2,pre_cod_asig3,pre_cod_asig4,pre_cod_asig5,pre_cod_asig6,pre_cod_asig7 FROM tblaca009 WHERE pensum='5' AND c_uni_ca='6' AND c_asigna='300105' [1][0] OK
C:[18/04/2017 09:44:10.07][172.16.4.254][1352] SELECT pre_cod_asig1,pre_cod_asig2,pre_cod_asig3,pre_cod_asig4,pre_cod_asig5,pre_cod_asig6,pre_cod_asig7 FROM tblaca009 WHERE pensum='5' AND c_uni_ca='6' AND c_asigna='300112' [1][0] OK
C:[18/04/2017 09:44:10.07][172.16.4.254][1352] SELECT pre_cod_asig1,pre_cod_asig2,pre_cod_asig3,pre_cod_asig4,pre_cod_asig5,pre_cod_asig6,pre_cod_asig7 FROM tblaca009 WHERE pensum='5' AND c_uni_ca='6' AND c_asigna='300113' [1][0] OK
C:[18/04/2017 09:44:10.07][172.16.4.254][1352] SELECT pre_cod_asig1,pre_cod_asig2,pre_cod_asig3,pre_cod_asig4,pre_cod_asig5,pre_cod_asig6,pre_cod_asig7 FROM tblaca009 WHERE pensum='5' AND c_uni_ca='6' AND c_asigna='300226' [1][0] OK
C:[18/04/2017 09:44:10.07][172.16.4.254][1365] SELECT c_asigna FROM dace004 WHERE exp_e='16-26562566' AND c_asigna='300116' AND status IN ('0','3','B') [1][0] OK
C:[18/04/2017 09:44:11.94][172.16.4.254][1396] SELECT par_cod_asig1,par_cod_asig2,par_cod_asig3 FROM tblaca009 WHERE pensum='5' AND c_uni_ca='6' AND c_asigna='300013' [1][0] OK
C:[18/04/2017 09:44:11.94][172.16.4.254][1396] SELECT par_cod_asig1,par_cod_asig2,par_cod_asig3 FROM tblaca009 WHERE pensum='5' AND c_uni_ca='6' AND c_asigna='300101' [1][0] OK
C:[18/04/2017 09:44:11.94][172.16.4.254][1396] SELECT par_cod_asig1,par_cod_asig2,par_cod_asig3 FROM tblaca009 WHERE pensum='5' AND c_uni_ca='6' AND c_asigna='300105' [1][0] OK
C:[18/04/2017 09:44:11.94][172.16.4.254][1396] SELECT par_cod_asig1,par_cod_asig2,par_cod_asig3 FROM tblaca009 WHERE pensum='5' AND c_uni_ca='6' AND c_asigna='300112' [1][0] OK
C:[18/04/2017 09:44:11.94][172.16.4.254][1396] SELECT par_cod_asig1,par_cod_asig2,par_cod_asig3 FROM tblaca009 WHERE pensum='5' AND c_uni_ca='6' AND c_asigna='300113' [1][0] OK
C:[18/04/2017 09:44:11.94][172.16.4.254][1410] SELECT c_asigna FROM dace004 WHERE exp_e='16-26562566' AND c_asigna='300013' AND status IN ('0','3','B','C') [0][0] OK
C:[18/04/2017 09:44:11.94][172.16.4.254][1396] SELECT par_cod_asig1,par_cod_asig2,par_cod_asig3 FROM tblaca009 WHERE pensum='5' AND c_uni_ca='6' AND c_asigna='300226' [1][0] OK
C:[18/04/2017 09:44:11.85][172.16.4.254][1526] SELECT horas_lab FROM tblaca008 WHERE c_asigna='300013' AND horas_teoricas > 0 [1][0] OK
C:[18/04/2017 09:44:11.85][172.16.4.254][1526] SELECT horas_lab FROM tblaca008 WHERE c_asigna='300101' AND horas_teoricas > 0 [1][0] OK
C:[18/04/2017 09:44:11.85][172.16.4.254][1526] SELECT horas_lab FROM tblaca008 WHERE c_asigna='300105' AND horas_teoricas > 0 [1][0] OK
C:[18/04/2017 09:44:11.85][172.16.4.254][1526] SELECT horas_lab FROM tblaca008 WHERE c_asigna='300112' AND horas_teoricas > 0 [1][0] OK
C:[18/04/2017 09:44:11.85][172.16.4.254][1526] SELECT horas_lab FROM tblaca008 WHERE c_asigna='300113' AND horas_teoricas > 0 [0][0] OK
C:[18/04/2017 09:44:11.85][172.16.4.254][1526] SELECT horas_lab FROM tblaca008 WHERE c_asigna='300226' AND horas_teoricas > 0 [1][0] OK
C:[18/04/2017 09:55:21.52][172.16.4.254][1352] SELECT pre_cod_asig1,pre_cod_asig2,pre_cod_asig3,pre_cod_asig4,pre_cod_asig5,pre_cod_asig6,pre_cod_asig7 FROM tblaca009 WHERE pensum='5' AND c_uni_ca='3' AND c_asigna='300313' [1][0] OK
C:[18/04/2017 09:55:21.52][172.16.4.254][1365] SELECT c_asigna FROM dace004 WHERE exp_e='08-20013510' AND c_asigna='300213' AND status IN ('0','3','B') [1][0] OK
C:[18/04/2017 09:55:21.52][172.16.4.254][1365] SELECT c_asigna FROM dace004 WHERE exp_e='08-20013510' AND c_asigna='300226' AND status IN ('0','3','B') [1][0] OK
C:[18/04/2017 09:55:21.52][172.16.4.254][1365] SELECT c_asigna FROM dace004 WHERE exp_e='08-20013510' AND c_asigna='300222' AND status IN ('0','3','B') [1][0] OK
C:[18/04/2017 09:55:21.52][172.16.4.254][1365] SELECT c_asigna FROM dace004 WHERE exp_e='08-20013510' AND c_asigna='300209' AND status IN ('0','3','B') [1][0] OK
C:[18/04/2017 09:55:21.52][172.16.4.254][1352] SELECT pre_cod_asig1,pre_cod_asig2,pre_cod_asig3,pre_cod_asig4,pre_cod_asig5,pre_cod_asig6,pre_cod_asig7 FROM tblaca009 WHERE pensum='5' AND c_uni_ca='3' AND c_asigna='311556' [1][0] OK
C:[18/04/2017 09:55:21.52][172.16.4.254][1365] SELECT c_asigna FROM dace004 WHERE exp_e='08-20013510' AND c_asigna='311434' AND status IN ('0','3','B') [1][0] OK
C:[18/04/2017 09:55:21.52][172.16.4.254][1365] SELECT c_asigna FROM dace004 WHERE exp_e='08-20013510' AND c_asigna='311430' AND status IN ('0','3','B') [1][0] OK
C:[18/04/2017 09:55:21.52][172.16.4.254][1365] SELECT c_asigna FROM dace004 WHERE exp_e='08-20013510' AND c_asigna='300222' AND status IN ('0','3','B') [1][0] OK
C:[18/04/2017 09:55:21.52][172.16.4.254][1365] SELECT c_asigna FROM dace004 WHERE exp_e='08-20013510' AND c_asigna='300226' AND status IN ('0','3','B') [1][0] OK
C:[18/04/2017 09:55:21.52][172.16.4.254][1365] SELECT c_asigna FROM dace004 WHERE exp_e='08-20013510' AND c_asigna='300209' AND status IN ('0','3','B') [1][0] OK
C:[18/04/2017 09:55:21.52][172.16.4.254][1352] SELECT pre_cod_asig1,pre_cod_asig2,pre_cod_asig3,pre_cod_asig4,pre_cod_asig5,pre_cod_asig6,pre_cod_asig7 FROM tblaca009 WHERE pensum='5' AND c_uni_ca='3' AND c_asigna='300676' [1][0] OK
C:[18/04/2017 09:55:21.52][172.16.4.254][1352] SELECT pre_cod_asig1,pre_cod_asig2,pre_cod_asig3,pre_cod_asig4,pre_cod_asig5,pre_cod_asig6,pre_cod_asig7 FROM tblaca009 WHERE pensum='5' AND c_uni_ca='3' AND c_asigna='311704' [1][0] OK
C:[18/04/2017 09:55:21.52][172.16.4.254][1365] SELECT c_asigna FROM dace004 WHERE exp_e='08-20013510' AND c_asigna='315671' AND status IN ('0','3','B') [1][0] OK
C:[18/04/2017 09:55:21.52][172.16.4.254][1352] SELECT pre_cod_asig1,pre_cod_asig2,pre_cod_asig3,pre_cod_asig4,pre_cod_asig5,pre_cod_asig6,pre_cod_asig7 FROM tblaca009 WHERE pensum='5' AND c_uni_ca='3' AND c_asigna='311799' [1][0] OK
C:[18/04/2017 09:55:21.52][172.16.4.254][1365] SELECT c_asigna FROM dace004 WHERE exp_e='08-20013510' AND c_asigna='311673' AND status IN ('0','3','B') [1][0] OK
C:[18/04/2017 09:55:21.52][172.16.4.254][1352] SELECT pre_cod_asig1,pre_cod_asig2,pre_cod_asig3,pre_cod_asig4,pre_cod_asig5,pre_cod_asig6,pre_cod_asig7 FROM tblaca009 WHERE pensum='5' AND c_uni_ca='3' AND c_asigna='311796' [1][0] OK
C:[18/04/2017 09:55:21.52][172.16.4.254][1365] SELECT c_asigna FROM dace004 WHERE exp_e='08-20013510' AND c_asigna='315671' AND status IN ('0','3','B') [1][0] OK
C:[18/04/2017 09:55:22.32][172.16.4.254][1396] SELECT par_cod_asig1,par_cod_asig2,par_cod_asig3 FROM tblaca009 WHERE pensum='5' AND c_uni_ca='3' AND c_asigna='300313' [1][0] OK
C:[18/04/2017 09:55:22.32][172.16.4.254][1396] SELECT par_cod_asig1,par_cod_asig2,par_cod_asig3 FROM tblaca009 WHERE pensum='5' AND c_uni_ca='3' AND c_asigna='311556' [1][0] OK
C:[18/04/2017 09:55:22.32][172.16.4.254][1410] SELECT c_asigna FROM dace004 WHERE exp_e='08-20013510' AND c_asigna='311551' AND status IN ('0','3','B','C') [1][0] OK
C:[18/04/2017 09:55:22.32][172.16.4.254][1396] SELECT par_cod_asig1,par_cod_asig2,par_cod_asig3 FROM tblaca009 WHERE pensum='5' AND c_uni_ca='3' AND c_asigna='300676' [1][0] OK
C:[18/04/2017 09:55:22.32][172.16.4.254][1396] SELECT par_cod_asig1,par_cod_asig2,par_cod_asig3 FROM tblaca009 WHERE pensum='5' AND c_uni_ca='3' AND c_asigna='311704' [1][0] OK
C:[18/04/2017 09:55:22.32][172.16.4.254][1396] SELECT par_cod_asig1,par_cod_asig2,par_cod_asig3 FROM tblaca009 WHERE pensum='5' AND c_uni_ca='3' AND c_asigna='311799' [1][0] OK
C:[18/04/2017 09:55:22.32][172.16.4.254][1396] SELECT par_cod_asig1,par_cod_asig2,par_cod_asig3 FROM tblaca009 WHERE pensum='5' AND c_uni_ca='3' AND c_asigna='311796' [1][0] OK
C:[18/04/2017 09:55:22.23][172.16.4.254][1526] SELECT horas_lab FROM tblaca008 WHERE c_asigna='300313' AND horas_teoricas > 0 [1][0] OK
C:[18/04/2017 09:55:22.23][172.16.4.254][1526] SELECT horas_lab FROM tblaca008 WHERE c_asigna='311556' AND horas_teoricas > 0 [0][0] OK
C:[18/04/2017 09:55:22.23][172.16.4.254][1526] SELECT horas_lab FROM tblaca008 WHERE c_asigna='300676' AND horas_teoricas > 0 [1][0] OK
C:[18/04/2017 09:55:22.23][172.16.4.254][1526] SELECT horas_lab FROM tblaca008 WHERE c_asigna='311704' AND horas_teoricas > 0 [1][0] OK
C:[18/04/2017 09:55:22.23][172.16.4.254][1526] SELECT horas_lab FROM tblaca008 WHERE c_asigna='311799' AND horas_teoricas > 0 [1][0] OK
C:[18/04/2017 10:23:08.70][172.16.4.254][1352] SELECT pre_cod_asig1,pre_cod_asig2,pre_cod_asig3,pre_cod_asig4,pre_cod_asig5,pre_cod_asig6,pre_cod_asig7 FROM tblaca009 WHERE pensum='5' AND c_uni_ca='5' AND c_asigna='300207' [1][0] OK
C:[18/04/2017 10:23:08.70][172.16.4.254][1365] SELECT c_asigna FROM dace004 WHERE exp_e='16-27656757' AND c_asigna='300101' AND status IN ('0','3','B') [1][0] OK
C:[18/04/2017 10:23:08.70][172.16.4.254][1352] SELECT pre_cod_asig1,pre_cod_asig2,pre_cod_asig3,pre_cod_asig4,pre_cod_asig5,pre_cod_asig6,pre_cod_asig7 FROM tblaca009 WHERE pensum='5' AND c_uni_ca='5' AND c_asigna='300209' [1][0] OK
C:[18/04/2017 10:23:08.70][172.16.4.254][1365] SELECT c_asigna FROM dace004 WHERE exp_e='16-27656757' AND c_asigna='300101' AND status IN ('0','3','B') [1][0] OK
C:[18/04/2017 10:23:08.70][172.16.4.254][1352] SELECT pre_cod_asig1,pre_cod_asig2,pre_cod_asig3,pre_cod_asig4,pre_cod_asig5,pre_cod_asig6,pre_cod_asig7 FROM tblaca009 WHERE pensum='5' AND c_uni_ca='5' AND c_asigna='300213' [1][0] OK
C:[18/04/2017 10:23:08.70][172.16.4.254][1365] SELECT c_asigna FROM dace004 WHERE exp_e='16-27656757' AND c_asigna='300101' AND status IN ('0','3','B') [1][0] OK
C:[18/04/2017 10:23:08.70][172.16.4.254][1352] SELECT pre_cod_asig1,pre_cod_asig2,pre_cod_asig3,pre_cod_asig4,pre_cod_asig5,pre_cod_asig6,pre_cod_asig7 FROM tblaca009 WHERE pensum='5' AND c_uni_ca='5' AND c_asigna='300218' [1][0] OK
C:[18/04/2017 10:23:08.70][172.16.4.254][1365] SELECT c_asigna FROM dace004 WHERE exp_e='16-27656757' AND c_asigna='300101' AND status IN ('0','3','B') [1][0] OK
C:[18/04/2017 10:23:08.70][172.16.4.254][1352] SELECT pre_cod_asig1,pre_cod_asig2,pre_cod_asig3,pre_cod_asig4,pre_cod_asig5,pre_cod_asig6,pre_cod_asig7 FROM tblaca009 WHERE pensum='5' AND c_uni_ca='5' AND c_asigna='300222' [1][0] OK
C:[18/04/2017 10:23:08.70][172.16.4.254][1365] SELECT c_asigna FROM dace004 WHERE exp_e='16-27656757' AND c_asigna='300112' AND status IN ('0','3','B') [1][0] OK
C:[18/04/2017 10:23:08.70][172.16.4.254][1352] SELECT pre_cod_asig1,pre_cod_asig2,pre_cod_asig3,pre_cod_asig4,pre_cod_asig5,pre_cod_asig6,pre_cod_asig7 FROM tblaca009 WHERE pensum='5' AND c_uni_ca='5' AND c_asigna='300226' [1][0] OK
C:[18/04/2017 10:23:08.70][172.16.4.254][1365] SELECT c_asigna FROM dace004 WHERE exp_e='16-27656757' AND c_asigna='300116' AND status IN ('0','3','B') [1][0] OK
C:[18/04/2017 10:23:08.70][172.16.4.254][1352] SELECT pre_cod_asig1,pre_cod_asig2,pre_cod_asig3,pre_cod_asig4,pre_cod_asig5,pre_cod_asig6,pre_cod_asig7 FROM tblaca009 WHERE pensum='5' AND c_uni_ca='5' AND c_asigna='300228' [1][0] OK
C:[18/04/2017 10:23:08.70][172.16.4.254][1365] SELECT c_asigna FROM dace004 WHERE exp_e='16-27656757' AND c_asigna='300101' AND status IN ('0','3','B') [1][0] OK
C:[18/04/2017 10:23:09.44][172.16.4.254][1396] SELECT par_cod_asig1,par_cod_asig2,par_cod_asig3 FROM tblaca009 WHERE pensum='5' AND c_uni_ca='5' AND c_asigna='300207' [1][0] OK
C:[18/04/2017 10:23:09.44][172.16.4.254][1396] SELECT par_cod_asig1,par_cod_asig2,par_cod_asig3 FROM tblaca009 WHERE pensum='5' AND c_uni_ca='5' AND c_asigna='300209' [1][0] OK
C:[18/04/2017 10:23:09.44][172.16.4.254][1396] SELECT par_cod_asig1,par_cod_asig2,par_cod_asig3 FROM tblaca009 WHERE pensum='5' AND c_uni_ca='5' AND c_asigna='300213' [1][0] OK
C:[18/04/2017 10:23:09.44][172.16.4.254][1410] SELECT c_asigna FROM dace004 WHERE exp_e='16-27656757' AND c_asigna='300209' AND status IN ('0','3','B','C') [0][0] OK
C:[18/04/2017 10:23:09.44][172.16.4.254][1396] SELECT par_cod_asig1,par_cod_asig2,par_cod_asig3 FROM tblaca009 WHERE pensum='5' AND c_uni_ca='5' AND c_asigna='300218' [1][0] OK
C:[18/04/2017 10:23:09.44][172.16.4.254][1410] SELECT c_asigna FROM dace004 WHERE exp_e='16-27656757' AND c_asigna='300228' AND status IN ('0','3','B','C') [0][0] OK
C:[18/04/2017 10:23:09.44][172.16.4.254][1396] SELECT par_cod_asig1,par_cod_asig2,par_cod_asig3 FROM tblaca009 WHERE pensum='5' AND c_uni_ca='5' AND c_asigna='300222' [1][0] OK
C:[18/04/2017 10:23:09.44][172.16.4.254][1396] SELECT par_cod_asig1,par_cod_asig2,par_cod_asig3 FROM tblaca009 WHERE pensum='5' AND c_uni_ca='5' AND c_asigna='300226' [1][0] OK
C:[18/04/2017 10:23:09.44][172.16.4.254][1396] SELECT par_cod_asig1,par_cod_asig2,par_cod_asig3 FROM tblaca009 WHERE pensum='5' AND c_uni_ca='5' AND c_asigna='300228' [1][0] OK
C:[18/04/2017 10:23:09.57][172.16.4.254][1526] SELECT horas_lab FROM tblaca008 WHERE c_asigna='300207' AND horas_teoricas > 0 [1][0] OK
C:[18/04/2017 10:23:09.57][172.16.4.254][1526] SELECT horas_lab FROM tblaca008 WHERE c_asigna='300209' AND horas_teoricas > 0 [1][0] OK
C:[18/04/2017 10:23:09.57][172.16.4.254][1526] SELECT horas_lab FROM tblaca008 WHERE c_asigna='300213' AND horas_teoricas > 0 [1][0] OK
C:[18/04/2017 10:23:09.57][172.16.4.254][1526] SELECT horas_lab FROM tblaca008 WHERE c_asigna='300218' AND horas_teoricas > 0 [0][0] OK
C:[18/04/2017 10:23:09.57][172.16.4.254][1526] SELECT horas_lab FROM tblaca008 WHERE c_asigna='300222' AND horas_teoricas > 0 [1][0] OK
C:[18/04/2017 10:23:09.57][172.16.4.254][1526] SELECT horas_lab FROM tblaca008 WHERE c_asigna='300226' AND horas_teoricas > 0 [1][0] OK
C:[18/04/2017 10:23:09.57][172.16.4.254][1526] SELECT horas_lab FROM tblaca008 WHERE c_asigna='300228' AND horas_teoricas > 0 [1][0] OK
C:[18/04/2017 10:26:16.34][172.16.4.254][1352] SELECT pre_cod_asig1,pre_cod_asig2,pre_cod_asig3,pre_cod_asig4,pre_cod_asig5,pre_cod_asig6,pre_cod_asig7 FROM tblaca009 WHERE pensum='5' AND c_uni_ca='5' AND c_asigna='300207' [1][0] OK
C:[18/04/2017 10:26:16.34][172.16.4.254][1365] SELECT c_asigna FROM dace004 WHERE exp_e='16-27922540' AND c_asigna='300101' AND status IN ('0','3','B') [1][0] OK
C:[18/04/2017 10:26:16.34][172.16.4.254][1352] SELECT pre_cod_asig1,pre_cod_asig2,pre_cod_asig3,pre_cod_asig4,pre_cod_asig5,pre_cod_asig6,pre_cod_asig7 FROM tblaca009 WHERE pensum='5' AND c_uni_ca='5' AND c_asigna='300209' [1][0] OK
C:[18/04/2017 10:26:16.34][172.16.4.254][1365] SELECT c_asigna FROM dace004 WHERE exp_e='16-27922540' AND c_asigna='300101' AND status IN ('0','3','B') [1][0] OK
C:[18/04/2017 10:26:16.34][172.16.4.254][1352] SELECT pre_cod_asig1,pre_cod_asig2,pre_cod_asig3,pre_cod_asig4,pre_cod_asig5,pre_cod_asig6,pre_cod_asig7 FROM tblaca009 WHERE pensum='5' AND c_uni_ca='5' AND c_asigna='300213' [1][0] OK
C:[18/04/2017 10:26:16.34][172.16.4.254][1365] SELECT c_asigna FROM dace004 WHERE exp_e='16-27922540' AND c_asigna='300101' AND status IN ('0','3','B') [1][0] OK
C:[18/04/2017 10:26:16.34][172.16.4.254][1352] SELECT pre_cod_asig1,pre_cod_asig2,pre_cod_asig3,pre_cod_asig4,pre_cod_asig5,pre_cod_asig6,pre_cod_asig7 FROM tblaca009 WHERE pensum='5' AND c_uni_ca='5' AND c_asigna='300218' [1][0] OK
C:[18/04/2017 10:26:16.34][172.16.4.254][1365] SELECT c_asigna FROM dace004 WHERE exp_e='16-27922540' AND c_asigna='300101' AND status IN ('0','3','B') [1][0] OK
C:[18/04/2017 10:26:16.34][172.16.4.254][1352] SELECT pre_cod_asig1,pre_cod_asig2,pre_cod_asig3,pre_cod_asig4,pre_cod_asig5,pre_cod_asig6,pre_cod_asig7 FROM tblaca009 WHERE pensum='5' AND c_uni_ca='5' AND c_asigna='300222' [1][0] OK
C:[18/04/2017 10:26:16.34][172.16.4.254][1365] SELECT c_asigna FROM dace004 WHERE exp_e='16-27922540' AND c_asigna='300112' AND status IN ('0','3','B') [1][0] OK
C:[18/04/2017 10:26:16.34][172.16.4.254][1352] SELECT pre_cod_asig1,pre_cod_asig2,pre_cod_asig3,pre_cod_asig4,pre_cod_asig5,pre_cod_asig6,pre_cod_asig7 FROM tblaca009 WHERE pensum='5' AND c_uni_ca='5' AND c_asigna='300226' [1][0] OK
C:[18/04/2017 10:26:16.34][172.16.4.254][1365] SELECT c_asigna FROM dace004 WHERE exp_e='16-27922540' AND c_asigna='300116' AND status IN ('0','3','B') [1][0] OK
C:[18/04/2017 10:26:16.34][172.16.4.254][1352] SELECT pre_cod_asig1,pre_cod_asig2,pre_cod_asig3,pre_cod_asig4,pre_cod_asig5,pre_cod_asig6,pre_cod_asig7 FROM tblaca009 WHERE pensum='5' AND c_uni_ca='5' AND c_asigna='300228' [1][0] OK
C:[18/04/2017 10:26:16.34][172.16.4.254][1365] SELECT c_asigna FROM dace004 WHERE exp_e='16-27922540' AND c_asigna='300101' AND status IN ('0','3','B') [1][0] OK
C:[18/04/2017 10:26:16.08][172.16.4.254][1396] SELECT par_cod_asig1,par_cod_asig2,par_cod_asig3 FROM tblaca009 WHERE pensum='5' AND c_uni_ca='5' AND c_asigna='300207' [1][0] OK
C:[18/04/2017 10:26:16.08][172.16.4.254][1396] SELECT par_cod_asig1,par_cod_asig2,par_cod_asig3 FROM tblaca009 WHERE pensum='5' AND c_uni_ca='5' AND c_asigna='300209' [1][0] OK
C:[18/04/2017 10:26:16.08][172.16.4.254][1396] SELECT par_cod_asig1,par_cod_asig2,par_cod_asig3 FROM tblaca009 WHERE pensum='5' AND c_uni_ca='5' AND c_asigna='300213' [1][0] OK
C:[18/04/2017 10:26:16.08][172.16.4.254][1410] SELECT c_asigna FROM dace004 WHERE exp_e='16-27922540' AND c_asigna='300209' AND status IN ('0','3','B','C') [0][0] OK
C:[18/04/2017 10:26:16.08][172.16.4.254][1396] SELECT par_cod_asig1,par_cod_asig2,par_cod_asig3 FROM tblaca009 WHERE pensum='5' AND c_uni_ca='5' AND c_asigna='300218' [1][0] OK
C:[18/04/2017 10:26:16.08][172.16.4.254][1410] SELECT c_asigna FROM dace004 WHERE exp_e='16-27922540' AND c_asigna='300228' AND status IN ('0','3','B','C') [0][0] OK
C:[18/04/2017 10:26:16.08][172.16.4.254][1396] SELECT par_cod_asig1,par_cod_asig2,par_cod_asig3 FROM tblaca009 WHERE pensum='5' AND c_uni_ca='5' AND c_asigna='300222' [1][0] OK
C:[18/04/2017 10:26:16.08][172.16.4.254][1396] SELECT par_cod_asig1,par_cod_asig2,par_cod_asig3 FROM tblaca009 WHERE pensum='5' AND c_uni_ca='5' AND c_asigna='300226' [1][0] OK
C:[18/04/2017 10:26:16.08][172.16.4.254][1396] SELECT par_cod_asig1,par_cod_asig2,par_cod_asig3 FROM tblaca009 WHERE pensum='5' AND c_uni_ca='5' AND c_asigna='300228' [1][0] OK
C:[18/04/2017 10:26:17.25][172.16.4.254][1526] SELECT horas_lab FROM tblaca008 WHERE c_asigna='300207' AND horas_teoricas > 0 [1][0] OK
C:[18/04/2017 10:26:17.25][172.16.4.254][1526] SELECT horas_lab FROM tblaca008 WHERE c_asigna='300209' AND horas_teoricas > 0 [1][0] OK
C:[18/04/2017 10:26:17.25][172.16.4.254][1526] SELECT horas_lab FROM tblaca008 WHERE c_asigna='300213' AND horas_teoricas > 0 [1][0] OK
C:[18/04/2017 10:26:17.25][172.16.4.254][1526] SELECT horas_lab FROM tblaca008 WHERE c_asigna='300218' AND horas_teoricas > 0 [0][0] OK
C:[18/04/2017 10:26:17.25][172.16.4.254][1526] SELECT horas_lab FROM tblaca008 WHERE c_asigna='300222' AND horas_teoricas > 0 [1][0] OK
C:[18/04/2017 10:26:17.25][172.16.4.254][1526] SELECT horas_lab FROM tblaca008 WHERE c_asigna='300226' AND horas_teoricas > 0 [1][0] OK
C:[18/04/2017 10:26:17.25][172.16.4.254][1526] SELECT horas_lab FROM tblaca008 WHERE c_asigna='300228' AND horas_teoricas > 0 [1][0] OK
C:[18/04/2017 10:28:23.54][172.16.4.254][1352] SELECT pre_cod_asig1,pre_cod_asig2,pre_cod_asig3,pre_cod_asig4,pre_cod_asig5,pre_cod_asig6,pre_cod_asig7 FROM tblaca009 WHERE pensum='5' AND c_uni_ca='6' AND c_asigna='300207' [1][0] OK
C:[18/04/2017 10:28:23.54][172.16.4.254][1365] SELECT c_asigna FROM dace004 WHERE exp_e='16-27733621' AND c_asigna='300101' AND status IN ('0','3','B') [1][0] OK
C:[18/04/2017 10:28:23.54][172.16.4.254][1352] SELECT pre_cod_asig1,pre_cod_asig2,pre_cod_asig3,pre_cod_asig4,pre_cod_asig5,pre_cod_asig6,pre_cod_asig7 FROM tblaca009 WHERE pensum='5' AND c_uni_ca='6' AND c_asigna='300209' [1][0] OK
C:[18/04/2017 10:28:23.54][172.16.4.254][1365] SELECT c_asigna FROM dace004 WHERE exp_e='16-27733621' AND c_asigna='300101' AND status IN ('0','3','B') [1][0] OK
C:[18/04/2017 10:28:23.54][172.16.4.254][1352] SELECT pre_cod_asig1,pre_cod_asig2,pre_cod_asig3,pre_cod_asig4,pre_cod_asig5,pre_cod_asig6,pre_cod_asig7 FROM tblaca009 WHERE pensum='5' AND c_uni_ca='6' AND c_asigna='300213' [1][0] OK
C:[18/04/2017 10:28:23.54][172.16.4.254][1365] SELECT c_asigna FROM dace004 WHERE exp_e='16-27733621' AND c_asigna='300101' AND status IN ('0','3','B') [1][0] OK
C:[18/04/2017 10:28:23.54][172.16.4.254][1352] SELECT pre_cod_asig1,pre_cod_asig2,pre_cod_asig3,pre_cod_asig4,pre_cod_asig5,pre_cod_asig6,pre_cod_asig7 FROM tblaca009 WHERE pensum='5' AND c_uni_ca='6' AND c_asigna='300218' [1][0] OK
C:[18/04/2017 10:28:23.54][172.16.4.254][1365] SELECT c_asigna FROM dace004 WHERE exp_e='16-27733621' AND c_asigna='300101' AND status IN ('0','3','B') [1][0] OK
C:[18/04/2017 10:28:23.54][172.16.4.254][1352] SELECT pre_cod_asig1,pre_cod_asig2,pre_cod_asig3,pre_cod_asig4,pre_cod_asig5,pre_cod_asig6,pre_cod_asig7 FROM tblaca009 WHERE pensum='5' AND c_uni_ca='6' AND c_asigna='300222' [1][0] OK
C:[18/04/2017 10:28:23.54][172.16.4.254][1365] SELECT c_asigna FROM dace004 WHERE exp_e='16-27733621' AND c_asigna='300112' AND status IN ('0','3','B') [1][0] OK
C:[18/04/2017 10:28:23.54][172.16.4.254][1352] SELECT pre_cod_asig1,pre_cod_asig2,pre_cod_asig3,pre_cod_asig4,pre_cod_asig5,pre_cod_asig6,pre_cod_asig7 FROM tblaca009 WHERE pensum='5' AND c_uni_ca='6' AND c_asigna='300226' [1][0] OK
C:[18/04/2017 10:28:23.54][172.16.4.254][1365] SELECT c_asigna FROM dace004 WHERE exp_e='16-27733621' AND c_asigna='300116' AND status IN ('0','3','B') [1][0] OK
C:[18/04/2017 10:28:23.54][172.16.4.254][1352] SELECT pre_cod_asig1,pre_cod_asig2,pre_cod_asig3,pre_cod_asig4,pre_cod_asig5,pre_cod_asig6,pre_cod_asig7 FROM tblaca009 WHERE pensum='5' AND c_uni_ca='6' AND c_asigna='300228' [1][0] OK
C:[18/04/2017 10:28:23.54][172.16.4.254][1365] SELECT c_asigna FROM dace004 WHERE exp_e='16-27733621' AND c_asigna='300101' AND status IN ('0','3','B') [1][0] OK
C:[18/04/2017 10:28:23.30][172.16.4.254][1396] SELECT par_cod_asig1,par_cod_asig2,par_cod_asig3 FROM tblaca009 WHERE pensum='5' AND c_uni_ca='6' AND c_asigna='300207' [1][0] OK
C:[18/04/2017 10:28:23.30][172.16.4.254][1396] SELECT par_cod_asig1,par_cod_asig2,par_cod_asig3 FROM tblaca009 WHERE pensum='5' AND c_uni_ca='6' AND c_asigna='300209' [1][0] OK
C:[18/04/2017 10:28:23.30][172.16.4.254][1396] SELECT par_cod_asig1,par_cod_asig2,par_cod_asig3 FROM tblaca009 WHERE pensum='5' AND c_uni_ca='6' AND c_asigna='300213' [1][0] OK
C:[18/04/2017 10:28:23.30][172.16.4.254][1410] SELECT c_asigna FROM dace004 WHERE exp_e='16-27733621' AND c_asigna='300209' AND status IN ('0','3','B','C') [0][0] OK
C:[18/04/2017 10:28:23.30][172.16.4.254][1396] SELECT par_cod_asig1,par_cod_asig2,par_cod_asig3 FROM tblaca009 WHERE pensum='5' AND c_uni_ca='6' AND c_asigna='300218' [1][0] OK
C:[18/04/2017 10:28:23.30][172.16.4.254][1410] SELECT c_asigna FROM dace004 WHERE exp_e='16-27733621' AND c_asigna='300228' AND status IN ('0','3','B','C') [0][0] OK
C:[18/04/2017 10:28:23.30][172.16.4.254][1396] SELECT par_cod_asig1,par_cod_asig2,par_cod_asig3 FROM tblaca009 WHERE pensum='5' AND c_uni_ca='6' AND c_asigna='300222' [1][0] OK
C:[18/04/2017 10:28:23.30][172.16.4.254][1396] SELECT par_cod_asig1,par_cod_asig2,par_cod_asig3 FROM tblaca009 WHERE pensum='5' AND c_uni_ca='6' AND c_asigna='300226' [1][0] OK
C:[18/04/2017 10:28:23.30][172.16.4.254][1396] SELECT par_cod_asig1,par_cod_asig2,par_cod_asig3 FROM tblaca009 WHERE pensum='5' AND c_uni_ca='6' AND c_asigna='300228' [1][0] OK
C:[18/04/2017 10:28:24.43][172.16.4.254][1526] SELECT horas_lab FROM tblaca008 WHERE c_asigna='300207' AND horas_teoricas > 0 [1][0] OK
C:[18/04/2017 10:28:24.43][172.16.4.254][1526] SELECT horas_lab FROM tblaca008 WHERE c_asigna='300209' AND horas_teoricas > 0 [1][0] OK
C:[18/04/2017 10:28:24.43][172.16.4.254][1526] SELECT horas_lab FROM tblaca008 WHERE c_asigna='300213' AND horas_teoricas > 0 [1][0] OK
C:[18/04/2017 10:28:24.43][172.16.4.254][1526] SELECT horas_lab FROM tblaca008 WHERE c_asigna='300218' AND horas_teoricas > 0 [0][0] OK
C:[18/04/2017 10:28:24.43][172.16.4.254][1526] SELECT horas_lab FROM tblaca008 WHERE c_asigna='300222' AND horas_teoricas > 0 [1][0] OK
C:[18/04/2017 10:28:24.43][172.16.4.254][1526] SELECT horas_lab FROM tblaca008 WHERE c_asigna='300226' AND horas_teoricas > 0 [1][0] OK
C:[18/04/2017 10:28:24.43][172.16.4.254][1526] SELECT horas_lab FROM tblaca008 WHERE c_asigna='300228' AND horas_teoricas > 0 [1][0] OK
C:[18/04/2017 10:30:32.54][172.16.4.254][1352] SELECT pre_cod_asig1,pre_cod_asig2,pre_cod_asig3,pre_cod_asig4,pre_cod_asig5,pre_cod_asig6,pre_cod_asig7 FROM tblaca009 WHERE pensum='5' AND c_uni_ca='4' AND c_asigna='311561' [1][0] OK
C:[18/04/2017 10:30:32.54][172.16.4.254][1365] SELECT c_asigna FROM dace004 WHERE exp_e='13-25003410' AND c_asigna='300318' AND status IN ('0','3','B') [1][0] OK
C:[18/04/2017 10:30:32.54][172.16.4.254][1352] SELECT pre_cod_asig1,pre_cod_asig2,pre_cod_asig3,pre_cod_asig4,pre_cod_asig5,pre_cod_asig6,pre_cod_asig7 FROM tblaca009 WHERE pensum='5' AND c_uni_ca='4' AND c_asigna='333563' [1][0] OK
C:[18/04/2017 10:30:32.54][172.16.4.254][1365] SELECT c_asigna FROM dace004 WHERE exp_e='13-25003410' AND c_asigna='333440' AND status IN ('0','3','B') [1][0] OK
C:[18/04/2017 10:30:32.54][172.16.4.254][1365] SELECT c_asigna FROM dace004 WHERE exp_e='13-25003410' AND c_asigna='333442' AND status IN ('0','3','B') [1][0] OK
C:[18/04/2017 10:30:32.54][172.16.4.254][1365] SELECT c_asigna FROM dace004 WHERE exp_e='13-25003410' AND c_asigna='300209' AND status IN ('0','3','B') [1][0] OK
C:[18/04/2017 10:30:32.54][172.16.4.254][1365] SELECT c_asigna FROM dace004 WHERE exp_e='13-25003410' AND c_asigna='330310' AND status IN ('0','3','B') [1][0] OK
C:[18/04/2017 10:30:32.54][172.16.4.254][1365] SELECT c_asigna FROM dace004 WHERE exp_e='13-25003410' AND c_asigna='300317' AND status IN ('0','3','B') [1][0] OK
C:[18/04/2017 10:30:32.54][172.16.4.254][1365] SELECT c_asigna FROM dace004 WHERE exp_e='13-25003410' AND c_asigna='333326' AND status IN ('0','3','B') [1][0] OK
C:[18/04/2017 10:30:32.54][172.16.4.254][1352] SELECT pre_cod_asig1,pre_cod_asig2,pre_cod_asig3,pre_cod_asig4,pre_cod_asig5,pre_cod_asig6,pre_cod_asig7 FROM tblaca009 WHERE pensum='5' AND c_uni_ca='4' AND c_asigna='333584' [1][0] OK
C:[18/04/2017 10:30:32.54][172.16.4.254][1365] SELECT c_asigna FROM dace004 WHERE exp_e='13-25003410' AND c_asigna='300428' AND status IN ('0','3','B') [1][0] OK
C:[18/04/2017 10:30:32.54][172.16.4.254][1365] SELECT c_asigna FROM dace004 WHERE exp_e='13-25003410' AND c_asigna='333440' AND status IN ('0','3','B') [1][0] OK
C:[18/04/2017 10:30:32.54][172.16.4.254][1365] SELECT c_asigna FROM dace004 WHERE exp_e='13-25003410' AND c_asigna='300209' AND status IN ('0','3','B') [1][0] OK
C:[18/04/2017 10:30:32.54][172.16.4.254][1365] SELECT c_asigna FROM dace004 WHERE exp_e='13-25003410' AND c_asigna='333442' AND status IN ('0','3','B') [1][0] OK
C:[18/04/2017 10:30:32.54][172.16.4.254][1365] SELECT c_asigna FROM dace004 WHERE exp_e='13-25003410' AND c_asigna='300317' AND status IN ('0','3','B') [1][0] OK
C:[18/04/2017 10:30:32.54][172.16.4.254][1365] SELECT c_asigna FROM dace004 WHERE exp_e='13-25003410' AND c_asigna='333326' AND status IN ('0','3','B') [1][0] OK
C:[18/04/2017 10:30:32.54][172.16.4.254][1365] SELECT c_asigna FROM dace004 WHERE exp_e='13-25003410' AND c_asigna='330310' AND status IN ('0','3','B') [1][0] OK
C:[18/04/2017 10:30:32.54][172.16.4.254][1352] SELECT pre_cod_asig1,pre_cod_asig2,pre_cod_asig3,pre_cod_asig4,pre_cod_asig5,pre_cod_asig6,pre_cod_asig7 FROM tblaca009 WHERE pensum='5' AND c_uni_ca='4' AND c_asigna='333585' [1][0] OK
C:[18/04/2017 10:30:32.54][172.16.4.254][1365] SELECT c_asigna FROM dace004 WHERE exp_e='13-25003410' AND c_asigna='333440' AND status IN ('0','3','B') [1][0] OK
C:[18/04/2017 10:30:32.54][172.16.4.254][1365] SELECT c_asigna FROM dace004 WHERE exp_e='13-25003410' AND c_asigna='333441' AND status IN ('0','3','B') [1][0] OK
C:[18/04/2017 10:30:32.54][172.16.4.254][1365] SELECT c_asigna FROM dace004 WHERE exp_e='13-25003410' AND c_asigna='300209' AND status IN ('0','3','B') [1][0] OK
C:[18/04/2017 10:30:32.54][172.16.4.254][1352] SELECT pre_cod_asig1,pre_cod_asig2,pre_cod_asig3,pre_cod_asig4,pre_cod_asig5,pre_cod_asig6,pre_cod_asig7 FROM tblaca009 WHERE pensum='5' AND c_uni_ca='4' AND c_asigna='333683' [1][0] OK
C:[18/04/2017 10:30:32.54][172.16.4.254][1365] SELECT c_asigna FROM dace004 WHERE exp_e='13-25003410' AND c_asigna='333564' AND status IN ('0','3','B') [1][0] OK
C:[18/04/2017 10:30:33.42][172.16.4.254][1396] SELECT par_cod_asig1,par_cod_asig2,par_cod_asig3 FROM tblaca009 WHERE pensum='5' AND c_uni_ca='4' AND c_asigna='311561' [1][0] OK
C:[18/04/2017 10:30:33.42][172.16.4.254][1396] SELECT par_cod_asig1,par_cod_asig2,par_cod_asig3 FROM tblaca009 WHERE pensum='5' AND c_uni_ca='4' AND c_asigna='333563' [1][0] OK
C:[18/04/2017 10:30:33.42][172.16.4.254][1396] SELECT par_cod_asig1,par_cod_asig2,par_cod_asig3 FROM tblaca009 WHERE pensum='5' AND c_uni_ca='4' AND c_asigna='333584' [1][0] OK
C:[18/04/2017 10:30:33.42][172.16.4.254][1410] SELECT c_asigna FROM dace004 WHERE exp_e='13-25003410' AND c_asigna='333563' AND status IN ('0','3','B','C') [0][0] OK
C:[18/04/2017 10:30:33.42][172.16.4.254][1396] SELECT par_cod_asig1,par_cod_asig2,par_cod_asig3 FROM tblaca009 WHERE pensum='5' AND c_uni_ca='4' AND c_asigna='333585' [1][0] OK
C:[18/04/2017 10:30:33.42][172.16.4.254][1396] SELECT par_cod_asig1,par_cod_asig2,par_cod_asig3 FROM tblaca009 WHERE pensum='5' AND c_uni_ca='4' AND c_asigna='333683' [1][0] OK
C:[18/04/2017 10:30:33.18][172.16.4.254][1526] SELECT horas_lab FROM tblaca008 WHERE c_asigna='311561' AND horas_teoricas > 0 [1][0] OK
C:[18/04/2017 10:30:33.18][172.16.4.254][1526] SELECT horas_lab FROM tblaca008 WHERE c_asigna='333563' AND horas_teoricas > 0 [1][0] OK
C:[18/04/2017 10:30:33.18][172.16.4.254][1526] SELECT horas_lab FROM tblaca008 WHERE c_asigna='333584' AND horas_teoricas > 0 [1][0] OK
C:[18/04/2017 10:30:33.18][172.16.4.254][1526] SELECT horas_lab FROM tblaca008 WHERE c_asigna='333585' AND horas_teoricas > 0 [1][0] OK
C:[18/04/2017 10:30:33.18][172.16.4.254][1526] SELECT horas_lab FROM tblaca008 WHERE c_asigna='333683' AND horas_teoricas > 0 [1][0] OK
C:[18/04/2017 10:35:00.46][172.16.4.254][1352] SELECT pre_cod_asig1,pre_cod_asig2,pre_cod_asig3,pre_cod_asig4,pre_cod_asig5,pre_cod_asig6,pre_cod_asig7 FROM tblaca009 WHERE pensum='5' AND c_uni_ca='4' AND c_asigna='300207' [1][0] OK
C:[18/04/2017 10:35:00.46][172.16.4.254][1365] SELECT c_asigna FROM dace004 WHERE exp_e='16-26623264' AND c_asigna='300101' AND status IN ('0','3','B') [1][0] OK
C:[18/04/2017 10:35:00.46][172.16.4.254][1352] SELECT pre_cod_asig1,pre_cod_asig2,pre_cod_asig3,pre_cod_asig4,pre_cod_asig5,pre_cod_asig6,pre_cod_asig7 FROM tblaca009 WHERE pensum='5' AND c_uni_ca='4' AND c_asigna='300209' [1][0] OK
C:[18/04/2017 10:35:00.46][172.16.4.254][1365] SELECT c_asigna FROM dace004 WHERE exp_e='16-26623264' AND c_asigna='300101' AND status IN ('0','3','B') [1][0] OK
C:[18/04/2017 10:35:00.46][172.16.4.254][1352] SELECT pre_cod_asig1,pre_cod_asig2,pre_cod_asig3,pre_cod_asig4,pre_cod_asig5,pre_cod_asig6,pre_cod_asig7 FROM tblaca009 WHERE pensum='5' AND c_uni_ca='4' AND c_asigna='300213' [1][0] OK
C:[18/04/2017 10:35:00.46][172.16.4.254][1365] SELECT c_asigna FROM dace004 WHERE exp_e='16-26623264' AND c_asigna='300101' AND status IN ('0','3','B') [1][0] OK
C:[18/04/2017 10:35:00.46][172.16.4.254][1352] SELECT pre_cod_asig1,pre_cod_asig2,pre_cod_asig3,pre_cod_asig4,pre_cod_asig5,pre_cod_asig6,pre_cod_asig7 FROM tblaca009 WHERE pensum='5' AND c_uni_ca='4' AND c_asigna='300218' [1][0] OK
C:[18/04/2017 10:35:00.46][172.16.4.254][1365] SELECT c_asigna FROM dace004 WHERE exp_e='16-26623264' AND c_asigna='300101' AND status IN ('0','3','B') [1][0] OK
C:[18/04/2017 10:35:00.46][172.16.4.254][1352] SELECT pre_cod_asig1,pre_cod_asig2,pre_cod_asig3,pre_cod_asig4,pre_cod_asig5,pre_cod_asig6,pre_cod_asig7 FROM tblaca009 WHERE pensum='5' AND c_uni_ca='4' AND c_asigna='300222' [1][0] OK
C:[18/04/2017 10:35:00.46][172.16.4.254][1365] SELECT c_asigna FROM dace004 WHERE exp_e='16-26623264' AND c_asigna='300112' AND status IN ('0','3','B') [1][0] OK
C:[18/04/2017 10:35:00.46][172.16.4.254][1352] SELECT pre_cod_asig1,pre_cod_asig2,pre_cod_asig3,pre_cod_asig4,pre_cod_asig5,pre_cod_asig6,pre_cod_asig7 FROM tblaca009 WHERE pensum='5' AND c_uni_ca='4' AND c_asigna='300226' [1][0] OK
C:[18/04/2017 10:35:00.46][172.16.4.254][1365] SELECT c_asigna FROM dace004 WHERE exp_e='16-26623264' AND c_asigna='300116' AND status IN ('0','3','B') [1][0] OK
C:[18/04/2017 10:35:00.46][172.16.4.254][1352] SELECT pre_cod_asig1,pre_cod_asig2,pre_cod_asig3,pre_cod_asig4,pre_cod_asig5,pre_cod_asig6,pre_cod_asig7 FROM tblaca009 WHERE pensum='5' AND c_uni_ca='4' AND c_asigna='300228' [1][0] OK
C:[18/04/2017 10:35:00.46][172.16.4.254][1365] SELECT c_asigna FROM dace004 WHERE exp_e='16-26623264' AND c_asigna='300101' AND status IN ('0','3','B') [1][0] OK
C:[18/04/2017 10:35:01.22][172.16.4.254][1396] SELECT par_cod_asig1,par_cod_asig2,par_cod_asig3 FROM tblaca009 WHERE pensum='5' AND c_uni_ca='4' AND c_asigna='300207' [1][0] OK
C:[18/04/2017 10:35:01.22][172.16.4.254][1396] SELECT par_cod_asig1,par_cod_asig2,par_cod_asig3 FROM tblaca009 WHERE pensum='5' AND c_uni_ca='4' AND c_asigna='300209' [1][0] OK
C:[18/04/2017 10:35:01.22][172.16.4.254][1396] SELECT par_cod_asig1,par_cod_asig2,par_cod_asig3 FROM tblaca009 WHERE pensum='5' AND c_uni_ca='4' AND c_asigna='300213' [1][0] OK
C:[18/04/2017 10:35:01.22][172.16.4.254][1410] SELECT c_asigna FROM dace004 WHERE exp_e='16-26623264' AND c_asigna='300209' AND status IN ('0','3','B','C') [0][0] OK
C:[18/04/2017 10:35:01.22][172.16.4.254][1396] SELECT par_cod_asig1,par_cod_asig2,par_cod_asig3 FROM tblaca009 WHERE pensum='5' AND c_uni_ca='4' AND c_asigna='300218' [1][0] OK
C:[18/04/2017 10:35:01.22][172.16.4.254][1410] SELECT c_asigna FROM dace004 WHERE exp_e='16-26623264' AND c_asigna='300228' AND status IN ('0','3','B','C') [0][0] OK
C:[18/04/2017 10:35:01.22][172.16.4.254][1396] SELECT par_cod_asig1,par_cod_asig2,par_cod_asig3 FROM tblaca009 WHERE pensum='5' AND c_uni_ca='4' AND c_asigna='300222' [1][0] OK
C:[18/04/2017 10:35:01.22][172.16.4.254][1396] SELECT par_cod_asig1,par_cod_asig2,par_cod_asig3 FROM tblaca009 WHERE pensum='5' AND c_uni_ca='4' AND c_asigna='300226' [1][0] OK
C:[18/04/2017 10:35:01.22][172.16.4.254][1396] SELECT par_cod_asig1,par_cod_asig2,par_cod_asig3 FROM tblaca009 WHERE pensum='5' AND c_uni_ca='4' AND c_asigna='300228' [1][0] OK
C:[18/04/2017 10:35:01.38][172.16.4.254][1526] SELECT horas_lab FROM tblaca008 WHERE c_asigna='300207' AND horas_teoricas > 0 [1][0] OK
C:[18/04/2017 10:35:01.38][172.16.4.254][1526] SELECT horas_lab FROM tblaca008 WHERE c_asigna='300209' AND horas_teoricas > 0 [1][0] OK
C:[18/04/2017 10:35:01.38][172.16.4.254][1526] SELECT horas_lab FROM tblaca008 WHERE c_asigna='300213' AND horas_teoricas > 0 [1][0] OK
C:[18/04/2017 10:35:01.38][172.16.4.254][1526] SELECT horas_lab FROM tblaca008 WHERE c_asigna='300218' AND horas_teoricas > 0 [0][0] OK
C:[18/04/2017 10:35:01.38][172.16.4.254][1526] SELECT horas_lab FROM tblaca008 WHERE c_asigna='300222' AND horas_teoricas > 0 [1][0] OK
C:[18/04/2017 10:35:01.38][172.16.4.254][1526] SELECT horas_lab FROM tblaca008 WHERE c_asigna='300226' AND horas_teoricas > 0 [1][0] OK
C:[18/04/2017 10:35:01.38][172.16.4.254][1526] SELECT horas_lab FROM tblaca008 WHERE c_asigna='300228' AND horas_teoricas > 0 [1][0] OK
C:[18/04/2017 10:42:49.05][172.16.4.254][1352] SELECT pre_cod_asig1,pre_cod_asig2,pre_cod_asig3,pre_cod_asig4,pre_cod_asig5,pre_cod_asig6,pre_cod_asig7 FROM tblaca009 WHERE pensum='5' AND c_uni_ca='5' AND c_asigna='300207' [1][0] OK
C:[18/04/2017 10:42:49.05][172.16.4.254][1365] SELECT c_asigna FROM dace004 WHERE exp_e='16-27656757' AND c_asigna='300101' AND status IN ('0','3','B') [1][0] OK
C:[18/04/2017 10:42:49.05][172.16.4.254][1352] SELECT pre_cod_asig1,pre_cod_asig2,pre_cod_asig3,pre_cod_asig4,pre_cod_asig5,pre_cod_asig6,pre_cod_asig7 FROM tblaca009 WHERE pensum='5' AND c_uni_ca='5' AND c_asigna='300209' [1][0] OK
C:[18/04/2017 10:42:49.05][172.16.4.254][1365] SELECT c_asigna FROM dace004 WHERE exp_e='16-27656757' AND c_asigna='300101' AND status IN ('0','3','B') [1][0] OK
C:[18/04/2017 10:42:49.05][172.16.4.254][1352] SELECT pre_cod_asig1,pre_cod_asig2,pre_cod_asig3,pre_cod_asig4,pre_cod_asig5,pre_cod_asig6,pre_cod_asig7 FROM tblaca009 WHERE pensum='5' AND c_uni_ca='5' AND c_asigna='300213' [1][0] OK
C:[18/04/2017 10:42:49.05][172.16.4.254][1365] SELECT c_asigna FROM dace004 WHERE exp_e='16-27656757' AND c_asigna='300101' AND status IN ('0','3','B') [1][0] OK
C:[18/04/2017 10:42:49.05][172.16.4.254][1352] SELECT pre_cod_asig1,pre_cod_asig2,pre_cod_asig3,pre_cod_asig4,pre_cod_asig5,pre_cod_asig6,pre_cod_asig7 FROM tblaca009 WHERE pensum='5' AND c_uni_ca='5' AND c_asigna='300218' [1][0] OK
C:[18/04/2017 10:42:49.05][172.16.4.254][1365] SELECT c_asigna FROM dace004 WHERE exp_e='16-27656757' AND c_asigna='300101' AND status IN ('0','3','B') [1][0] OK
C:[18/04/2017 10:42:49.05][172.16.4.254][1352] SELECT pre_cod_asig1,pre_cod_asig2,pre_cod_asig3,pre_cod_asig4,pre_cod_asig5,pre_cod_asig6,pre_cod_asig7 FROM tblaca009 WHERE pensum='5' AND c_uni_ca='5' AND c_asigna='300222' [1][0] OK
C:[18/04/2017 10:42:49.05][172.16.4.254][1365] SELECT c_asigna FROM dace004 WHERE exp_e='16-27656757' AND c_asigna='300112' AND status IN ('0','3','B') [1][0] OK
C:[18/04/2017 10:42:49.05][172.16.4.254][1352] SELECT pre_cod_asig1,pre_cod_asig2,pre_cod_asig3,pre_cod_asig4,pre_cod_asig5,pre_cod_asig6,pre_cod_asig7 FROM tblaca009 WHERE pensum='5' AND c_uni_ca='5' AND c_asigna='300226' [1][0] OK
C:[18/04/2017 10:42:49.05][172.16.4.254][1365] SELECT c_asigna FROM dace004 WHERE exp_e='16-27656757' AND c_asigna='300116' AND status IN ('0','3','B') [1][0] OK
C:[18/04/2017 10:42:49.05][172.16.4.254][1352] SELECT pre_cod_asig1,pre_cod_asig2,pre_cod_asig3,pre_cod_asig4,pre_cod_asig5,pre_cod_asig6,pre_cod_asig7 FROM tblaca009 WHERE pensum='5' AND c_uni_ca='5' AND c_asigna='300228' [1][0] OK
C:[18/04/2017 10:42:49.05][172.16.4.254][1365] SELECT c_asigna FROM dace004 WHERE exp_e='16-27656757' AND c_asigna='300101' AND status IN ('0','3','B') [1][0] OK
C:[18/04/2017 10:42:49.81][172.16.4.254][1396] SELECT par_cod_asig1,par_cod_asig2,par_cod_asig3 FROM tblaca009 WHERE pensum='5' AND c_uni_ca='5' AND c_asigna='300207' [1][0] OK
C:[18/04/2017 10:42:49.81][172.16.4.254][1396] SELECT par_cod_asig1,par_cod_asig2,par_cod_asig3 FROM tblaca009 WHERE pensum='5' AND c_uni_ca='5' AND c_asigna='300209' [1][0] OK
C:[18/04/2017 10:42:49.81][172.16.4.254][1396] SELECT par_cod_asig1,par_cod_asig2,par_cod_asig3 FROM tblaca009 WHERE pensum='5' AND c_uni_ca='5' AND c_asigna='300213' [1][0] OK
C:[18/04/2017 10:42:49.81][172.16.4.254][1410] SELECT c_asigna FROM dace004 WHERE exp_e='16-27656757' AND c_asigna='300209' AND status IN ('0','3','B','C') [0][0] OK
C:[18/04/2017 10:42:49.81][172.16.4.254][1396] SELECT par_cod_asig1,par_cod_asig2,par_cod_asig3 FROM tblaca009 WHERE pensum='5' AND c_uni_ca='5' AND c_asigna='300218' [1][0] OK
C:[18/04/2017 10:42:49.81][172.16.4.254][1410] SELECT c_asigna FROM dace004 WHERE exp_e='16-27656757' AND c_asigna='300228' AND status IN ('0','3','B','C') [0][0] OK
C:[18/04/2017 10:42:49.81][172.16.4.254][1396] SELECT par_cod_asig1,par_cod_asig2,par_cod_asig3 FROM tblaca009 WHERE pensum='5' AND c_uni_ca='5' AND c_asigna='300222' [1][0] OK
C:[18/04/2017 10:42:49.81][172.16.4.254][1396] SELECT par_cod_asig1,par_cod_asig2,par_cod_asig3 FROM tblaca009 WHERE pensum='5' AND c_uni_ca='5' AND c_asigna='300226' [1][0] OK
C:[18/04/2017 10:42:49.81][172.16.4.254][1396] SELECT par_cod_asig1,par_cod_asig2,par_cod_asig3 FROM tblaca009 WHERE pensum='5' AND c_uni_ca='5' AND c_asigna='300228' [1][0] OK
C:[18/04/2017 10:42:49.95][172.16.4.254][1526] SELECT horas_lab FROM tblaca008 WHERE c_asigna='300207' AND horas_teoricas > 0 [1][0] OK
C:[18/04/2017 10:42:49.95][172.16.4.254][1526] SELECT horas_lab FROM tblaca008 WHERE c_asigna='300209' AND horas_teoricas > 0 [1][0] OK
C:[18/04/2017 10:42:49.95][172.16.4.254][1526] SELECT horas_lab FROM tblaca008 WHERE c_asigna='300213' AND horas_teoricas > 0 [1][0] OK
C:[18/04/2017 10:42:49.95][172.16.4.254][1526] SELECT horas_lab FROM tblaca008 WHERE c_asigna='300218' AND horas_teoricas > 0 [0][0] OK
C:[18/04/2017 10:42:49.95][172.16.4.254][1526] SELECT horas_lab FROM tblaca008 WHERE c_asigna='300222' AND horas_teoricas > 0 [1][0] OK
C:[18/04/2017 10:42:49.95][172.16.4.254][1526] SELECT horas_lab FROM tblaca008 WHERE c_asigna='300226' AND horas_teoricas > 0 [1][0] OK
C:[18/04/2017 10:42:49.95][172.16.4.254][1526] SELECT horas_lab FROM tblaca008 WHERE c_asigna='300228' AND horas_teoricas > 0 [1][0] OK
C:[18/04/2017 10:43:04.03][172.16.4.254][1352] SELECT pre_cod_asig1,pre_cod_asig2,pre_cod_asig3,pre_cod_asig4,pre_cod_asig5,pre_cod_asig6,pre_cod_asig7 FROM tblaca009 WHERE pensum='5' AND c_uni_ca='4' AND c_asigna='300207' [1][0] OK
C:[18/04/2017 10:43:04.03][172.16.4.254][1365] SELECT c_asigna FROM dace004 WHERE exp_e='16-27112302' AND c_asigna='300101' AND status IN ('0','3','B') [1][0] OK
C:[18/04/2017 10:43:04.03][172.16.4.254][1352] SELECT pre_cod_asig1,pre_cod_asig2,pre_cod_asig3,pre_cod_asig4,pre_cod_asig5,pre_cod_asig6,pre_cod_asig7 FROM tblaca009 WHERE pensum='5' AND c_uni_ca='4' AND c_asigna='300209' [1][0] OK
C:[18/04/2017 10:43:04.03][172.16.4.254][1365] SELECT c_asigna FROM dace004 WHERE exp_e='16-27112302' AND c_asigna='300101' AND status IN ('0','3','B') [1][0] OK
C:[18/04/2017 10:43:04.03][172.16.4.254][1352] SELECT pre_cod_asig1,pre_cod_asig2,pre_cod_asig3,pre_cod_asig4,pre_cod_asig5,pre_cod_asig6,pre_cod_asig7 FROM tblaca009 WHERE pensum='5' AND c_uni_ca='4' AND c_asigna='300213' [1][0] OK
C:[18/04/2017 10:43:04.03][172.16.4.254][1365] SELECT c_asigna FROM dace004 WHERE exp_e='16-27112302' AND c_asigna='300101' AND status IN ('0','3','B') [1][0] OK
C:[18/04/2017 10:43:04.03][172.16.4.254][1352] SELECT pre_cod_asig1,pre_cod_asig2,pre_cod_asig3,pre_cod_asig4,pre_cod_asig5,pre_cod_asig6,pre_cod_asig7 FROM tblaca009 WHERE pensum='5' AND c_uni_ca='4' AND c_asigna='300218' [1][0] OK
C:[18/04/2017 10:43:04.03][172.16.4.254][1365] SELECT c_asigna FROM dace004 WHERE exp_e='16-27112302' AND c_asigna='300101' AND status IN ('0','3','B') [1][0] OK
C:[18/04/2017 10:43:04.03][172.16.4.254][1352] SELECT pre_cod_asig1,pre_cod_asig2,pre_cod_asig3,pre_cod_asig4,pre_cod_asig5,pre_cod_asig6,pre_cod_asig7 FROM tblaca009 WHERE pensum='5' AND c_uni_ca='4' AND c_asigna='300222' [1][0] OK
C:[18/04/2017 10:43:04.03][172.16.4.254][1365] SELECT c_asigna FROM dace004 WHERE exp_e='16-27112302' AND c_asigna='300112' AND status IN ('0','3','B') [1][0] OK
C:[18/04/2017 10:43:04.03][172.16.4.254][1352] SELECT pre_cod_asig1,pre_cod_asig2,pre_cod_asig3,pre_cod_asig4,pre_cod_asig5,pre_cod_asig6,pre_cod_asig7 FROM tblaca009 WHERE pensum='5' AND c_uni_ca='4' AND c_asigna='300226' [1][0] OK
C:[18/04/2017 10:43:04.03][172.16.4.254][1365] SELECT c_asigna FROM dace004 WHERE exp_e='16-27112302' AND c_asigna='300116' AND status IN ('0','3','B') [1][0] OK
C:[18/04/2017 10:43:04.03][172.16.4.254][1352] SELECT pre_cod_asig1,pre_cod_asig2,pre_cod_asig3,pre_cod_asig4,pre_cod_asig5,pre_cod_asig6,pre_cod_asig7 FROM tblaca009 WHERE pensum='5' AND c_uni_ca='4' AND c_asigna='300228' [1][0] OK
C:[18/04/2017 10:43:04.03][172.16.4.254][1365] SELECT c_asigna FROM dace004 WHERE exp_e='16-27112302' AND c_asigna='300101' AND status IN ('0','3','B') [1][0] OK
C:[18/04/2017 10:43:04.80][172.16.4.254][1396] SELECT par_cod_asig1,par_cod_asig2,par_cod_asig3 FROM tblaca009 WHERE pensum='5' AND c_uni_ca='4' AND c_asigna='300207' [1][0] OK
C:[18/04/2017 10:43:04.80][172.16.4.254][1396] SELECT par_cod_asig1,par_cod_asig2,par_cod_asig3 FROM tblaca009 WHERE pensum='5' AND c_uni_ca='4' AND c_asigna='300209' [1][0] OK
C:[18/04/2017 10:43:04.80][172.16.4.254][1396] SELECT par_cod_asig1,par_cod_asig2,par_cod_asig3 FROM tblaca009 WHERE pensum='5' AND c_uni_ca='4' AND c_asigna='300213' [1][0] OK
C:[18/04/2017 10:43:04.80][172.16.4.254][1410] SELECT c_asigna FROM dace004 WHERE exp_e='16-27112302' AND c_asigna='300209' AND status IN ('0','3','B','C') [0][0] OK
C:[18/04/2017 10:43:04.80][172.16.4.254][1396] SELECT par_cod_asig1,par_cod_asig2,par_cod_asig3 FROM tblaca009 WHERE pensum='5' AND c_uni_ca='4' AND c_asigna='300218' [1][0] OK
C:[18/04/2017 10:43:04.80][172.16.4.254][1410] SELECT c_asigna FROM dace004 WHERE exp_e='16-27112302' AND c_asigna='300228' AND status IN ('0','3','B','C') [0][0] OK
C:[18/04/2017 10:43:04.80][172.16.4.254][1396] SELECT par_cod_asig1,par_cod_asig2,par_cod_asig3 FROM tblaca009 WHERE pensum='5' AND c_uni_ca='4' AND c_asigna='300222' [1][0] OK
C:[18/04/2017 10:43:04.80][172.16.4.254][1396] SELECT par_cod_asig1,par_cod_asig2,par_cod_asig3 FROM tblaca009 WHERE pensum='5' AND c_uni_ca='4' AND c_asigna='300226' [1][0] OK
C:[18/04/2017 10:43:04.80][172.16.4.254][1396] SELECT par_cod_asig1,par_cod_asig2,par_cod_asig3 FROM tblaca009 WHERE pensum='5' AND c_uni_ca='4' AND c_asigna='300228' [1][0] OK
C:[18/04/2017 10:43:05.91][172.16.4.254][1526] SELECT horas_lab FROM tblaca008 WHERE c_asigna='300207' AND horas_teoricas > 0 [1][0] OK
C:[18/04/2017 10:43:05.91][172.16.4.254][1526] SELECT horas_lab FROM tblaca008 WHERE c_asigna='300209' AND horas_teoricas > 0 [1][0] OK
C:[18/04/2017 10:43:05.91][172.16.4.254][1526] SELECT horas_lab FROM tblaca008 WHERE c_asigna='300213' AND horas_teoricas > 0 [1][0] OK
C:[18/04/2017 10:43:05.91][172.16.4.254][1526] SELECT horas_lab FROM tblaca008 WHERE c_asigna='300218' AND horas_teoricas > 0 [0][0] OK
C:[18/04/2017 10:43:05.91][172.16.4.254][1526] SELECT horas_lab FROM tblaca008 WHERE c_asigna='300222' AND horas_teoricas > 0 [1][0] OK
C:[18/04/2017 10:43:05.91][172.16.4.254][1526] SELECT horas_lab FROM tblaca008 WHERE c_asigna='300226' AND horas_teoricas > 0 [1][0] OK
C:[18/04/2017 10:43:05.91][172.16.4.254][1526] SELECT horas_lab FROM tblaca008 WHERE c_asigna='300228' AND horas_teoricas > 0 [1][0] OK
C:[18/04/2017 11:21:54.41][172.16.4.57][1352] SELECT pre_cod_asig1,pre_cod_asig2,pre_cod_asig3,pre_cod_asig4,pre_cod_asig5,pre_cod_asig6,pre_cod_asig7 FROM tblaca009 WHERE pensum='5' AND c_uni_ca='3' AND c_asigna='300207' [1][0] OK
C:[18/04/2017 11:21:54.41][172.16.4.57][1365] SELECT c_asigna FROM dace004 WHERE exp_e='16-27158842' AND c_asigna='300101' AND status IN ('0','3','B') [1][0] OK
C:[18/04/2017 11:21:54.41][172.16.4.57][1352] SELECT pre_cod_asig1,pre_cod_asig2,pre_cod_asig3,pre_cod_asig4,pre_cod_asig5,pre_cod_asig6,pre_cod_asig7 FROM tblaca009 WHERE pensum='5' AND c_uni_ca='3' AND c_asigna='300209' [1][0] OK
C:[18/04/2017 11:21:54.41][172.16.4.57][1365] SELECT c_asigna FROM dace004 WHERE exp_e='16-27158842' AND c_asigna='300101' AND status IN ('0','3','B') [1][0] OK
C:[18/04/2017 11:21:54.41][172.16.4.57][1352] SELECT pre_cod_asig1,pre_cod_asig2,pre_cod_asig3,pre_cod_asig4,pre_cod_asig5,pre_cod_asig6,pre_cod_asig7 FROM tblaca009 WHERE pensum='5' AND c_uni_ca='3' AND c_asigna='300213' [1][0] OK
C:[18/04/2017 11:21:54.41][172.16.4.57][1365] SELECT c_asigna FROM dace004 WHERE exp_e='16-27158842' AND c_asigna='300101' AND status IN ('0','3','B') [1][0] OK
C:[18/04/2017 11:21:54.41][172.16.4.57][1352] SELECT pre_cod_asig1,pre_cod_asig2,pre_cod_asig3,pre_cod_asig4,pre_cod_asig5,pre_cod_asig6,pre_cod_asig7 FROM tblaca009 WHERE pensum='5' AND c_uni_ca='3' AND c_asigna='300218' [1][0] OK
C:[18/04/2017 11:21:54.41][172.16.4.57][1365] SELECT c_asigna FROM dace004 WHERE exp_e='16-27158842' AND c_asigna='300101' AND status IN ('0','3','B') [1][0] OK
C:[18/04/2017 11:21:54.41][172.16.4.57][1352] SELECT pre_cod_asig1,pre_cod_asig2,pre_cod_asig3,pre_cod_asig4,pre_cod_asig5,pre_cod_asig6,pre_cod_asig7 FROM tblaca009 WHERE pensum='5' AND c_uni_ca='3' AND c_asigna='300222' [1][0] OK
C:[18/04/2017 11:21:54.41][172.16.4.57][1365] SELECT c_asigna FROM dace004 WHERE exp_e='16-27158842' AND c_asigna='300112' AND status IN ('0','3','B') [1][0] OK
C:[18/04/2017 11:21:54.41][172.16.4.57][1352] SELECT pre_cod_asig1,pre_cod_asig2,pre_cod_asig3,pre_cod_asig4,pre_cod_asig5,pre_cod_asig6,pre_cod_asig7 FROM tblaca009 WHERE pensum='5' AND c_uni_ca='3' AND c_asigna='300226' [1][0] OK
C:[18/04/2017 11:21:54.41][172.16.4.57][1365] SELECT c_asigna FROM dace004 WHERE exp_e='16-27158842' AND c_asigna='300116' AND status IN ('0','3','B') [1][0] OK
C:[18/04/2017 11:21:54.41][172.16.4.57][1352] SELECT pre_cod_asig1,pre_cod_asig2,pre_cod_asig3,pre_cod_asig4,pre_cod_asig5,pre_cod_asig6,pre_cod_asig7 FROM tblaca009 WHERE pensum='5' AND c_uni_ca='3' AND c_asigna='300228' [1][0] OK
C:[18/04/2017 11:21:54.41][172.16.4.57][1365] SELECT c_asigna FROM dace004 WHERE exp_e='16-27158842' AND c_asigna='300101' AND status IN ('0','3','B') [1][0] OK
C:[18/04/2017 11:21:54.15][172.16.4.57][1396] SELECT par_cod_asig1,par_cod_asig2,par_cod_asig3 FROM tblaca009 WHERE pensum='5' AND c_uni_ca='3' AND c_asigna='300207' [1][0] OK
C:[18/04/2017 11:21:54.15][172.16.4.57][1396] SELECT par_cod_asig1,par_cod_asig2,par_cod_asig3 FROM tblaca009 WHERE pensum='5' AND c_uni_ca='3' AND c_asigna='300209' [1][0] OK
C:[18/04/2017 11:21:54.15][172.16.4.57][1396] SELECT par_cod_asig1,par_cod_asig2,par_cod_asig3 FROM tblaca009 WHERE pensum='5' AND c_uni_ca='3' AND c_asigna='300213' [1][0] OK
C:[18/04/2017 11:21:54.15][172.16.4.57][1410] SELECT c_asigna FROM dace004 WHERE exp_e='16-27158842' AND c_asigna='300209' AND status IN ('0','3','B','C') [0][0] OK
C:[18/04/2017 11:21:54.15][172.16.4.57][1396] SELECT par_cod_asig1,par_cod_asig2,par_cod_asig3 FROM tblaca009 WHERE pensum='5' AND c_uni_ca='3' AND c_asigna='300218' [1][0] OK
C:[18/04/2017 11:21:54.15][172.16.4.57][1410] SELECT c_asigna FROM dace004 WHERE exp_e='16-27158842' AND c_asigna='300228' AND status IN ('0','3','B','C') [0][0] OK
C:[18/04/2017 11:21:54.15][172.16.4.57][1396] SELECT par_cod_asig1,par_cod_asig2,par_cod_asig3 FROM tblaca009 WHERE pensum='5' AND c_uni_ca='3' AND c_asigna='300222' [1][0] OK
C:[18/04/2017 11:21:54.15][172.16.4.57][1396] SELECT par_cod_asig1,par_cod_asig2,par_cod_asig3 FROM tblaca009 WHERE pensum='5' AND c_uni_ca='3' AND c_asigna='300226' [1][0] OK
C:[18/04/2017 11:21:54.15][172.16.4.57][1396] SELECT par_cod_asig1,par_cod_asig2,par_cod_asig3 FROM tblaca009 WHERE pensum='5' AND c_uni_ca='3' AND c_asigna='300228' [1][0] OK
C:[18/04/2017 11:21:55.31][172.16.4.57][1526] SELECT horas_lab FROM tblaca008 WHERE c_asigna='300207' AND horas_teoricas > 0 [1][0] OK
C:[18/04/2017 11:21:55.31][172.16.4.57][1526] SELECT horas_lab FROM tblaca008 WHERE c_asigna='300209' AND horas_teoricas > 0 [1][0] OK
C:[18/04/2017 11:21:55.31][172.16.4.57][1526] SELECT horas_lab FROM tblaca008 WHERE c_asigna='300213' AND horas_teoricas > 0 [1][0] OK
C:[18/04/2017 11:21:55.31][172.16.4.57][1526] SELECT horas_lab FROM tblaca008 WHERE c_asigna='300218' AND horas_teoricas > 0 [0][0] OK
C:[18/04/2017 11:21:55.31][172.16.4.57][1526] SELECT horas_lab FROM tblaca008 WHERE c_asigna='300222' AND horas_teoricas > 0 [1][0] OK
C:[18/04/2017 11:21:55.31][172.16.4.57][1526] SELECT horas_lab FROM tblaca008 WHERE c_asigna='300226' AND horas_teoricas > 0 [1][0] OK
C:[18/04/2017 11:21:55.31][172.16.4.57][1526] SELECT horas_lab FROM tblaca008 WHERE c_asigna='300228' AND horas_teoricas > 0 [1][0] OK
C:[18/04/2017 11:24:38.75][172.16.4.57][1352] SELECT pre_cod_asig1,pre_cod_asig2,pre_cod_asig3,pre_cod_asig4,pre_cod_asig5,pre_cod_asig6,pre_cod_asig7 FROM tblaca009 WHERE pensum='5' AND c_uni_ca='3' AND c_asigna='300207' [1][0] OK
C:[18/04/2017 11:24:38.75][172.16.4.57][1365] SELECT c_asigna FROM dace004 WHERE exp_e='16-27158842' AND c_asigna='300101' AND status IN ('0','3','B') [1][0] OK
C:[18/04/2017 11:24:38.75][172.16.4.57][1352] SELECT pre_cod_asig1,pre_cod_asig2,pre_cod_asig3,pre_cod_asig4,pre_cod_asig5,pre_cod_asig6,pre_cod_asig7 FROM tblaca009 WHERE pensum='5' AND c_uni_ca='3' AND c_asigna='300209' [1][0] OK
C:[18/04/2017 11:24:38.75][172.16.4.57][1365] SELECT c_asigna FROM dace004 WHERE exp_e='16-27158842' AND c_asigna='300101' AND status IN ('0','3','B') [1][0] OK
C:[18/04/2017 11:24:38.75][172.16.4.57][1352] SELECT pre_cod_asig1,pre_cod_asig2,pre_cod_asig3,pre_cod_asig4,pre_cod_asig5,pre_cod_asig6,pre_cod_asig7 FROM tblaca009 WHERE pensum='5' AND c_uni_ca='3' AND c_asigna='300213' [1][0] OK
C:[18/04/2017 11:24:38.75][172.16.4.57][1365] SELECT c_asigna FROM dace004 WHERE exp_e='16-27158842' AND c_asigna='300101' AND status IN ('0','3','B') [1][0] OK
C:[18/04/2017 11:24:38.75][172.16.4.57][1352] SELECT pre_cod_asig1,pre_cod_asig2,pre_cod_asig3,pre_cod_asig4,pre_cod_asig5,pre_cod_asig6,pre_cod_asig7 FROM tblaca009 WHERE pensum='5' AND c_uni_ca='3' AND c_asigna='300218' [1][0] OK
C:[18/04/2017 11:24:38.75][172.16.4.57][1365] SELECT c_asigna FROM dace004 WHERE exp_e='16-27158842' AND c_asigna='300101' AND status IN ('0','3','B') [1][0] OK
C:[18/04/2017 11:24:38.75][172.16.4.57][1352] SELECT pre_cod_asig1,pre_cod_asig2,pre_cod_asig3,pre_cod_asig4,pre_cod_asig5,pre_cod_asig6,pre_cod_asig7 FROM tblaca009 WHERE pensum='5' AND c_uni_ca='3' AND c_asigna='300222' [1][0] OK
C:[18/04/2017 11:24:38.75][172.16.4.57][1365] SELECT c_asigna FROM dace004 WHERE exp_e='16-27158842' AND c_asigna='300112' AND status IN ('0','3','B') [1][0] OK
C:[18/04/2017 11:24:38.75][172.16.4.57][1352] SELECT pre_cod_asig1,pre_cod_asig2,pre_cod_asig3,pre_cod_asig4,pre_cod_asig5,pre_cod_asig6,pre_cod_asig7 FROM tblaca009 WHERE pensum='5' AND c_uni_ca='3' AND c_asigna='300226' [1][0] OK
C:[18/04/2017 11:24:38.75][172.16.4.57][1365] SELECT c_asigna FROM dace004 WHERE exp_e='16-27158842' AND c_asigna='300116' AND status IN ('0','3','B') [1][0] OK
C:[18/04/2017 11:24:38.75][172.16.4.57][1352] SELECT pre_cod_asig1,pre_cod_asig2,pre_cod_asig3,pre_cod_asig4,pre_cod_asig5,pre_cod_asig6,pre_cod_asig7 FROM tblaca009 WHERE pensum='5' AND c_uni_ca='3' AND c_asigna='300228' [1][0] OK
C:[18/04/2017 11:24:38.75][172.16.4.57][1365] SELECT c_asigna FROM dace004 WHERE exp_e='16-27158842' AND c_asigna='300101' AND status IN ('0','3','B') [1][0] OK
C:[18/04/2017 11:24:39.65][172.16.4.57][1396] SELECT par_cod_asig1,par_cod_asig2,par_cod_asig3 FROM tblaca009 WHERE pensum='5' AND c_uni_ca='3' AND c_asigna='300207' [1][0] OK
C:[18/04/2017 11:24:39.65][172.16.4.57][1396] SELECT par_cod_asig1,par_cod_asig2,par_cod_asig3 FROM tblaca009 WHERE pensum='5' AND c_uni_ca='3' AND c_asigna='300209' [1][0] OK
C:[18/04/2017 11:24:39.65][172.16.4.57][1396] SELECT par_cod_asig1,par_cod_asig2,par_cod_asig3 FROM tblaca009 WHERE pensum='5' AND c_uni_ca='3' AND c_asigna='300213' [1][0] OK
C:[18/04/2017 11:24:39.65][172.16.4.57][1410] SELECT c_asigna FROM dace004 WHERE exp_e='16-27158842' AND c_asigna='300209' AND status IN ('0','3','B','C') [0][0] OK
C:[18/04/2017 11:24:39.65][172.16.4.57][1396] SELECT par_cod_asig1,par_cod_asig2,par_cod_asig3 FROM tblaca009 WHERE pensum='5' AND c_uni_ca='3' AND c_asigna='300218' [1][0] OK
C:[18/04/2017 11:24:39.65][172.16.4.57][1410] SELECT c_asigna FROM dace004 WHERE exp_e='16-27158842' AND c_asigna='300228' AND status IN ('0','3','B','C') [0][0] OK
C:[18/04/2017 11:24:39.65][172.16.4.57][1396] SELECT par_cod_asig1,par_cod_asig2,par_cod_asig3 FROM tblaca009 WHERE pensum='5' AND c_uni_ca='3' AND c_asigna='300222' [1][0] OK
C:[18/04/2017 11:24:39.65][172.16.4.57][1396] SELECT par_cod_asig1,par_cod_asig2,par_cod_asig3 FROM tblaca009 WHERE pensum='5' AND c_uni_ca='3' AND c_asigna='300226' [1][0] OK
C:[18/04/2017 11:24:39.65][172.16.4.57][1396] SELECT par_cod_asig1,par_cod_asig2,par_cod_asig3 FROM tblaca009 WHERE pensum='5' AND c_uni_ca='3' AND c_asigna='300228' [1][0] OK
C:[18/04/2017 11:24:39.65][172.16.4.57][1526] SELECT horas_lab FROM tblaca008 WHERE c_asigna='300207' AND horas_teoricas > 0 [1][0] OK
C:[18/04/2017 11:24:39.65][172.16.4.57][1526] SELECT horas_lab FROM tblaca008 WHERE c_asigna='300209' AND horas_teoricas > 0 [1][0] OK
C:[18/04/2017 11:24:39.65][172.16.4.57][1526] SELECT horas_lab FROM tblaca008 WHERE c_asigna='300213' AND horas_teoricas > 0 [1][0] OK
C:[18/04/2017 11:24:39.65][172.16.4.57][1526] SELECT horas_lab FROM tblaca008 WHERE c_asigna='300218' AND horas_teoricas > 0 [0][0] OK
C:[18/04/2017 11:24:39.65][172.16.4.57][1526] SELECT horas_lab FROM tblaca008 WHERE c_asigna='300222' AND horas_teoricas > 0 [1][0] OK
C:[18/04/2017 11:24:39.65][172.16.4.57][1526] SELECT horas_lab FROM tblaca008 WHERE c_asigna='300226' AND horas_teoricas > 0 [1][0] OK
C:[18/04/2017 11:24:39.65][172.16.4.57][1526] SELECT horas_lab FROM tblaca008 WHERE c_asigna='300228' AND horas_teoricas > 0 [1][0] OK
C:[18/04/2017 11:27:18.04][172.16.4.57][1352] SELECT pre_cod_asig1,pre_cod_asig2,pre_cod_asig3,pre_cod_asig4,pre_cod_asig5,pre_cod_asig6,pre_cod_asig7 FROM tblaca009 WHERE pensum='5' AND c_uni_ca='3' AND c_asigna='300207' [1][0] OK
C:[18/04/2017 11:27:18.04][172.16.4.57][1365] SELECT c_asigna FROM dace004 WHERE exp_e='16-27158842' AND c_asigna='300101' AND status IN ('0','3','B') [1][0] OK
C:[18/04/2017 11:27:18.04][172.16.4.57][1352] SELECT pre_cod_asig1,pre_cod_asig2,pre_cod_asig3,pre_cod_asig4,pre_cod_asig5,pre_cod_asig6,pre_cod_asig7 FROM tblaca009 WHERE pensum='5' AND c_uni_ca='3' AND c_asigna='300209' [1][0] OK
C:[18/04/2017 11:27:18.04][172.16.4.57][1365] SELECT c_asigna FROM dace004 WHERE exp_e='16-27158842' AND c_asigna='300101' AND status IN ('0','3','B') [1][0] OK
C:[18/04/2017 11:27:18.04][172.16.4.57][1352] SELECT pre_cod_asig1,pre_cod_asig2,pre_cod_asig3,pre_cod_asig4,pre_cod_asig5,pre_cod_asig6,pre_cod_asig7 FROM tblaca009 WHERE pensum='5' AND c_uni_ca='3' AND c_asigna='300213' [1][0] OK
C:[18/04/2017 11:27:18.04][172.16.4.57][1365] SELECT c_asigna FROM dace004 WHERE exp_e='16-27158842' AND c_asigna='300101' AND status IN ('0','3','B') [1][0] OK
C:[18/04/2017 11:27:18.04][172.16.4.57][1352] SELECT pre_cod_asig1,pre_cod_asig2,pre_cod_asig3,pre_cod_asig4,pre_cod_asig5,pre_cod_asig6,pre_cod_asig7 FROM tblaca009 WHERE pensum='5' AND c_uni_ca='3' AND c_asigna='300218' [1][0] OK
C:[18/04/2017 11:27:18.04][172.16.4.57][1365] SELECT c_asigna FROM dace004 WHERE exp_e='16-27158842' AND c_asigna='300101' AND status IN ('0','3','B') [1][0] OK
C:[18/04/2017 11:27:18.04][172.16.4.57][1352] SELECT pre_cod_asig1,pre_cod_asig2,pre_cod_asig3,pre_cod_asig4,pre_cod_asig5,pre_cod_asig6,pre_cod_asig7 FROM tblaca009 WHERE pensum='5' AND c_uni_ca='3' AND c_asigna='300222' [1][0] OK
C:[18/04/2017 11:27:18.04][172.16.4.57][1365] SELECT c_asigna FROM dace004 WHERE exp_e='16-27158842' AND c_asigna='300112' AND status IN ('0','3','B') [1][0] OK
C:[18/04/2017 11:27:18.04][172.16.4.57][1352] SELECT pre_cod_asig1,pre_cod_asig2,pre_cod_asig3,pre_cod_asig4,pre_cod_asig5,pre_cod_asig6,pre_cod_asig7 FROM tblaca009 WHERE pensum='5' AND c_uni_ca='3' AND c_asigna='300226' [1][0] OK
C:[18/04/2017 11:27:18.04][172.16.4.57][1365] SELECT c_asigna FROM dace004 WHERE exp_e='16-27158842' AND c_asigna='300116' AND status IN ('0','3','B') [1][0] OK
C:[18/04/2017 11:27:18.04][172.16.4.57][1352] SELECT pre_cod_asig1,pre_cod_asig2,pre_cod_asig3,pre_cod_asig4,pre_cod_asig5,pre_cod_asig6,pre_cod_asig7 FROM tblaca009 WHERE pensum='5' AND c_uni_ca='3' AND c_asigna='300228' [1][0] OK
C:[18/04/2017 11:27:18.04][172.16.4.57][1365] SELECT c_asigna FROM dace004 WHERE exp_e='16-27158842' AND c_asigna='300101' AND status IN ('0','3','B') [1][0] OK
C:[18/04/2017 11:27:18.78][172.16.4.57][1396] SELECT par_cod_asig1,par_cod_asig2,par_cod_asig3 FROM tblaca009 WHERE pensum='5' AND c_uni_ca='3' AND c_asigna='300207' [1][0] OK
C:[18/04/2017 11:27:18.78][172.16.4.57][1396] SELECT par_cod_asig1,par_cod_asig2,par_cod_asig3 FROM tblaca009 WHERE pensum='5' AND c_uni_ca='3' AND c_asigna='300209' [1][0] OK
C:[18/04/2017 11:27:18.78][172.16.4.57][1396] SELECT par_cod_asig1,par_cod_asig2,par_cod_asig3 FROM tblaca009 WHERE pensum='5' AND c_uni_ca='3' AND c_asigna='300213' [1][0] OK
C:[18/04/2017 11:27:18.78][172.16.4.57][1410] SELECT c_asigna FROM dace004 WHERE exp_e='16-27158842' AND c_asigna='300209' AND status IN ('0','3','B','C') [0][0] OK
C:[18/04/2017 11:27:18.78][172.16.4.57][1396] SELECT par_cod_asig1,par_cod_asig2,par_cod_asig3 FROM tblaca009 WHERE pensum='5' AND c_uni_ca='3' AND c_asigna='300218' [1][0] OK
C:[18/04/2017 11:27:18.78][172.16.4.57][1410] SELECT c_asigna FROM dace004 WHERE exp_e='16-27158842' AND c_asigna='300228' AND status IN ('0','3','B','C') [0][0] OK
C:[18/04/2017 11:27:18.78][172.16.4.57][1396] SELECT par_cod_asig1,par_cod_asig2,par_cod_asig3 FROM tblaca009 WHERE pensum='5' AND c_uni_ca='3' AND c_asigna='300222' [1][0] OK
C:[18/04/2017 11:27:18.78][172.16.4.57][1396] SELECT par_cod_asig1,par_cod_asig2,par_cod_asig3 FROM tblaca009 WHERE pensum='5' AND c_uni_ca='3' AND c_asigna='300226' [1][0] OK
C:[18/04/2017 11:27:18.78][172.16.4.57][1396] SELECT par_cod_asig1,par_cod_asig2,par_cod_asig3 FROM tblaca009 WHERE pensum='5' AND c_uni_ca='3' AND c_asigna='300228' [1][0] OK
C:[18/04/2017 11:27:18.93][172.16.4.57][1526] SELECT horas_lab FROM tblaca008 WHERE c_asigna='300207' AND horas_teoricas > 0 [1][0] OK
C:[18/04/2017 11:27:18.93][172.16.4.57][1526] SELECT horas_lab FROM tblaca008 WHERE c_asigna='300209' AND horas_teoricas > 0 [1][0] OK
C:[18/04/2017 11:27:18.93][172.16.4.57][1526] SELECT horas_lab FROM tblaca008 WHERE c_asigna='300213' AND horas_teoricas > 0 [1][0] OK
C:[18/04/2017 11:27:18.93][172.16.4.57][1526] SELECT horas_lab FROM tblaca008 WHERE c_asigna='300218' AND horas_teoricas > 0 [0][0] OK
C:[18/04/2017 11:27:18.93][172.16.4.57][1526] SELECT horas_lab FROM tblaca008 WHERE c_asigna='300222' AND horas_teoricas > 0 [1][0] OK
C:[18/04/2017 11:27:18.93][172.16.4.57][1526] SELECT horas_lab FROM tblaca008 WHERE c_asigna='300226' AND horas_teoricas > 0 [1][0] OK
C:[18/04/2017 11:27:18.93][172.16.4.57][1526] SELECT horas_lab FROM tblaca008 WHERE c_asigna='300228' AND horas_teoricas > 0 [1][0] OK
C:[18/04/2017 11:52:35.21][172.16.4.254][1352] SELECT pre_cod_asig1,pre_cod_asig2,pre_cod_asig3,pre_cod_asig4,pre_cod_asig5,pre_cod_asig6,pre_cod_asig7 FROM tblaca009 WHERE pensum='5' AND c_uni_ca='4' AND c_asigna='300956' [1][0] OK
C:[18/04/2017 11:52:35.21][172.16.4.254][1365] SELECT c_asigna FROM dace004 WHERE exp_e='11-24481412' AND c_asigna='300422' AND status IN ('0','3','B') [1][0] OK
C:[18/04/2017 11:52:35.21][172.16.4.254][1365] SELECT c_asigna FROM dace004 WHERE exp_e='11-24481412' AND c_asigna='300105' AND status IN ('0','3','B') [1][0] OK
C:[18/04/2017 11:52:35.21][172.16.4.254][1365] SELECT c_asigna FROM dace004 WHERE exp_e='11-24481412' AND c_asigna='300314' AND status IN ('0','3','B') [1][0] OK
C:[18/04/2017 11:52:35.21][172.16.4.254][1352] SELECT pre_cod_asig1,pre_cod_asig2,pre_cod_asig3,pre_cod_asig4,pre_cod_asig5,pre_cod_asig6,pre_cod_asig7 FROM tblaca009 WHERE pensum='5' AND c_uni_ca='4' AND c_asigna='333939' [1][0] OK
C:[18/04/2017 11:52:35.86][172.16.4.254][1396] SELECT par_cod_asig1,par_cod_asig2,par_cod_asig3 FROM tblaca009 WHERE pensum='5' AND c_uni_ca='4' AND c_asigna='300956' [1][0] OK
C:[18/04/2017 11:52:35.86][172.16.4.254][1396] SELECT par_cod_asig1,par_cod_asig2,par_cod_asig3 FROM tblaca009 WHERE pensum='5' AND c_uni_ca='4' AND c_asigna='333939' [1][0] OK
C:[18/04/2017 11:52:35.86][172.16.4.254][1410] SELECT c_asigna FROM dace004 WHERE exp_e='11-24481412' AND c_asigna='300956' AND status IN ('0','3','B','C') [0][0] OK
C:[18/04/2017 11:52:35.26][172.16.4.254][1526] SELECT horas_lab FROM tblaca008 WHERE c_asigna='300956' AND horas_teoricas > 0 [1][0] OK
C:[18/04/2017 11:52:35.26][172.16.4.254][1526] SELECT horas_lab FROM tblaca008 WHERE c_asigna='333939' AND horas_teoricas > 0 [0][0] OK
C:[18/04/2017 13:22:36.25][172.16.4.132][1352] SELECT pre_cod_asig1,pre_cod_asig2,pre_cod_asig3,pre_cod_asig4,pre_cod_asig5,pre_cod_asig6,pre_cod_asig7 FROM tblaca009 WHERE pensum='5' AND c_uni_ca='3' AND c_asigna='311556' [1][0] OK
C:[18/04/2017 13:22:36.25][172.16.4.132][1365] SELECT c_asigna FROM dace004 WHERE exp_e='09-20504713' AND c_asigna='311434' AND status IN ('0','3','B') [1][0] OK
C:[18/04/2017 13:22:36.25][172.16.4.132][1365] SELECT c_asigna FROM dace004 WHERE exp_e='09-20504713' AND c_asigna='311430' AND status IN ('0','3','B') [1][0] OK
C:[18/04/2017 13:22:36.25][172.16.4.132][1365] SELECT c_asigna FROM dace004 WHERE exp_e='09-20504713' AND c_asigna='300222' AND status IN ('0','3','B') [1][0] OK
C:[18/04/2017 13:22:36.25][172.16.4.132][1365] SELECT c_asigna FROM dace004 WHERE exp_e='09-20504713' AND c_asigna='300226' AND status IN ('0','3','B') [1][0] OK
C:[18/04/2017 13:22:36.25][172.16.4.132][1365] SELECT c_asigna FROM dace004 WHERE exp_e='09-20504713' AND c_asigna='300209' AND status IN ('0','3','B') [1][0] OK
C:[18/04/2017 13:22:36.25][172.16.4.132][1352] SELECT pre_cod_asig1,pre_cod_asig2,pre_cod_asig3,pre_cod_asig4,pre_cod_asig5,pre_cod_asig6,pre_cod_asig7 FROM tblaca009 WHERE pensum='5' AND c_uni_ca='3' AND c_asigna='300677' [1][0] OK
C:[18/04/2017 13:22:36.25][172.16.4.132][1352] SELECT pre_cod_asig1,pre_cod_asig2,pre_cod_asig3,pre_cod_asig4,pre_cod_asig5,pre_cod_asig6,pre_cod_asig7 FROM tblaca009 WHERE pensum='5' AND c_uni_ca='3' AND c_asigna='315671' [1][0] OK
C:[18/04/2017 13:22:36.25][172.16.4.132][1365] SELECT c_asigna FROM dace004 WHERE exp_e='09-20504713' AND c_asigna='315552' AND status IN ('0','3','B') [1][0] OK
C:[18/04/2017 13:22:36.25][172.16.4.132][1352] SELECT pre_cod_asig1,pre_cod_asig2,pre_cod_asig3,pre_cod_asig4,pre_cod_asig5,pre_cod_asig6,pre_cod_asig7 FROM tblaca009 WHERE pensum='5' AND c_uni_ca='3' AND c_asigna='311673' [1][0] OK
C:[18/04/2017 13:22:36.25][172.16.4.132][1365] SELECT c_asigna FROM dace004 WHERE exp_e='09-20504713' AND c_asigna='311551' AND status IN ('0','3','B') [1][0] OK
C:[18/04/2017 13:22:36.25][172.16.4.132][1365] SELECT c_asigna FROM dace004 WHERE exp_e='09-20504713' AND c_asigna='311554' AND status IN ('0','3','B') [1][0] OK
C:[18/04/2017 13:22:36.25][172.16.4.132][1365] SELECT c_asigna FROM dace004 WHERE exp_e='09-20504713' AND c_asigna='311320' AND status IN ('0','3','B') [1][0] OK
C:[18/04/2017 13:22:37.87][172.16.4.132][1396] SELECT par_cod_asig1,par_cod_asig2,par_cod_asig3 FROM tblaca009 WHERE pensum='5' AND c_uni_ca='3' AND c_asigna='311556' [1][0] OK
C:[18/04/2017 13:22:37.87][172.16.4.132][1410] SELECT c_asigna FROM dace004 WHERE exp_e='09-20504713' AND c_asigna='311551' AND status IN ('0','3','B','C') [1][0] OK
C:[18/04/2017 13:22:37.87][172.16.4.132][1396] SELECT par_cod_asig1,par_cod_asig2,par_cod_asig3 FROM tblaca009 WHERE pensum='5' AND c_uni_ca='3' AND c_asigna='300677' [1][0] OK
C:[18/04/2017 13:22:37.87][172.16.4.132][1396] SELECT par_cod_asig1,par_cod_asig2,par_cod_asig3 FROM tblaca009 WHERE pensum='5' AND c_uni_ca='3' AND c_asigna='315671' [1][0] OK
C:[18/04/2017 13:22:37.87][172.16.4.132][1396] SELECT par_cod_asig1,par_cod_asig2,par_cod_asig3 FROM tblaca009 WHERE pensum='5' AND c_uni_ca='3' AND c_asigna='311673' [1][0] OK
C:[18/04/2017 13:22:37.53][172.16.4.132][1526] SELECT horas_lab FROM tblaca008 WHERE c_asigna='311556' AND horas_teoricas > 0 [0][0] OK
C:[18/04/2017 13:22:37.53][172.16.4.132][1526] SELECT horas_lab FROM tblaca008 WHERE c_asigna='300677' AND horas_teoricas > 0 [1][0] OK
C:[18/04/2017 13:22:37.53][172.16.4.132][1526] SELECT horas_lab FROM tblaca008 WHERE c_asigna='315671' AND horas_teoricas > 0 [1][0] OK
C:[25/04/2017 15:33:23.58][172.16.4.40][1352] SELECT pre_cod_asig1,pre_cod_asig2,pre_cod_asig3,pre_cod_asig4,pre_cod_asig5,pre_cod_asig6,pre_cod_asig7 FROM tblaca009 WHERE pensum='5' AND c_uni_ca='4' AND c_asigna='300013' [1][0] OK
C:[25/04/2017 15:33:23.58][172.16.4.40][1352] SELECT pre_cod_asig1,pre_cod_asig2,pre_cod_asig3,pre_cod_asig4,pre_cod_asig5,pre_cod_asig6,pre_cod_asig7 FROM tblaca009 WHERE pensum='5' AND c_uni_ca='4' AND c_asigna='300113' [1][0] OK
C:[25/04/2017 15:33:23.58][172.16.4.40][1352] SELECT pre_cod_asig1,pre_cod_asig2,pre_cod_asig3,pre_cod_asig4,pre_cod_asig5,pre_cod_asig6,pre_cod_asig7 FROM tblaca009 WHERE pensum='5' AND c_uni_ca='4' AND c_asigna='300116' [1][0] OK
C:[25/04/2017 15:33:23.58][172.16.4.40][1352] SELECT pre_cod_asig1,pre_cod_asig2,pre_cod_asig3,pre_cod_asig4,pre_cod_asig5,pre_cod_asig6,pre_cod_asig7 FROM tblaca009 WHERE pensum='5' AND c_uni_ca='4' AND c_asigna='300207' [1][0] OK
C:[25/04/2017 15:33:23.58][172.16.4.40][1365] SELECT c_asigna FROM dace004 WHERE exp_e='16-27923835' AND c_asigna='300101' AND status IN ('0','3','B') [1][0] OK
C:[25/04/2017 15:33:23.58][172.16.4.40][1352] SELECT pre_cod_asig1,pre_cod_asig2,pre_cod_asig3,pre_cod_asig4,pre_cod_asig5,pre_cod_asig6,pre_cod_asig7 FROM tblaca009 WHERE pensum='5' AND c_uni_ca='4' AND c_asigna='300209' [1][0] OK
C:[25/04/2017 15:33:23.58][172.16.4.40][1365] SELECT c_asigna FROM dace004 WHERE exp_e='16-27923835' AND c_asigna='300101' AND status IN ('0','3','B') [1][0] OK
C:[25/04/2017 15:33:23.58][172.16.4.40][1352] SELECT pre_cod_asig1,pre_cod_asig2,pre_cod_asig3,pre_cod_asig4,pre_cod_asig5,pre_cod_asig6,pre_cod_asig7 FROM tblaca009 WHERE pensum='5' AND c_uni_ca='4' AND c_asigna='300222' [1][0] OK
C:[25/04/2017 15:33:23.58][172.16.4.40][1365] SELECT c_asigna FROM dace004 WHERE exp_e='16-27923835' AND c_asigna='300112' AND status IN ('0','3','B') [1][0] OK
C:[25/04/2017 15:33:24.39][172.16.4.40][1396] SELECT par_cod_asig1,par_cod_asig2,par_cod_asig3 FROM tblaca009 WHERE pensum='5' AND c_uni_ca='4' AND c_asigna='300013' [1][0] OK
C:[25/04/2017 15:33:24.39][172.16.4.40][1396] SELECT par_cod_asig1,par_cod_asig2,par_cod_asig3 FROM tblaca009 WHERE pensum='5' AND c_uni_ca='4' AND c_asigna='300113' [1][0] OK
C:[25/04/2017 15:33:24.39][172.16.4.40][1410] SELECT c_asigna FROM dace004 WHERE exp_e='16-27923835' AND c_asigna='300013' AND status IN ('0','3','B','C') [0][0] OK
C:[25/04/2017 15:33:24.39][172.16.4.40][1396] SELECT par_cod_asig1,par_cod_asig2,par_cod_asig3 FROM tblaca009 WHERE pensum='5' AND c_uni_ca='4' AND c_asigna='300116' [1][0] OK
C:[25/04/2017 15:33:24.39][172.16.4.40][1396] SELECT par_cod_asig1,par_cod_asig2,par_cod_asig3 FROM tblaca009 WHERE pensum='5' AND c_uni_ca='4' AND c_asigna='300207' [1][0] OK
C:[25/04/2017 15:33:24.39][172.16.4.40][1396] SELECT par_cod_asig1,par_cod_asig2,par_cod_asig3 FROM tblaca009 WHERE pensum='5' AND c_uni_ca='4' AND c_asigna='300209' [1][0] OK
C:[25/04/2017 15:33:24.39][172.16.4.40][1396] SELECT par_cod_asig1,par_cod_asig2,par_cod_asig3 FROM tblaca009 WHERE pensum='5' AND c_uni_ca='4' AND c_asigna='300222' [1][0] OK
C:[25/04/2017 15:33:24.34][172.16.4.40][1526] SELECT horas_lab FROM tblaca008 WHERE c_asigna='300013' AND horas_teoricas > 0 [1][0] OK
C:[25/04/2017 15:33:24.34][172.16.4.40][1526] SELECT horas_lab FROM tblaca008 WHERE c_asigna='300113' AND horas_teoricas > 0 [0][0] OK
C:[25/04/2017 15:33:24.34][172.16.4.40][1526] SELECT horas_lab FROM tblaca008 WHERE c_asigna='300116' AND horas_teoricas > 0 [1][0] OK
C:[25/04/2017 15:33:24.34][172.16.4.40][1526] SELECT horas_lab FROM tblaca008 WHERE c_asigna='300207' AND horas_teoricas > 0 [1][0] OK
C:[25/04/2017 15:33:24.34][172.16.4.40][1526] SELECT horas_lab FROM tblaca008 WHERE c_asigna='300209' AND horas_teoricas > 0 [1][0] OK
C:[25/04/2017 15:33:24.34][172.16.4.40][1526] SELECT horas_lab FROM tblaca008 WHERE c_asigna='300222' AND horas_teoricas > 0 [1][0] OK
C:[25/04/2017 18:08:09.87][172.16.4.254][1352] SELECT pre_cod_asig1,pre_cod_asig2,pre_cod_asig3,pre_cod_asig4,pre_cod_asig5,pre_cod_asig6,pre_cod_asig7 FROM tblaca009 WHERE pensum='5' AND c_uni_ca='4' AND c_asigna='300422' [1][0] OK
C:[25/04/2017 18:08:09.87][172.16.4.254][1365] SELECT c_asigna FROM dace004 WHERE exp_e='13-23733309' AND c_asigna='300105' AND status IN ('0','3','B') [1][0] OK
C:[25/04/2017 18:08:09.87][172.16.4.254][1365] SELECT c_asigna FROM dace004 WHERE exp_e='13-23733309' AND c_asigna='300314' AND status IN ('0','3','B') [1][0] OK
C:[25/04/2017 18:08:09.87][172.16.4.254][1352] SELECT pre_cod_asig1,pre_cod_asig2,pre_cod_asig3,pre_cod_asig4,pre_cod_asig5,pre_cod_asig6,pre_cod_asig7 FROM tblaca009 WHERE pensum='5' AND c_uni_ca='4' AND c_asigna='300428' [1][0] OK
C:[25/04/2017 18:08:09.87][172.16.4.254][1365] SELECT c_asigna FROM dace004 WHERE exp_e='13-23733309' AND c_asigna='300317' AND status IN ('0','3','B') [1][0] OK
C:[25/04/2017 18:08:09.87][172.16.4.254][1365] SELECT c_asigna FROM dace004 WHERE exp_e='13-23733309' AND c_asigna='300209' AND status IN ('0','3','B') [1][0] OK
C:[25/04/2017 18:08:09.87][172.16.4.254][1352] SELECT pre_cod_asig1,pre_cod_asig2,pre_cod_asig3,pre_cod_asig4,pre_cod_asig5,pre_cod_asig6,pre_cod_asig7 FROM tblaca009 WHERE pensum='5' AND c_uni_ca='4' AND c_asigna='330435' [1][0] OK
C:[25/04/2017 18:08:09.87][172.16.4.254][1365] SELECT c_asigna FROM dace004 WHERE exp_e='13-23733309' AND c_asigna='300318' AND status IN ('0','3','B') [1][0] OK
C:[25/04/2017 18:08:09.87][172.16.4.254][1352] SELECT pre_cod_asig1,pre_cod_asig2,pre_cod_asig3,pre_cod_asig4,pre_cod_asig5,pre_cod_asig6,pre_cod_asig7 FROM tblaca009 WHERE pensum='5' AND c_uni_ca='4' AND c_asigna='333441' [1][0] OK
C:[25/04/2017 18:08:09.87][172.16.4.254][1365] SELECT c_asigna FROM dace004 WHERE exp_e='13-23733309' AND c_asigna='333326' AND status IN ('0','3','B') [1][0] OK
C:[25/04/2017 18:08:09.87][172.16.4.254][1365] SELECT c_asigna FROM dace004 WHERE exp_e='13-23733309' AND c_asigna='300317' AND status IN ('0','3','B') [1][0] OK
C:[25/04/2017 18:08:09.87][172.16.4.254][1365] SELECT c_asigna FROM dace004 WHERE exp_e='13-23733309' AND c_asigna='300209' AND status IN ('0','3','B') [1][0] OK
C:[25/04/2017 18:08:09.87][172.16.4.254][1352] SELECT pre_cod_asig1,pre_cod_asig2,pre_cod_asig3,pre_cod_asig4,pre_cod_asig5,pre_cod_asig6,pre_cod_asig7 FROM tblaca009 WHERE pensum='5' AND c_uni_ca='4' AND c_asigna='311561' [1][0] OK
C:[25/04/2017 18:08:09.87][172.16.4.254][1365] SELECT c_asigna FROM dace004 WHERE exp_e='13-23733309' AND c_asigna='300318' AND status IN ('0','3','B') [1][0] OK
C:[25/04/2017 18:08:09.62][172.16.4.254][1396] SELECT par_cod_asig1,par_cod_asig2,par_cod_asig3 FROM tblaca009 WHERE pensum='5' AND c_uni_ca='4' AND c_asigna='300422' [1][0] OK
C:[25/04/2017 18:08:09.62][172.16.4.254][1396] SELECT par_cod_asig1,par_cod_asig2,par_cod_asig3 FROM tblaca009 WHERE pensum='5' AND c_uni_ca='4' AND c_asigna='300428' [1][0] OK
C:[25/04/2017 18:08:09.62][172.16.4.254][1396] SELECT par_cod_asig1,par_cod_asig2,par_cod_asig3 FROM tblaca009 WHERE pensum='5' AND c_uni_ca='4' AND c_asigna='330435' [1][0] OK
C:[25/04/2017 18:08:09.62][172.16.4.254][1396] SELECT par_cod_asig1,par_cod_asig2,par_cod_asig3 FROM tblaca009 WHERE pensum='5' AND c_uni_ca='4' AND c_asigna='333441' [1][0] OK
C:[25/04/2017 18:08:09.62][172.16.4.254][1396] SELECT par_cod_asig1,par_cod_asig2,par_cod_asig3 FROM tblaca009 WHERE pensum='5' AND c_uni_ca='4' AND c_asigna='311561' [1][0] OK
C:[25/04/2017 18:08:09.30][172.16.4.254][1526] SELECT horas_lab FROM tblaca008 WHERE c_asigna='300422' AND horas_teoricas > 0 [0][0] OK
C:[25/04/2017 18:08:09.30][172.16.4.254][1526] SELECT horas_lab FROM tblaca008 WHERE c_asigna='300428' AND horas_teoricas > 0 [1][0] OK
C:[25/04/2017 18:08:09.30][172.16.4.254][1526] SELECT horas_lab FROM tblaca008 WHERE c_asigna='330435' AND horas_teoricas > 0 [1][0] OK
C:[25/04/2017 18:08:09.30][172.16.4.254][1526] SELECT horas_lab FROM tblaca008 WHERE c_asigna='333441' AND horas_teoricas > 0 [1][0] OK
C:[25/04/2017 18:08:09.30][172.16.4.254][1526] SELECT horas_lab FROM tblaca008 WHERE c_asigna='311561' AND horas_teoricas > 0 [1][0] OK
C:[27/04/2017 11:34:38.98][172.16.4.254][1352] SELECT pre_cod_asig1,pre_cod_asig2,pre_cod_asig3,pre_cod_asig4,pre_cod_asig5,pre_cod_asig6,pre_cod_asig7 FROM tblaca009 WHERE pensum='5' AND c_uni_ca='6' AND c_asigna='342559' [1][0] OK
C:[27/04/2017 11:34:38.98][172.16.4.254][1365] SELECT c_asigna FROM dace004 WHERE exp_e='12-22908415' AND c_asigna='342436' AND status IN ('0','3','B') [1][0] OK
C:[27/04/2017 11:34:38.98][172.16.4.254][1352] SELECT pre_cod_asig1,pre_cod_asig2,pre_cod_asig3,pre_cod_asig4,pre_cod_asig5,pre_cod_asig6,pre_cod_asig7 FROM tblaca009 WHERE pensum='5' AND c_uni_ca='6' AND c_asigna='344566' [1][0] OK
C:[27/04/2017 11:34:38.98][172.16.4.254][1365] SELECT c_asigna FROM dace004 WHERE exp_e='12-22908415' AND c_asigna='344446' AND status IN ('0','3','B') [1][0] OK
C:[27/04/2017 11:34:38.98][172.16.4.254][1365] SELECT c_asigna FROM dace004 WHERE exp_e='12-22908415' AND c_asigna='300428' AND status IN ('0','3','B') [1][0] OK
C:[27/04/2017 11:34:38.98][172.16.4.254][1365] SELECT c_asigna FROM dace004 WHERE exp_e='12-22908415' AND c_asigna='300209' AND status IN ('0','3','B') [1][0] OK
C:[27/04/2017 11:34:38.98][172.16.4.254][1365] SELECT c_asigna FROM dace004 WHERE exp_e='12-22908415' AND c_asigna='300222' AND status IN ('0','3','B') [1][0] OK
C:[27/04/2017 11:34:38.98][172.16.4.254][1365] SELECT c_asigna FROM dace004 WHERE exp_e='12-22908415' AND c_asigna='300226' AND status IN ('0','3','B') [1][0] OK
C:[27/04/2017 11:34:38.98][172.16.4.254][1365] SELECT c_asigna FROM dace004 WHERE exp_e='12-22908415' AND c_asigna='300317' AND status IN ('0','3','B') [1][0] OK
C:[27/04/2017 11:34:38.98][172.16.4.254][1365] SELECT c_asigna FROM dace004 WHERE exp_e='12-22908415' AND c_asigna='300313' AND status IN ('0','3','B') [1][0] OK
C:[27/04/2017 11:34:38.98][172.16.4.254][1352] SELECT pre_cod_asig1,pre_cod_asig2,pre_cod_asig3,pre_cod_asig4,pre_cod_asig5,pre_cod_asig6,pre_cod_asig7 FROM tblaca009 WHERE pensum='5' AND c_uni_ca='6' AND c_asigna='300676' [1][0] OK
C:[27/04/2017 11:34:38.98][172.16.4.254][1352] SELECT pre_cod_asig1,pre_cod_asig2,pre_cod_asig3,pre_cod_asig4,pre_cod_asig5,pre_cod_asig6,pre_cod_asig7 FROM tblaca009 WHERE pensum='5' AND c_uni_ca='6' AND c_asigna='342679' [1][0] OK
C:[27/04/2017 11:34:38.98][172.16.4.254][1365] SELECT c_asigna FROM dace004 WHERE exp_e='12-22908415' AND c_asigna='342567' AND status IN ('0','3','B') [1][0] OK
C:[27/04/2017 11:34:38.98][172.16.4.254][1352] SELECT pre_cod_asig1,pre_cod_asig2,pre_cod_asig3,pre_cod_asig4,pre_cod_asig5,pre_cod_asig6,pre_cod_asig7 FROM tblaca009 WHERE pensum='5' AND c_uni_ca='6' AND c_asigna='344687' [1][0] OK
C:[27/04/2017 11:34:38.98][172.16.4.254][1365] SELECT c_asigna FROM dace004 WHERE exp_e='12-22908415' AND c_asigna='344565' AND status IN ('0','3','B') [1][0] OK
C:[27/04/2017 11:34:38.98][172.16.4.254][1352] SELECT pre_cod_asig1,pre_cod_asig2,pre_cod_asig3,pre_cod_asig4,pre_cod_asig5,pre_cod_asig6,pre_cod_asig7 FROM tblaca009 WHERE pensum='5' AND c_uni_ca='6' AND c_asigna='344688' [1][0] OK
C:[27/04/2017 11:34:38.98][172.16.4.254][1365] SELECT c_asigna FROM dace004 WHERE exp_e='12-22908415' AND c_asigna='342567' AND status IN ('0','3','B') [1][0] OK
C:[27/04/2017 11:34:38.98][172.16.4.254][1365] SELECT c_asigna FROM dace004 WHERE exp_e='12-22908415' AND c_asigna='344565' AND status IN ('0','3','B') [1][0] OK
C:[27/04/2017 11:34:39.78][172.16.4.254][1396] SELECT par_cod_asig1,par_cod_asig2,par_cod_asig3 FROM tblaca009 WHERE pensum='5' AND c_uni_ca='6' AND c_asigna='342559' [1][0] OK
C:[27/04/2017 11:34:39.78][172.16.4.254][1396] SELECT par_cod_asig1,par_cod_asig2,par_cod_asig3 FROM tblaca009 WHERE pensum='5' AND c_uni_ca='6' AND c_asigna='344566' [1][0] OK
C:[27/04/2017 11:34:39.78][172.16.4.254][1396] SELECT par_cod_asig1,par_cod_asig2,par_cod_asig3 FROM tblaca009 WHERE pensum='5' AND c_uni_ca='6' AND c_asigna='300676' [1][0] OK
C:[27/04/2017 11:34:39.78][172.16.4.254][1396] SELECT par_cod_asig1,par_cod_asig2,par_cod_asig3 FROM tblaca009 WHERE pensum='5' AND c_uni_ca='6' AND c_asigna='342679' [1][0] OK
C:[27/04/2017 11:34:39.78][172.16.4.254][1396] SELECT par_cod_asig1,par_cod_asig2,par_cod_asig3 FROM tblaca009 WHERE pensum='5' AND c_uni_ca='6' AND c_asigna='344687' [1][0] OK
C:[27/04/2017 11:34:39.78][172.16.4.254][1396] SELECT par_cod_asig1,par_cod_asig2,par_cod_asig3 FROM tblaca009 WHERE pensum='5' AND c_uni_ca='6' AND c_asigna='344688' [1][0] OK
C:[27/04/2017 11:34:39.54][172.16.4.254][1526] SELECT horas_lab FROM tblaca008 WHERE c_asigna='342559' AND horas_teoricas > 0 [1][0] OK
C:[27/04/2017 11:34:39.54][172.16.4.254][1526] SELECT horas_lab FROM tblaca008 WHERE c_asigna='344566' AND horas_teoricas > 0 [1][0] OK
C:[27/04/2017 11:34:39.54][172.16.4.254][1526] SELECT horas_lab FROM tblaca008 WHERE c_asigna='300676' AND horas_teoricas > 0 [1][0] OK
C:[27/04/2017 11:34:39.54][172.16.4.254][1526] SELECT horas_lab FROM tblaca008 WHERE c_asigna='342679' AND horas_teoricas > 0 [1][0] OK
C:[27/04/2017 11:34:39.54][172.16.4.254][1526] SELECT horas_lab FROM tblaca008 WHERE c_asigna='344687' AND horas_teoricas > 0 [1][0] OK
C:[27/04/2017 11:34:39.54][172.16.4.254][1526] SELECT horas_lab FROM tblaca008 WHERE c_asigna='344688' AND horas_teoricas > 0 [1][0] OK
C:[02/05/2017 09:14:05.42][172.16.4.245][1352] SELECT pre_cod_asig1,pre_cod_asig2,pre_cod_asig3,pre_cod_asig4,pre_cod_asig5,pre_cod_asig6,pre_cod_asig7 FROM tblaca009 WHERE pensum='5' AND c_uni_ca='2' AND c_asigna='300207' [1][0] OK
C:[02/05/2017 09:14:05.42][172.16.4.245][1365] SELECT c_asigna FROM dace004 WHERE exp_e='16-26562580' AND c_asigna='300101' AND status IN ('0','3','B') [1][0] OK
C:[02/05/2017 09:14:05.42][172.16.4.245][1352] SELECT pre_cod_asig1,pre_cod_asig2,pre_cod_asig3,pre_cod_asig4,pre_cod_asig5,pre_cod_asig6,pre_cod_asig7 FROM tblaca009 WHERE pensum='5' AND c_uni_ca='2' AND c_asigna='300209' [1][0] OK
C:[02/05/2017 09:14:05.42][172.16.4.245][1365] SELECT c_asigna FROM dace004 WHERE exp_e='16-26562580' AND c_asigna='300101' AND status IN ('0','3','B') [1][0] OK
C:[02/05/2017 09:14:05.42][172.16.4.245][1352] SELECT pre_cod_asig1,pre_cod_asig2,pre_cod_asig3,pre_cod_asig4,pre_cod_asig5,pre_cod_asig6,pre_cod_asig7 FROM tblaca009 WHERE pensum='5' AND c_uni_ca='2' AND c_asigna='300213' [1][0] OK
C:[02/05/2017 09:14:05.42][172.16.4.245][1365] SELECT c_asigna FROM dace004 WHERE exp_e='16-26562580' AND c_asigna='300101' AND status IN ('0','3','B') [1][0] OK
C:[02/05/2017 09:14:05.42][172.16.4.245][1352] SELECT pre_cod_asig1,pre_cod_asig2,pre_cod_asig3,pre_cod_asig4,pre_cod_asig5,pre_cod_asig6,pre_cod_asig7 FROM tblaca009 WHERE pensum='5' AND c_uni_ca='2' AND c_asigna='300218' [1][0] OK
C:[02/05/2017 09:14:05.42][172.16.4.245][1365] SELECT c_asigna FROM dace004 WHERE exp_e='16-26562580' AND c_asigna='300101' AND status IN ('0','3','B') [1][0] OK
C:[02/05/2017 09:14:05.42][172.16.4.245][1352] SELECT pre_cod_asig1,pre_cod_asig2,pre_cod_asig3,pre_cod_asig4,pre_cod_asig5,pre_cod_asig6,pre_cod_asig7 FROM tblaca009 WHERE pensum='5' AND c_uni_ca='2' AND c_asigna='300226' [1][0] OK
C:[02/05/2017 09:14:05.42][172.16.4.245][1365] SELECT c_asigna FROM dace004 WHERE exp_e='16-26562580' AND c_asigna='300116' AND status IN ('0','3','B') [1][0] OK
C:[02/05/2017 09:14:05.42][172.16.4.245][1352] SELECT pre_cod_asig1,pre_cod_asig2,pre_cod_asig3,pre_cod_asig4,pre_cod_asig5,pre_cod_asig6,pre_cod_asig7 FROM tblaca009 WHERE pensum='5' AND c_uni_ca='2' AND c_asigna='300228' [1][0] OK
C:[02/05/2017 09:14:05.42][172.16.4.245][1365] SELECT c_asigna FROM dace004 WHERE exp_e='16-26562580' AND c_asigna='300101' AND status IN ('0','3','B') [1][0] OK
C:[02/05/2017 09:14:05.60][172.16.4.245][1396] SELECT par_cod_asig1,par_cod_asig2,par_cod_asig3 FROM tblaca009 WHERE pensum='5' AND c_uni_ca='2' AND c_asigna='300207' [1][0] OK
C:[02/05/2017 09:14:05.60][172.16.4.245][1396] SELECT par_cod_asig1,par_cod_asig2,par_cod_asig3 FROM tblaca009 WHERE pensum='5' AND c_uni_ca='2' AND c_asigna='300209' [1][0] OK
C:[02/05/2017 09:14:05.60][172.16.4.245][1396] SELECT par_cod_asig1,par_cod_asig2,par_cod_asig3 FROM tblaca009 WHERE pensum='5' AND c_uni_ca='2' AND c_asigna='300213' [1][0] OK
C:[02/05/2017 09:14:05.60][172.16.4.245][1410] SELECT c_asigna FROM dace004 WHERE exp_e='16-26562580' AND c_asigna='300209' AND status IN ('0','3','B','C') [0][0] OK
C:[02/05/2017 09:14:05.60][172.16.4.245][1396] SELECT par_cod_asig1,par_cod_asig2,par_cod_asig3 FROM tblaca009 WHERE pensum='5' AND c_uni_ca='2' AND c_asigna='300218' [1][0] OK
C:[02/05/2017 09:14:05.60][172.16.4.245][1410] SELECT c_asigna FROM dace004 WHERE exp_e='16-26562580' AND c_asigna='300228' AND status IN ('0','3','B','C') [0][0] OK
C:[02/05/2017 09:14:05.60][172.16.4.245][1396] SELECT par_cod_asig1,par_cod_asig2,par_cod_asig3 FROM tblaca009 WHERE pensum='5' AND c_uni_ca='2' AND c_asigna='300226' [1][0] OK
C:[02/05/2017 09:14:05.60][172.16.4.245][1396] SELECT par_cod_asig1,par_cod_asig2,par_cod_asig3 FROM tblaca009 WHERE pensum='5' AND c_uni_ca='2' AND c_asigna='300228' [1][0] OK
C:[02/05/2017 09:14:05.64][172.16.4.245][1526] SELECT horas_lab FROM tblaca008 WHERE c_asigna='300207' AND horas_teoricas > 0 [1][0] OK
C:[02/05/2017 09:14:05.64][172.16.4.245][1526] SELECT horas_lab FROM tblaca008 WHERE c_asigna='300209' AND horas_teoricas > 0 [1][0] OK
C:[02/05/2017 09:14:05.64][172.16.4.245][1526] SELECT horas_lab FROM tblaca008 WHERE c_asigna='300213' AND horas_teoricas > 0 [1][0] OK
C:[02/05/2017 09:14:05.64][172.16.4.245][1526] SELECT horas_lab FROM tblaca008 WHERE c_asigna='300218' AND horas_teoricas > 0 [0][0] OK
C:[02/05/2017 09:14:05.64][172.16.4.245][1526] SELECT horas_lab FROM tblaca008 WHERE c_asigna='300226' AND horas_teoricas > 0 [1][0] OK
C:[02/05/2017 09:14:05.64][172.16.4.245][1526] SELECT horas_lab FROM tblaca008 WHERE c_asigna='300228' AND horas_teoricas > 0 [1][0] OK
C:[02/05/2017 11:51:14.67][172.16.4.254][1352] SELECT pre_cod_asig1,pre_cod_asig2,pre_cod_asig3,pre_cod_asig4,pre_cod_asig5,pre_cod_asig6,pre_cod_asig7 FROM tblaca009 WHERE pensum='5' AND c_uni_ca='6' AND c_asigna='340323' [1][0] OK
C:[02/05/2017 11:51:14.67][172.16.4.254][1365] SELECT c_asigna FROM dace004 WHERE exp_e='14-18806436' AND c_asigna='300228' AND status IN ('0','3','B') [1][0] OK
C:[02/05/2017 11:51:14.67][172.16.4.254][1365] SELECT c_asigna FROM dace004 WHERE exp_e='14-18806436' AND c_asigna='300207' AND status IN ('0','3','B') [1][0] OK
C:[02/05/2017 11:51:14.67][172.16.4.254][1352] SELECT pre_cod_asig1,pre_cod_asig2,pre_cod_asig3,pre_cod_asig4,pre_cod_asig5,pre_cod_asig6,pre_cod_asig7 FROM tblaca009 WHERE pensum='5' AND c_uni_ca='6' AND c_asigna='300422' [1][0] OK
C:[02/05/2017 11:51:14.67][172.16.4.254][1365] SELECT c_asigna FROM dace004 WHERE exp_e='14-18806436' AND c_asigna='300105' AND status IN ('0','3','B') [1][0] OK
C:[02/05/2017 11:51:14.67][172.16.4.254][1365] SELECT c_asigna FROM dace004 WHERE exp_e='14-18806436' AND c_asigna='300314' AND status IN ('0','3','B') [1][0] OK
C:[02/05/2017 11:51:14.67][172.16.4.254][1352] SELECT pre_cod_asig1,pre_cod_asig2,pre_cod_asig3,pre_cod_asig4,pre_cod_asig5,pre_cod_asig6,pre_cod_asig7 FROM tblaca009 WHERE pensum='5' AND c_uni_ca='6' AND c_asigna='344445' [1][0] OK
C:[02/05/2017 11:51:14.67][172.16.4.254][1352] SELECT pre_cod_asig1,pre_cod_asig2,pre_cod_asig3,pre_cod_asig4,pre_cod_asig5,pre_cod_asig6,pre_cod_asig7 FROM tblaca009 WHERE pensum='5' AND c_uni_ca='6' AND c_asigna='344446' [1][0] OK
C:[02/05/2017 11:51:14.67][172.16.4.254][1365] SELECT c_asigna FROM dace004 WHERE exp_e='14-18806436' AND c_asigna='300317' AND status IN ('0','3','B') [1][0] OK
C:[02/05/2017 11:51:14.67][172.16.4.254][1365] SELECT c_asigna FROM dace004 WHERE exp_e='14-18806436' AND c_asigna='300313' AND status IN ('0','3','B') [1][0] OK
C:[02/05/2017 11:51:14.67][172.16.4.254][1365] SELECT c_asigna FROM dace004 WHERE exp_e='14-18806436' AND c_asigna='300209' AND status IN ('0','3','B') [1][0] OK
C:[02/05/2017 11:51:14.67][172.16.4.254][1365] SELECT c_asigna FROM dace004 WHERE exp_e='14-18806436' AND c_asigna='300222' AND status IN ('0','3','B') [1][0] OK
C:[02/05/2017 11:51:14.67][172.16.4.254][1365] SELECT c_asigna FROM dace004 WHERE exp_e='14-18806436' AND c_asigna='300226' AND status IN ('0','3','B') [1][0] OK
C:[02/05/2017 11:51:14.67][172.16.4.254][1352] SELECT pre_cod_asig1,pre_cod_asig2,pre_cod_asig3,pre_cod_asig4,pre_cod_asig5,pre_cod_asig6,pre_cod_asig7 FROM tblaca009 WHERE pensum='5' AND c_uni_ca='6' AND c_asigna='342559' [1][0] OK
C:[02/05/2017 11:51:14.67][172.16.4.254][1365] SELECT c_asigna FROM dace004 WHERE exp_e='14-18806436' AND c_asigna='342436' AND status IN ('0','3','B') [1][0] OK
C:[02/05/2017 11:51:14.67][172.16.4.254][1352] SELECT pre_cod_asig1,pre_cod_asig2,pre_cod_asig3,pre_cod_asig4,pre_cod_asig5,pre_cod_asig6,pre_cod_asig7 FROM tblaca009 WHERE pensum='5' AND c_uni_ca='6' AND c_asigna='343568' [1][0] OK
C:[02/05/2017 11:51:14.67][172.16.4.254][1365] SELECT c_asigna FROM dace004 WHERE exp_e='14-18806436' AND c_asigna='340327' AND status IN ('0','3','B') [1][0] OK
C:[02/05/2017 11:51:15.79][172.16.4.254][1396] SELECT par_cod_asig1,par_cod_asig2,par_cod_asig3 FROM tblaca009 WHERE pensum='5' AND c_uni_ca='6' AND c_asigna='340323' [1][0] OK
C:[02/05/2017 11:51:15.79][172.16.4.254][1396] SELECT par_cod_asig1,par_cod_asig2,par_cod_asig3 FROM tblaca009 WHERE pensum='5' AND c_uni_ca='6' AND c_asigna='300422' [1][0] OK
C:[02/05/2017 11:51:15.79][172.16.4.254][1396] SELECT par_cod_asig1,par_cod_asig2,par_cod_asig3 FROM tblaca009 WHERE pensum='5' AND c_uni_ca='6' AND c_asigna='344445' [1][0] OK
C:[02/05/2017 11:51:15.79][172.16.4.254][1396] SELECT par_cod_asig1,par_cod_asig2,par_cod_asig3 FROM tblaca009 WHERE pensum='5' AND c_uni_ca='6' AND c_asigna='344446' [1][0] OK
C:[02/05/2017 11:51:15.79][172.16.4.254][1396] SELECT par_cod_asig1,par_cod_asig2,par_cod_asig3 FROM tblaca009 WHERE pensum='5' AND c_uni_ca='6' AND c_asigna='342559' [1][0] OK
C:[02/05/2017 11:51:15.79][172.16.4.254][1396] SELECT par_cod_asig1,par_cod_asig2,par_cod_asig3 FROM tblaca009 WHERE pensum='5' AND c_uni_ca='6' AND c_asigna='343568' [1][0] OK
C:[02/05/2017 11:51:15.60][172.16.4.254][1526] SELECT horas_lab FROM tblaca008 WHERE c_asigna='340323' AND horas_teoricas > 0 [1][0] OK
C:[02/05/2017 11:51:15.60][172.16.4.254][1526] SELECT horas_lab FROM tblaca008 WHERE c_asigna='300422' AND horas_teoricas > 0 [0][0] OK
C:[02/05/2017 11:51:15.60][172.16.4.254][1526] SELECT horas_lab FROM tblaca008 WHERE c_asigna='344445' AND horas_teoricas > 0 [1][0] OK
C:[02/05/2017 11:51:15.60][172.16.4.254][1526] SELECT horas_lab FROM tblaca008 WHERE c_asigna='344446' AND horas_teoricas > 0 [1][0] OK
C:[02/05/2017 11:51:15.60][172.16.4.254][1526] SELECT horas_lab FROM tblaca008 WHERE c_asigna='342559' AND horas_teoricas > 0 [1][0] OK
C:[02/05/2017 11:51:15.60][172.16.4.254][1526] SELECT horas_lab FROM tblaca008 WHERE c_asigna='343568' AND horas_teoricas > 0 [1][0] OK
C:[02/05/2017 13:43:02.54][172.16.4.254][1352] SELECT pre_cod_asig1,pre_cod_asig2,pre_cod_asig3,pre_cod_asig4,pre_cod_asig5,pre_cod_asig6,pre_cod_asig7 FROM tblaca009 WHERE pensum='5' AND c_uni_ca='4' AND c_asigna='300313' [1][0] OK
C:[02/05/2017 13:43:02.54][172.16.4.254][1365] SELECT c_asigna FROM dace004 WHERE exp_e='09-22887673' AND c_asigna='300213' AND status IN ('0','3','B') [1][0] OK
C:[02/05/2017 13:43:02.54][172.16.4.254][1365] SELECT c_asigna FROM dace004 WHERE exp_e='09-22887673' AND c_asigna='300226' AND status IN ('0','3','B') [1][0] OK
C:[02/05/2017 13:43:02.54][172.16.4.254][1365] SELECT c_asigna FROM dace004 WHERE exp_e='09-22887673' AND c_asigna='300222' AND status IN ('0','3','B') [1][0] OK
C:[02/05/2017 13:43:02.54][172.16.4.254][1365] SELECT c_asigna FROM dace004 WHERE exp_e='09-22887673' AND c_asigna='300209' AND status IN ('0','3','B') [1][0] OK
C:[02/05/2017 13:43:02.54][172.16.4.254][1352] SELECT pre_cod_asig1,pre_cod_asig2,pre_cod_asig3,pre_cod_asig4,pre_cod_asig5,pre_cod_asig6,pre_cod_asig7 FROM tblaca009 WHERE pensum='5' AND c_uni_ca='4' AND c_asigna='300677' [1][0] OK
C:[02/05/2017 13:43:02.54][172.16.4.254][1352] SELECT pre_cod_asig1,pre_cod_asig2,pre_cod_asig3,pre_cod_asig4,pre_cod_asig5,pre_cod_asig6,pre_cod_asig7 FROM tblaca009 WHERE pensum='5' AND c_uni_ca='4' AND c_asigna='333639' [1][0] OK
C:[02/05/2017 13:43:02.54][172.16.4.254][1365] SELECT c_asigna FROM dace004 WHERE exp_e='09-22887673' AND c_asigna='333585' AND status IN ('0','3','B') [1][0] OK
C:[02/05/2017 13:43:02.54][172.16.4.254][1352] SELECT pre_cod_asig1,pre_cod_asig2,pre_cod_asig3,pre_cod_asig4,pre_cod_asig5,pre_cod_asig6,pre_cod_asig7 FROM tblaca009 WHERE pensum='5' AND c_uni_ca='4' AND c_asigna='333710' [1][0] OK
C:[02/05/2017 13:43:02.54][172.16.4.254][1365] SELECT c_asigna FROM dace004 WHERE exp_e='09-22887673' AND c_asigna='333683' AND status IN ('0','3','B') [1][0] OK
C:[02/05/2017 13:43:02.54][172.16.4.254][1365] SELECT c_asigna FROM dace004 WHERE exp_e='09-22887673' AND c_asigna='333606' AND status IN ('0','3','B') [1][0] OK
C:[02/05/2017 13:43:02.54][172.16.4.254][1352] SELECT pre_cod_asig1,pre_cod_asig2,pre_cod_asig3,pre_cod_asig4,pre_cod_asig5,pre_cod_asig6,pre_cod_asig7 FROM tblaca009 WHERE pensum='5' AND c_uni_ca='4' AND c_asigna='333737' [1][0] OK
C:[02/05/2017 13:43:02.54][172.16.4.254][1365] SELECT c_asigna FROM dace004 WHERE exp_e='09-22887673' AND c_asigna='333683' AND status IN ('0','3','B') [1][0] OK
C:[02/05/2017 13:43:02.54][172.16.4.254][1352] SELECT pre_cod_asig1,pre_cod_asig2,pre_cod_asig3,pre_cod_asig4,pre_cod_asig5,pre_cod_asig6,pre_cod_asig7 FROM tblaca009 WHERE pensum='5' AND c_uni_ca='4' AND c_asigna='334762' [1][0] OK
C:[02/05/2017 13:43:03.29][172.16.4.254][1396] SELECT par_cod_asig1,par_cod_asig2,par_cod_asig3 FROM tblaca009 WHERE pensum='5' AND c_uni_ca='4' AND c_asigna='300313' [1][0] OK
C:[02/05/2017 13:43:03.29][172.16.4.254][1396] SELECT par_cod_asig1,par_cod_asig2,par_cod_asig3 FROM tblaca009 WHERE pensum='5' AND c_uni_ca='4' AND c_asigna='300677' [1][0] OK
C:[02/05/2017 13:43:03.29][172.16.4.254][1396] SELECT par_cod_asig1,par_cod_asig2,par_cod_asig3 FROM tblaca009 WHERE pensum='5' AND c_uni_ca='4' AND c_asigna='333639' [1][0] OK
C:[02/05/2017 13:43:03.29][172.16.4.254][1396] SELECT par_cod_asig1,par_cod_asig2,par_cod_asig3 FROM tblaca009 WHERE pensum='5' AND c_uni_ca='4' AND c_asigna='333710' [1][0] OK
C:[02/05/2017 13:43:03.29][172.16.4.254][1410] SELECT c_asigna FROM dace004 WHERE exp_e='09-22887673' AND c_asigna='333782' AND status IN ('0','3','B','C') [1][0] OK
C:[02/05/2017 13:43:03.29][172.16.4.254][1396] SELECT par_cod_asig1,par_cod_asig2,par_cod_asig3 FROM tblaca009 WHERE pensum='5' AND c_uni_ca='4' AND c_asigna='333737' [1][0] OK
C:[02/05/2017 13:43:03.29][172.16.4.254][1396] SELECT par_cod_asig1,par_cod_asig2,par_cod_asig3 FROM tblaca009 WHERE pensum='5' AND c_uni_ca='4' AND c_asigna='334762' [1][0] OK
C:[02/05/2017 13:43:03.18][172.16.4.254][1526] SELECT horas_lab FROM tblaca008 WHERE c_asigna='300313' AND horas_teoricas > 0 [1][0] OK
C:[02/05/2017 13:43:03.18][172.16.4.254][1526] SELECT horas_lab FROM tblaca008 WHERE c_asigna='300677' AND horas_teoricas > 0 [1][0] OK
C:[02/05/2017 13:43:03.18][172.16.4.254][1526] SELECT horas_lab FROM tblaca008 WHERE c_asigna='333639' AND horas_teoricas > 0 [1][0] OK
C:[02/05/2017 13:43:03.18][172.16.4.254][1526] SELECT horas_lab FROM tblaca008 WHERE c_asigna='333710' AND horas_teoricas > 0 [1][0] OK
C:[02/05/2017 13:43:03.18][172.16.4.254][1526] SELECT horas_lab FROM tblaca008 WHERE c_asigna='333737' AND horas_teoricas > 0 [1][0] OK
C:[02/05/2017 13:43:03.18][172.16.4.254][1526] SELECT horas_lab FROM tblaca008 WHERE c_asigna='334762' AND horas_teoricas > 0 [1][0] OK
C:[02/05/2017 13:44:29.18][172.16.4.254][1352] SELECT pre_cod_asig1,pre_cod_asig2,pre_cod_asig3,pre_cod_asig4,pre_cod_asig5,pre_cod_asig6,pre_cod_asig7 FROM tblaca009 WHERE pensum='5' AND c_uni_ca='4' AND c_asigna='300313' [1][0] OK
C:[02/05/2017 13:44:29.18][172.16.4.254][1365] SELECT c_asigna FROM dace004 WHERE exp_e='10-20805593' AND c_asigna='300213' AND status IN ('0','3','B') [1][0] OK
C:[02/05/2017 13:44:29.18][172.16.4.254][1365] SELECT c_asigna FROM dace004 WHERE exp_e='10-20805593' AND c_asigna='300226' AND status IN ('0','3','B') [1][0] OK
C:[02/05/2017 13:44:29.18][172.16.4.254][1365] SELECT c_asigna FROM dace004 WHERE exp_e='10-20805593' AND c_asigna='300222' AND status IN ('0','3','B') [1][0] OK
C:[02/05/2017 13:44:29.18][172.16.4.254][1365] SELECT c_asigna FROM dace004 WHERE exp_e='10-20805593' AND c_asigna='300209' AND status IN ('0','3','B') [1][0] OK
C:[02/05/2017 13:44:29.18][172.16.4.254][1352] SELECT pre_cod_asig1,pre_cod_asig2,pre_cod_asig3,pre_cod_asig4,pre_cod_asig5,pre_cod_asig6,pre_cod_asig7 FROM tblaca009 WHERE pensum='5' AND c_uni_ca='4' AND c_asigna='333563' [1][0] OK
C:[02/05/2017 13:44:29.18][172.16.4.254][1365] SELECT c_asigna FROM dace004 WHERE exp_e='10-20805593' AND c_asigna='333440' AND status IN ('0','3','B') [1][0] OK
C:[02/05/2017 13:44:29.18][172.16.4.254][1365] SELECT c_asigna FROM dace004 WHERE exp_e='10-20805593' AND c_asigna='333442' AND status IN ('0','3','B') [1][0] OK
C:[02/05/2017 13:44:29.18][172.16.4.254][1365] SELECT c_asigna FROM dace004 WHERE exp_e='10-20805593' AND c_asigna='300209' AND status IN ('0','3','B') [1][0] OK
C:[02/05/2017 13:44:29.18][172.16.4.254][1365] SELECT c_asigna FROM dace004 WHERE exp_e='10-20805593' AND c_asigna='330310' AND status IN ('0','3','B') [1][0] OK
C:[02/05/2017 13:44:29.18][172.16.4.254][1365] SELECT c_asigna FROM dace004 WHERE exp_e='10-20805593' AND c_asigna='300317' AND status IN ('0','3','B') [1][0] OK
C:[02/05/2017 13:44:29.18][172.16.4.254][1365] SELECT c_asigna FROM dace004 WHERE exp_e='10-20805593' AND c_asigna='333326' AND status IN ('0','3','B') [1][0] OK
C:[02/05/2017 13:44:29.18][172.16.4.254][1352] SELECT pre_cod_asig1,pre_cod_asig2,pre_cod_asig3,pre_cod_asig4,pre_cod_asig5,pre_cod_asig6,pre_cod_asig7 FROM tblaca009 WHERE pensum='5' AND c_uni_ca='4' AND c_asigna='333585' [1][0] OK
C:[02/05/2017 13:44:29.18][172.16.4.254][1365] SELECT c_asigna FROM dace004 WHERE exp_e='10-20805593' AND c_asigna='333440' AND status IN ('0','3','B') [1][0] OK
C:[02/05/2017 13:44:29.18][172.16.4.254][1365] SELECT c_asigna FROM dace004 WHERE exp_e='10-20805593' AND c_asigna='333441' AND status IN ('0','3','B') [1][0] OK
C:[02/05/2017 13:44:29.18][172.16.4.254][1365] SELECT c_asigna FROM dace004 WHERE exp_e='10-20805593' AND c_asigna='300209' AND status IN ('0','3','B') [1][0] OK
C:[02/05/2017 13:44:29.18][172.16.4.254][1352] SELECT pre_cod_asig1,pre_cod_asig2,pre_cod_asig3,pre_cod_asig4,pre_cod_asig5,pre_cod_asig6,pre_cod_asig7 FROM tblaca009 WHERE pensum='5' AND c_uni_ca='4' AND c_asigna='333606' [1][0] OK
C:[02/05/2017 13:44:29.18][172.16.4.254][1365] SELECT c_asigna FROM dace004 WHERE exp_e='10-20805593' AND c_asigna='333584' AND status IN ('0','3','B') [1][0] OK
C:[02/05/2017 13:44:29.18][172.16.4.254][1352] SELECT pre_cod_asig1,pre_cod_asig2,pre_cod_asig3,pre_cod_asig4,pre_cod_asig5,pre_cod_asig6,pre_cod_asig7 FROM tblaca009 WHERE pensum='5' AND c_uni_ca='4' AND c_asigna='333683' [1][0] OK
C:[02/05/2017 13:44:29.18][172.16.4.254][1365] SELECT c_asigna FROM dace004 WHERE exp_e='10-20805593' AND c_asigna='333564' AND status IN ('0','3','B') [1][0] OK
C:[02/05/2017 13:44:30.64][172.16.4.254][1396] SELECT par_cod_asig1,par_cod_asig2,par_cod_asig3 FROM tblaca009 WHERE pensum='5' AND c_uni_ca='4' AND c_asigna='300313' [1][0] OK
C:[02/05/2017 13:44:30.64][172.16.4.254][1396] SELECT par_cod_asig1,par_cod_asig2,par_cod_asig3 FROM tblaca009 WHERE pensum='5' AND c_uni_ca='4' AND c_asigna='333563' [1][0] OK
C:[02/05/2017 13:44:30.64][172.16.4.254][1396] SELECT par_cod_asig1,par_cod_asig2,par_cod_asig3 FROM tblaca009 WHERE pensum='5' AND c_uni_ca='4' AND c_asigna='333585' [1][0] OK
C:[02/05/2017 13:44:30.64][172.16.4.254][1396] SELECT par_cod_asig1,par_cod_asig2,par_cod_asig3 FROM tblaca009 WHERE pensum='5' AND c_uni_ca='4' AND c_asigna='333606' [1][0] OK
C:[02/05/2017 13:44:30.64][172.16.4.254][1396] SELECT par_cod_asig1,par_cod_asig2,par_cod_asig3 FROM tblaca009 WHERE pensum='5' AND c_uni_ca='4' AND c_asigna='333683' [1][0] OK
C:[02/05/2017 13:44:30.31][172.16.4.254][1526] SELECT horas_lab FROM tblaca008 WHERE c_asigna='300313' AND horas_teoricas > 0 [1][0] OK
C:[02/05/2017 13:44:30.31][172.16.4.254][1526] SELECT horas_lab FROM tblaca008 WHERE c_asigna='333563' AND horas_teoricas > 0 [1][0] OK
C:[02/05/2017 13:44:30.31][172.16.4.254][1526] SELECT horas_lab FROM tblaca008 WHERE c_asigna='333585' AND horas_teoricas > 0 [1][0] OK
C:[02/05/2017 13:44:30.31][172.16.4.254][1526] SELECT horas_lab FROM tblaca008 WHERE c_asigna='333606' AND horas_teoricas > 0 [1][0] OK
C:[02/05/2017 13:44:30.31][172.16.4.254][1526] SELECT horas_lab FROM tblaca008 WHERE c_asigna='333683' AND horas_teoricas > 0 [1][0] OK
C:[09/05/2017 10:40:42.91][172.16.4.254][1352] SELECT pre_cod_asig1,pre_cod_asig2,pre_cod_asig3,pre_cod_asig4,pre_cod_asig5,pre_cod_asig6,pre_cod_asig7 FROM tblaca009 WHERE pensum='5' AND c_uni_ca='3' AND c_asigna='300101' [1][0] OK
C:[09/05/2017 10:40:42.91][172.16.4.254][1352] SELECT pre_cod_asig1,pre_cod_asig2,pre_cod_asig3,pre_cod_asig4,pre_cod_asig5,pre_cod_asig6,pre_cod_asig7 FROM tblaca009 WHERE pensum='5' AND c_uni_ca='3' AND c_asigna='300226' [1][0] OK
C:[09/05/2017 10:40:42.91][172.16.4.254][1365] SELECT c_asigna FROM dace004 WHERE exp_e='15-26599034' AND c_asigna='300116' AND status IN ('0','3','B') [1][0] OK
C:[09/05/2017 10:40:43.97][172.16.4.254][1396] SELECT par_cod_asig1,par_cod_asig2,par_cod_asig3 FROM tblaca009 WHERE pensum='5' AND c_uni_ca='3' AND c_asigna='300101' [1][0] OK
C:[09/05/2017 10:40:43.97][172.16.4.254][1396] SELECT par_cod_asig1,par_cod_asig2,par_cod_asig3 FROM tblaca009 WHERE pensum='5' AND c_uni_ca='3' AND c_asigna='300226' [1][0] OK
C:[09/05/2017 10:40:43.25][172.16.4.254][1526] SELECT horas_lab FROM tblaca008 WHERE c_asigna='300101' AND horas_teoricas > 0 [1][0] OK
C:[09/05/2017 10:40:43.25][172.16.4.254][1526] SELECT horas_lab FROM tblaca008 WHERE c_asigna='300226' AND horas_teoricas > 0 [1][0] OK
C:[10/05/2017 15:28:16.36][172.16.4.254][1352] SELECT pre_cod_asig1,pre_cod_asig2,pre_cod_asig3,pre_cod_asig4,pre_cod_asig5,pre_cod_asig6,pre_cod_asig7 FROM tblaca009 WHERE pensum='5' AND c_uni_ca='2' AND c_asigna='300313' [1][0] OK
C:[10/05/2017 15:28:16.36][172.16.4.254][1365] SELECT c_asigna FROM dace004 WHERE exp_e='15-25566963' AND c_asigna='300213' AND status IN ('0','3','B') [1][0] OK
C:[10/05/2017 15:28:16.36][172.16.4.254][1365] SELECT c_asigna FROM dace004 WHERE exp_e='15-25566963' AND c_asigna='300226' AND status IN ('0','3','B') [1][0] OK
C:[10/05/2017 15:28:16.36][172.16.4.254][1365] SELECT c_asigna FROM dace004 WHERE exp_e='15-25566963' AND c_asigna='300209' AND status IN ('0','3','B') [1][0] OK
C:[10/05/2017 15:28:16.36][172.16.4.254][1352] SELECT pre_cod_asig1,pre_cod_asig2,pre_cod_asig3,pre_cod_asig4,pre_cod_asig5,pre_cod_asig6,pre_cod_asig7 FROM tblaca009 WHERE pensum='5' AND c_uni_ca='2' AND c_asigna='300317' [1][0] OK
C:[10/05/2017 15:28:16.36][172.16.4.254][1365] SELECT c_asigna FROM dace004 WHERE exp_e='15-25566963' AND c_asigna='300207' AND status IN ('0','3','B') [1][0] OK
C:[10/05/2017 15:28:16.36][172.16.4.254][1365] SELECT c_asigna FROM dace004 WHERE exp_e='15-25566963' AND c_asigna='300209' AND status IN ('0','3','B') [1][0] OK
C:[10/05/2017 15:28:16.36][172.16.4.254][1352] SELECT pre_cod_asig1,pre_cod_asig2,pre_cod_asig3,pre_cod_asig4,pre_cod_asig5,pre_cod_asig6,pre_cod_asig7 FROM tblaca009 WHERE pensum='5' AND c_uni_ca='2' AND c_asigna='300318' [1][0] OK
C:[10/05/2017 15:28:16.36][172.16.4.254][1365] SELECT c_asigna FROM dace004 WHERE exp_e='15-25566963' AND c_asigna='300228' AND status IN ('0','3','B') [1][0] OK
C:[10/05/2017 15:28:16.36][172.16.4.254][1365] SELECT c_asigna FROM dace004 WHERE exp_e='15-25566963' AND c_asigna='300207' AND status IN ('0','3','B') [1][0] OK
C:[10/05/2017 15:28:16.36][172.16.4.254][1365] SELECT c_asigna FROM dace004 WHERE exp_e='15-25566963' AND c_asigna='300218' AND status IN ('0','3','B') [1][0] OK
C:[10/05/2017 15:28:16.36][172.16.4.254][1352] SELECT pre_cod_asig1,pre_cod_asig2,pre_cod_asig3,pre_cod_asig4,pre_cod_asig5,pre_cod_asig6,pre_cod_asig7 FROM tblaca009 WHERE pensum='5' AND c_uni_ca='2' AND c_asigna='320311' [1][0] OK
C:[10/05/2017 15:28:16.36][172.16.4.254][1365] SELECT c_asigna FROM dace004 WHERE exp_e='15-25566963' AND c_asigna='300013' AND status IN ('0','3','B') [1][0] OK
C:[10/05/2017 15:28:16.36][172.16.4.254][1365] SELECT c_asigna FROM dace004 WHERE exp_e='15-25566963' AND c_asigna='300113' AND status IN ('0','3','B') [1][0] OK
C:[10/05/2017 15:28:16.36][172.16.4.254][1352] SELECT pre_cod_asig1,pre_cod_asig2,pre_cod_asig3,pre_cod_asig4,pre_cod_asig5,pre_cod_asig6,pre_cod_asig7 FROM tblaca009 WHERE pensum='5' AND c_uni_ca='2' AND c_asigna='322449' [1][0] OK
C:[10/05/2017 15:28:16.36][172.16.4.254][1365] SELECT c_asigna FROM dace004 WHERE exp_e='15-25566963' AND c_asigna='300222' AND status IN ('0','3','B') [1][0] OK
C:[10/05/2017 15:28:17.28][172.16.4.254][1396] SELECT par_cod_asig1,par_cod_asig2,par_cod_asig3 FROM tblaca009 WHERE pensum='5' AND c_uni_ca='2' AND c_asigna='300313' [1][0] OK
C:[10/05/2017 15:28:17.28][172.16.4.254][1396] SELECT par_cod_asig1,par_cod_asig2,par_cod_asig3 FROM tblaca009 WHERE pensum='5' AND c_uni_ca='2' AND c_asigna='300317' [1][0] OK
C:[10/05/2017 15:28:17.28][172.16.4.254][1396] SELECT par_cod_asig1,par_cod_asig2,par_cod_asig3 FROM tblaca009 WHERE pensum='5' AND c_uni_ca='2' AND c_asigna='300318' [1][0] OK
C:[10/05/2017 15:28:17.28][172.16.4.254][1396] SELECT par_cod_asig1,par_cod_asig2,par_cod_asig3 FROM tblaca009 WHERE pensum='5' AND c_uni_ca='2' AND c_asigna='320311' [1][0] OK
C:[10/05/2017 15:28:17.28][172.16.4.254][1396] SELECT par_cod_asig1,par_cod_asig2,par_cod_asig3 FROM tblaca009 WHERE pensum='5' AND c_uni_ca='2' AND c_asigna='322449' [1][0] OK
C:[10/05/2017 15:28:17.93][172.16.4.254][1526] SELECT horas_lab FROM tblaca008 WHERE c_asigna='300313' AND horas_teoricas > 0 [1][0] OK
C:[10/05/2017 15:28:17.93][172.16.4.254][1526] SELECT horas_lab FROM tblaca008 WHERE c_asigna='300317' AND horas_teoricas > 0 [1][0] OK
C:[10/05/2017 15:28:17.93][172.16.4.254][1526] SELECT horas_lab FROM tblaca008 WHERE c_asigna='300318' AND horas_teoricas > 0 [1][0] OK
C:[10/05/2017 15:28:17.93][172.16.4.254][1526] SELECT horas_lab FROM tblaca008 WHERE c_asigna='320311' AND horas_teoricas > 0 [1][0] OK
C:[10/05/2017 15:28:17.93][172.16.4.254][1526] SELECT horas_lab FROM tblaca008 WHERE c_asigna='322449' AND horas_teoricas > 0 [1][0] OK
C:[11/05/2017 12:08:04.75][172.16.4.254][1352] SELECT pre_cod_asig1,pre_cod_asig2,pre_cod_asig3,pre_cod_asig4,pre_cod_asig5,pre_cod_asig6,pre_cod_asig7 FROM tblaca009 WHERE pensum='5' AND c_uni_ca='3' AND c_asigna='300101' [1][0] OK
C:[11/05/2017 12:08:04.75][172.16.4.254][1352] SELECT pre_cod_asig1,pre_cod_asig2,pre_cod_asig3,pre_cod_asig4,pre_cod_asig5,pre_cod_asig6,pre_cod_asig7 FROM tblaca009 WHERE pensum='5' AND c_uni_ca='3' AND c_asigna='300105' [1][0] OK
C:[11/05/2017 12:08:04.75][172.16.4.254][1352] SELECT pre_cod_asig1,pre_cod_asig2,pre_cod_asig3,pre_cod_asig4,pre_cod_asig5,pre_cod_asig6,pre_cod_asig7 FROM tblaca009 WHERE pensum='5' AND c_uni_ca='3' AND c_asigna='300112' [1][0] OK
C:[11/05/2017 12:08:04.75][172.16.4.254][1352] SELECT pre_cod_asig1,pre_cod_asig2,pre_cod_asig3,pre_cod_asig4,pre_cod_asig5,pre_cod_asig6,pre_cod_asig7 FROM tblaca009 WHERE pensum='5' AND c_uni_ca='3' AND c_asigna='300113' [1][0] OK
C:[11/05/2017 12:08:04.75][172.16.4.254][1352] SELECT pre_cod_asig1,pre_cod_asig2,pre_cod_asig3,pre_cod_asig4,pre_cod_asig5,pre_cod_asig6,pre_cod_asig7 FROM tblaca009 WHERE pensum='5' AND c_uni_ca='3' AND c_asigna='300116' [1][0] OK
C:[11/05/2017 12:08:04.75][172.16.4.254][1352] SELECT pre_cod_asig1,pre_cod_asig2,pre_cod_asig3,pre_cod_asig4,pre_cod_asig5,pre_cod_asig6,pre_cod_asig7 FROM tblaca009 WHERE pensum='5' AND c_uni_ca='3' AND c_asigna='300314' [1][0] OK
C:[11/05/2017 12:08:04.75][172.16.4.254][1365] SELECT c_asigna FROM dace004 WHERE exp_e='16-25934925' AND c_asigna='300106' AND status IN ('0','3','B') [1][0] OK
C:[11/05/2017 12:08:05.62][172.16.4.254][1396] SELECT par_cod_asig1,par_cod_asig2,par_cod_asig3 FROM tblaca009 WHERE pensum='5' AND c_uni_ca='3' AND c_asigna='300101' [1][0] OK
C:[11/05/2017 12:08:05.62][172.16.4.254][1396] SELECT par_cod_asig1,par_cod_asig2,par_cod_asig3 FROM tblaca009 WHERE pensum='5' AND c_uni_ca='3' AND c_asigna='300105' [1][0] OK
C:[11/05/2017 12:08:05.62][172.16.4.254][1396] SELECT par_cod_asig1,par_cod_asig2,par_cod_asig3 FROM tblaca009 WHERE pensum='5' AND c_uni_ca='3' AND c_asigna='300112' [1][0] OK
C:[11/05/2017 12:08:05.62][172.16.4.254][1396] SELECT par_cod_asig1,par_cod_asig2,par_cod_asig3 FROM tblaca009 WHERE pensum='5' AND c_uni_ca='3' AND c_asigna='300113' [1][0] OK
C:[11/05/2017 12:08:05.62][172.16.4.254][1410] SELECT c_asigna FROM dace004 WHERE exp_e='16-25934925' AND c_asigna='300013' AND status IN ('0','3','B','C') [1][0] OK
C:[11/05/2017 12:08:05.62][172.16.4.254][1396] SELECT par_cod_asig1,par_cod_asig2,par_cod_asig3 FROM tblaca009 WHERE pensum='5' AND c_uni_ca='3' AND c_asigna='300116' [1][0] OK
C:[11/05/2017 12:08:05.62][172.16.4.254][1396] SELECT par_cod_asig1,par_cod_asig2,par_cod_asig3 FROM tblaca009 WHERE pensum='5' AND c_uni_ca='3' AND c_asigna='300314' [1][0] OK
C:[11/05/2017 12:08:05.52][172.16.4.254][1526] SELECT horas_lab FROM tblaca008 WHERE c_asigna='300101' AND horas_teoricas > 0 [1][0] OK
C:[11/05/2017 12:08:05.52][172.16.4.254][1526] SELECT horas_lab FROM tblaca008 WHERE c_asigna='300105' AND horas_teoricas > 0 [1][0] OK
C:[11/05/2017 12:08:05.52][172.16.4.254][1526] SELECT horas_lab FROM tblaca008 WHERE c_asigna='300112' AND horas_teoricas > 0 [1][0] OK
C:[11/05/2017 12:08:05.52][172.16.4.254][1526] SELECT horas_lab FROM tblaca008 WHERE c_asigna='300113' AND horas_teoricas > 0 [0][0] OK
C:[11/05/2017 12:08:05.52][172.16.4.254][1526] SELECT horas_lab FROM tblaca008 WHERE c_asigna='300116' AND horas_teoricas > 0 [1][0] OK
C:[11/05/2017 12:08:05.52][172.16.4.254][1526] SELECT horas_lab FROM tblaca008 WHERE c_asigna='300314' AND horas_teoricas > 0 [0][0] OK
C:[11/05/2017 12:11:51.09][172.16.4.254][1352] SELECT pre_cod_asig1,pre_cod_asig2,pre_cod_asig3,pre_cod_asig4,pre_cod_asig5,pre_cod_asig6,pre_cod_asig7 FROM tblaca009 WHERE pensum='5' AND c_uni_ca='3' AND c_asigna='300101' [1][0] OK
C:[11/05/2017 12:11:51.09][172.16.4.254][1352] SELECT pre_cod_asig1,pre_cod_asig2,pre_cod_asig3,pre_cod_asig4,pre_cod_asig5,pre_cod_asig6,pre_cod_asig7 FROM tblaca009 WHERE pensum='5' AND c_uni_ca='3' AND c_asigna='300105' [1][0] OK
C:[11/05/2017 12:11:51.09][172.16.4.254][1352] SELECT pre_cod_asig1,pre_cod_asig2,pre_cod_asig3,pre_cod_asig4,pre_cod_asig5,pre_cod_asig6,pre_cod_asig7 FROM tblaca009 WHERE pensum='5' AND c_uni_ca='3' AND c_asigna='300112' [1][0] OK
C:[11/05/2017 12:11:51.09][172.16.4.254][1352] SELECT pre_cod_asig1,pre_cod_asig2,pre_cod_asig3,pre_cod_asig4,pre_cod_asig5,pre_cod_asig6,pre_cod_asig7 FROM tblaca009 WHERE pensum='5' AND c_uni_ca='3' AND c_asigna='300113' [1][0] OK
C:[11/05/2017 12:11:51.09][172.16.4.254][1352] SELECT pre_cod_asig1,pre_cod_asig2,pre_cod_asig3,pre_cod_asig4,pre_cod_asig5,pre_cod_asig6,pre_cod_asig7 FROM tblaca009 WHERE pensum='5' AND c_uni_ca='3' AND c_asigna='300116' [1][0] OK
C:[11/05/2017 12:11:51.09][172.16.4.254][1352] SELECT pre_cod_asig1,pre_cod_asig2,pre_cod_asig3,pre_cod_asig4,pre_cod_asig5,pre_cod_asig6,pre_cod_asig7 FROM tblaca009 WHERE pensum='5' AND c_uni_ca='3' AND c_asigna='300314' [1][0] OK
C:[11/05/2017 12:11:51.09][172.16.4.254][1365] SELECT c_asigna FROM dace004 WHERE exp_e='16-25934925' AND c_asigna='300106' AND status IN ('0','3','B') [1][0] OK
C:[11/05/2017 12:11:52.96][172.16.4.254][1396] SELECT par_cod_asig1,par_cod_asig2,par_cod_asig3 FROM tblaca009 WHERE pensum='5' AND c_uni_ca='3' AND c_asigna='300101' [1][0] OK
C:[11/05/2017 12:11:52.96][172.16.4.254][1396] SELECT par_cod_asig1,par_cod_asig2,par_cod_asig3 FROM tblaca009 WHERE pensum='5' AND c_uni_ca='3' AND c_asigna='300105' [1][0] OK
C:[11/05/2017 12:11:52.96][172.16.4.254][1396] SELECT par_cod_asig1,par_cod_asig2,par_cod_asig3 FROM tblaca009 WHERE pensum='5' AND c_uni_ca='3' AND c_asigna='300112' [1][0] OK
C:[11/05/2017 12:11:52.96][172.16.4.254][1396] SELECT par_cod_asig1,par_cod_asig2,par_cod_asig3 FROM tblaca009 WHERE pensum='5' AND c_uni_ca='3' AND c_asigna='300113' [1][0] OK
C:[11/05/2017 12:11:52.96][172.16.4.254][1410] SELECT c_asigna FROM dace004 WHERE exp_e='16-25934925' AND c_asigna='300013' AND status IN ('0','3','B','C') [1][0] OK
C:[11/05/2017 12:11:52.96][172.16.4.254][1396] SELECT par_cod_asig1,par_cod_asig2,par_cod_asig3 FROM tblaca009 WHERE pensum='5' AND c_uni_ca='3' AND c_asigna='300116' [1][0] OK
C:[11/05/2017 12:11:52.96][172.16.4.254][1396] SELECT par_cod_asig1,par_cod_asig2,par_cod_asig3 FROM tblaca009 WHERE pensum='5' AND c_uni_ca='3' AND c_asigna='300314' [1][0] OK
C:[11/05/2017 12:11:52.85][172.16.4.254][1526] SELECT horas_lab FROM tblaca008 WHERE c_asigna='300101' AND horas_teoricas > 0 [1][0] OK
C:[11/05/2017 12:11:52.85][172.16.4.254][1526] SELECT horas_lab FROM tblaca008 WHERE c_asigna='300105' AND horas_teoricas > 0 [1][0] OK
C:[11/05/2017 12:11:52.85][172.16.4.254][1526] SELECT horas_lab FROM tblaca008 WHERE c_asigna='300112' AND horas_teoricas > 0 [1][0] OK
C:[11/05/2017 12:11:52.85][172.16.4.254][1526] SELECT horas_lab FROM tblaca008 WHERE c_asigna='300113' AND horas_teoricas > 0 [0][0] OK
C:[11/05/2017 12:11:52.85][172.16.4.254][1526] SELECT horas_lab FROM tblaca008 WHERE c_asigna='300116' AND horas_teoricas > 0 [1][0] OK
C:[11/05/2017 12:11:52.85][172.16.4.254][1526] SELECT horas_lab FROM tblaca008 WHERE c_asigna='300314' AND horas_teoricas > 0 [0][0] OK
C:[11/05/2017 12:18:59.47][172.16.4.254][1352] SELECT pre_cod_asig1,pre_cod_asig2,pre_cod_asig3,pre_cod_asig4,pre_cod_asig5,pre_cod_asig6,pre_cod_asig7 FROM tblaca009 WHERE pensum='5' AND c_uni_ca='3' AND c_asigna='300101' [1][0] OK
C:[11/05/2017 12:18:59.47][172.16.4.254][1352] SELECT pre_cod_asig1,pre_cod_asig2,pre_cod_asig3,pre_cod_asig4,pre_cod_asig5,pre_cod_asig6,pre_cod_asig7 FROM tblaca009 WHERE pensum='5' AND c_uni_ca='3' AND c_asigna='300105' [1][0] OK
C:[11/05/2017 12:18:59.47][172.16.4.254][1352] SELECT pre_cod_asig1,pre_cod_asig2,pre_cod_asig3,pre_cod_asig4,pre_cod_asig5,pre_cod_asig6,pre_cod_asig7 FROM tblaca009 WHERE pensum='5' AND c_uni_ca='3' AND c_asigna='300112' [1][0] OK
C:[11/05/2017 12:18:59.47][172.16.4.254][1352] SELECT pre_cod_asig1,pre_cod_asig2,pre_cod_asig3,pre_cod_asig4,pre_cod_asig5,pre_cod_asig6,pre_cod_asig7 FROM tblaca009 WHERE pensum='5' AND c_uni_ca='3' AND c_asigna='300113' [1][0] OK
C:[11/05/2017 12:18:59.47][172.16.4.254][1352] SELECT pre_cod_asig1,pre_cod_asig2,pre_cod_asig3,pre_cod_asig4,pre_cod_asig5,pre_cod_asig6,pre_cod_asig7 FROM tblaca009 WHERE pensum='5' AND c_uni_ca='3' AND c_asigna='300116' [1][0] OK
C:[11/05/2017 12:18:59.47][172.16.4.254][1352] SELECT pre_cod_asig1,pre_cod_asig2,pre_cod_asig3,pre_cod_asig4,pre_cod_asig5,pre_cod_asig6,pre_cod_asig7 FROM tblaca009 WHERE pensum='5' AND c_uni_ca='3' AND c_asigna='300314' [1][0] OK
C:[11/05/2017 12:18:59.47][172.16.4.254][1365] SELECT c_asigna FROM dace004 WHERE exp_e='16-25934925' AND c_asigna='300106' AND status IN ('0','3','B') [1][0] OK
C:[11/05/2017 12:18:59.34][172.16.4.254][1396] SELECT par_cod_asig1,par_cod_asig2,par_cod_asig3 FROM tblaca009 WHERE pensum='5' AND c_uni_ca='3' AND c_asigna='300101' [1][0] OK
C:[11/05/2017 12:18:59.34][172.16.4.254][1396] SELECT par_cod_asig1,par_cod_asig2,par_cod_asig3 FROM tblaca009 WHERE pensum='5' AND c_uni_ca='3' AND c_asigna='300105' [1][0] OK
C:[11/05/2017 12:18:59.34][172.16.4.254][1396] SELECT par_cod_asig1,par_cod_asig2,par_cod_asig3 FROM tblaca009 WHERE pensum='5' AND c_uni_ca='3' AND c_asigna='300112' [1][0] OK
C:[11/05/2017 12:18:59.34][172.16.4.254][1396] SELECT par_cod_asig1,par_cod_asig2,par_cod_asig3 FROM tblaca009 WHERE pensum='5' AND c_uni_ca='3' AND c_asigna='300113' [1][0] OK
C:[11/05/2017 12:18:59.34][172.16.4.254][1410] SELECT c_asigna FROM dace004 WHERE exp_e='16-25934925' AND c_asigna='300013' AND status IN ('0','3','B','C') [1][0] OK
C:[11/05/2017 12:18:59.34][172.16.4.254][1396] SELECT par_cod_asig1,par_cod_asig2,par_cod_asig3 FROM tblaca009 WHERE pensum='5' AND c_uni_ca='3' AND c_asigna='300116' [1][0] OK
C:[11/05/2017 12:18:59.34][172.16.4.254][1396] SELECT par_cod_asig1,par_cod_asig2,par_cod_asig3 FROM tblaca009 WHERE pensum='5' AND c_uni_ca='3' AND c_asigna='300314' [1][0] OK
C:[11/05/2017 12:18:59.25][172.16.4.254][1526] SELECT horas_lab FROM tblaca008 WHERE c_asigna='300101' AND horas_teoricas > 0 [1][0] OK
C:[11/05/2017 12:18:59.25][172.16.4.254][1526] SELECT horas_lab FROM tblaca008 WHERE c_asigna='300105' AND horas_teoricas > 0 [1][0] OK
C:[11/05/2017 12:18:59.25][172.16.4.254][1526] SELECT horas_lab FROM tblaca008 WHERE c_asigna='300112' AND horas_teoricas > 0 [1][0] OK
C:[11/05/2017 12:18:59.25][172.16.4.254][1526] SELECT horas_lab FROM tblaca008 WHERE c_asigna='300113' AND horas_teoricas > 0 [0][0] OK
C:[11/05/2017 12:18:59.25][172.16.4.254][1526] SELECT horas_lab FROM tblaca008 WHERE c_asigna='300116' AND horas_teoricas > 0 [1][0] OK
C:[11/05/2017 12:18:59.25][172.16.4.254][1526] SELECT horas_lab FROM tblaca008 WHERE c_asigna='300314' AND horas_teoricas > 0 [0][0] OK
C:[11/05/2017 14:34:54.74][172.16.4.132][1352] SELECT pre_cod_asig1,pre_cod_asig2,pre_cod_asig3,pre_cod_asig4,pre_cod_asig5,pre_cod_asig6,pre_cod_asig7 FROM tblaca009 WHERE pensum='5' AND c_uni_ca='4' AND c_asigna='300013' [1][0] OK
C:[11/05/2017 14:34:54.74][172.16.4.132][1352] SELECT pre_cod_asig1,pre_cod_asig2,pre_cod_asig3,pre_cod_asig4,pre_cod_asig5,pre_cod_asig6,pre_cod_asig7 FROM tblaca009 WHERE pensum='5' AND c_uni_ca='4' AND c_asigna='300113' [1][0] OK
C:[11/05/2017 14:34:54.74][172.16.4.132][1352] SELECT pre_cod_asig1,pre_cod_asig2,pre_cod_asig3,pre_cod_asig4,pre_cod_asig5,pre_cod_asig6,pre_cod_asig7 FROM tblaca009 WHERE pensum='5' AND c_uni_ca='4' AND c_asigna='300207' [1][0] OK
C:[11/05/2017 14:34:54.74][172.16.4.132][1365] SELECT c_asigna FROM dace004 WHERE exp_e='10-23805411' AND c_asigna='300101' AND status IN ('0','3','B') [1][0] OK
C:[11/05/2017 14:34:54.74][172.16.4.132][1352] SELECT pre_cod_asig1,pre_cod_asig2,pre_cod_asig3,pre_cod_asig4,pre_cod_asig5,pre_cod_asig6,pre_cod_asig7 FROM tblaca009 WHERE pensum='5' AND c_uni_ca='4' AND c_asigna='300209' [1][0] OK
C:[11/05/2017 14:34:54.74][172.16.4.132][1365] SELECT c_asigna FROM dace004 WHERE exp_e='10-23805411' AND c_asigna='300101' AND status IN ('0','3','B') [1][0] OK
C:[11/05/2017 14:34:54.74][172.16.4.132][1352] SELECT pre_cod_asig1,pre_cod_asig2,pre_cod_asig3,pre_cod_asig4,pre_cod_asig5,pre_cod_asig6,pre_cod_asig7 FROM tblaca009 WHERE pensum='5' AND c_uni_ca='4' AND c_asigna='300222' [1][0] OK
C:[11/05/2017 14:34:54.74][172.16.4.132][1365] SELECT c_asigna FROM dace004 WHERE exp_e='10-23805411' AND c_asigna='300112' AND status IN ('0','3','B') [1][0] OK
C:[11/05/2017 14:34:54.73][172.16.4.132][1396] SELECT par_cod_asig1,par_cod_asig2,par_cod_asig3 FROM tblaca009 WHERE pensum='5' AND c_uni_ca='4' AND c_asigna='300013' [1][0] OK
C:[11/05/2017 14:34:54.73][172.16.4.132][1396] SELECT par_cod_asig1,par_cod_asig2,par_cod_asig3 FROM tblaca009 WHERE pensum='5' AND c_uni_ca='4' AND c_asigna='300113' [1][0] OK
C:[11/05/2017 14:34:54.73][172.16.4.132][1410] SELECT c_asigna FROM dace004 WHERE exp_e='10-23805411' AND c_asigna='300013' AND status IN ('0','3','B','C') [0][0] OK
C:[11/05/2017 14:34:54.73][172.16.4.132][1396] SELECT par_cod_asig1,par_cod_asig2,par_cod_asig3 FROM tblaca009 WHERE pensum='5' AND c_uni_ca='4' AND c_asigna='300207' [1][0] OK
C:[11/05/2017 14:34:54.73][172.16.4.132][1396] SELECT par_cod_asig1,par_cod_asig2,par_cod_asig3 FROM tblaca009 WHERE pensum='5' AND c_uni_ca='4' AND c_asigna='300209' [1][0] OK
C:[11/05/2017 14:34:54.73][172.16.4.132][1396] SELECT par_cod_asig1,par_cod_asig2,par_cod_asig3 FROM tblaca009 WHERE pensum='5' AND c_uni_ca='4' AND c_asigna='300222' [1][0] OK
C:[11/05/2017 14:34:54.08][172.16.4.132][1526] SELECT horas_lab FROM tblaca008 WHERE c_asigna='300013' AND horas_teoricas > 0 [1][0] OK
C:[11/05/2017 14:34:54.08][172.16.4.132][1526] SELECT horas_lab FROM tblaca008 WHERE c_asigna='300113' AND horas_teoricas > 0 [0][0] OK
C:[11/05/2017 14:34:54.08][172.16.4.132][1526] SELECT horas_lab FROM tblaca008 WHERE c_asigna='300207' AND horas_teoricas > 0 [1][0] OK
C:[11/05/2017 14:34:54.08][172.16.4.132][1526] SELECT horas_lab FROM tblaca008 WHERE c_asigna='300209' AND horas_teoricas > 0 [1][0] OK
C:[11/05/2017 14:34:54.08][172.16.4.132][1526] SELECT horas_lab FROM tblaca008 WHERE c_asigna='300222' AND horas_teoricas > 0 [1][0] OK
C:[21/06/2017 08:55:25.99][172.16.4.223][1352] SELECT pre_cod_asig1,pre_cod_asig2,pre_cod_asig3,pre_cod_asig4,pre_cod_asig5,pre_cod_asig6,pre_cod_asig7 FROM tblaca009 WHERE pensum='5' AND c_uni_ca='5' AND c_asigna='300207' [1][0] OK
C:[21/06/2017 08:55:25.99][172.16.4.223][1365] SELECT c_asigna FROM dace004 WHERE exp_e='13-24037501' AND c_asigna='300101' AND status IN ('0','3','B') [1][0] OK
C:[21/06/2017 08:55:25.99][172.16.4.223][1352] SELECT pre_cod_asig1,pre_cod_asig2,pre_cod_asig3,pre_cod_asig4,pre_cod_asig5,pre_cod_asig6,pre_cod_asig7 FROM tblaca009 WHERE pensum='5' AND c_uni_ca='5' AND c_asigna='300209' [1][0] OK
C:[21/06/2017 08:55:25.99][172.16.4.223][1365] SELECT c_asigna FROM dace004 WHERE exp_e='13-24037501' AND c_asigna='300101' AND status IN ('0','3','B') [1][0] OK
C:[21/06/2017 08:55:25.99][172.16.4.223][1352] SELECT pre_cod_asig1,pre_cod_asig2,pre_cod_asig3,pre_cod_asig4,pre_cod_asig5,pre_cod_asig6,pre_cod_asig7 FROM tblaca009 WHERE pensum='5' AND c_uni_ca='5' AND c_asigna='300228' [1][0] OK
C:[21/06/2017 08:55:25.99][172.16.4.223][1365] SELECT c_asigna FROM dace004 WHERE exp_e='13-24037501' AND c_asigna='300101' AND status IN ('0','3','B') [1][0] OK
C:[21/06/2017 08:55:26.30][172.16.4.223][1396] SELECT par_cod_asig1,par_cod_asig2,par_cod_asig3 FROM tblaca009 WHERE pensum='5' AND c_uni_ca='5' AND c_asigna='300207' [1][0] OK
C:[21/06/2017 08:55:26.30][172.16.4.223][1396] SELECT par_cod_asig1,par_cod_asig2,par_cod_asig3 FROM tblaca009 WHERE pensum='5' AND c_uni_ca='5' AND c_asigna='300209' [1][0] OK
C:[21/06/2017 08:55:26.30][172.16.4.223][1396] SELECT par_cod_asig1,par_cod_asig2,par_cod_asig3 FROM tblaca009 WHERE pensum='5' AND c_uni_ca='5' AND c_asigna='300228' [1][0] OK
C:[21/06/2017 08:55:26.71][172.16.4.223][1526] SELECT horas_lab FROM tblaca008 WHERE c_asigna='300207' AND horas_teoricas > 0 [1][0] OK
C:[21/06/2017 08:55:26.71][172.16.4.223][1526] SELECT horas_lab FROM tblaca008 WHERE c_asigna='300209' AND horas_teoricas > 0 [1][0] OK
C:[21/06/2017 08:55:26.71][172.16.4.223][1526] SELECT horas_lab FROM tblaca008 WHERE c_asigna='300228' AND horas_teoricas > 0 [1][0] OK
C:[21/06/2017 09:10:09.90][172.16.4.223][1352] SELECT pre_cod_asig1,pre_cod_asig2,pre_cod_asig3,pre_cod_asig4,pre_cod_asig5,pre_cod_asig6,pre_cod_asig7 FROM tblaca009 WHERE pensum='5' AND c_uni_ca='5' AND c_asigna='300013' [1][0] OK
C:[21/06/2017 09:10:09.03][172.16.4.223][1396] SELECT par_cod_asig1,par_cod_asig2,par_cod_asig3 FROM tblaca009 WHERE pensum='5' AND c_uni_ca='5' AND c_asigna='300013' [1][0] OK
C:[21/06/2017 09:10:09.16][172.16.4.223][1526] SELECT horas_lab FROM tblaca008 WHERE c_asigna='300013' AND horas_teoricas > 0 [1][0] OK
